Archive member included to satisfy reference by file (symbol)

D:/devkitPro/libogc/lib/wii\libwiiuse.a(wpad.o)
                              main.o (WPAD_SetDataFormat)
D:/devkitPro/libogc/lib/wii\libwiiuse.a(motion_plus.o)
                              D:/devkitPro/libogc/lib/wii\libwiiuse.a(wpad.o) (wiiuse_set_motion_plus)
D:/devkitPro/libogc/lib/wii\libwiiuse.a(dynamics.o)
                              D:/devkitPro/libogc/lib/wii\libwiiuse.a(wpad.o) (calculate_gforce)
D:/devkitPro/libogc/lib/wii\libwiiuse.a(io.o)
                              D:/devkitPro/libogc/lib/wii\libwiiuse.a(motion_plus.o) (wiiuse_disable_expansion)
D:/devkitPro/libogc/lib/wii\libwiiuse.a(io_wii.o)
                              D:/devkitPro/libogc/lib/wii\libwiiuse.a(wpad.o) (__wiiuse_sensorbar_enable)
D:/devkitPro/libogc/lib/wii\libwiiuse.a(ir.o)
                              D:/devkitPro/libogc/lib/wii\libwiiuse.a(motion_plus.o) (wiiuse_set_ir_mode)
D:/devkitPro/libogc/lib/wii\libwiiuse.a(nunchuk.o)
                              D:/devkitPro/libogc/lib/wii\libwiiuse.a(io.o) (nunchuk_handshake)
D:/devkitPro/libogc/lib/wii\libwiiuse.a(wiiboard.o)
                              D:/devkitPro/libogc/lib/wii\libwiiuse.a(io.o) (wii_board_handshake)
D:/devkitPro/libogc/lib/wii\libwiiuse.a(wiiuse.o)
                              D:/devkitPro/libogc/lib/wii\libwiiuse.a(wpad.o) (wiiuse_init)
D:/devkitPro/libogc/lib/wii\libwiiuse.a(speaker.o)
                              D:/devkitPro/libogc/lib/wii\libwiiuse.a(wpad.o) (wencdata)
D:/devkitPro/libogc/lib/wii\libwiiuse.a(classic.o)
                              D:/devkitPro/libogc/lib/wii\libwiiuse.a(io.o) (classic_ctrl_handshake)
D:/devkitPro/libogc/lib/wii\libwiiuse.a(events.o)
                              D:/devkitPro/libogc/lib/wii\libwiiuse.a(io_wii.o) (parse_event)
D:/devkitPro/libogc/lib/wii\libwiiuse.a(guitar_hero_3.o)
                              D:/devkitPro/libogc/lib/wii\libwiiuse.a(io.o) (guitar_hero_3_handshake)
D:/devkitPro/libogc/lib/wii\libbte.a(bte.o)
                              D:/devkitPro/libogc/lib/wii\libwiiuse.a(wpad.o) (BTE_Init)
D:/devkitPro/libogc/lib/wii\libbte.a(hci.o)
                              D:/devkitPro/libogc/lib/wii\libbte.a(bte.o) (hci_init)
D:/devkitPro/libogc/lib/wii\libbte.a(l2cap.o)
                              D:/devkitPro/libogc/lib/wii\libbte.a(bte.o) (l2cap_init)
D:/devkitPro/libogc/lib/wii\libbte.a(btmemb.o)
                              D:/devkitPro/libogc/lib/wii\libbte.a(bte.o) (btmemb_init)
D:/devkitPro/libogc/lib/wii\libbte.a(btmemr.o)
                              D:/devkitPro/libogc/lib/wii\libbte.a(hci.o) (btmemr_init)
D:/devkitPro/libogc/lib/wii\libbte.a(btpbuf.o)
                              D:/devkitPro/libogc/lib/wii\libbte.a(hci.o) (btpbuf_init)
D:/devkitPro/libogc/lib/wii\libbte.a(physbusif.o)
                              D:/devkitPro/libogc/lib/wii\libbte.a(bte.o) (physbusif_init)
D:/devkitPro/libogc/lib/wii\libogc.a(lwp_queue.o)
                              D:/devkitPro/libogc/lib/wii\libwiiuse.a(io_wii.o) (__lwp_queue_initialize)
D:/devkitPro/libogc/lib/wii\libogc.a(lwp_threads.o)
                              D:/devkitPro/libogc/lib/wii\libwiiuse.a(wpad.o) (_thread_dispatch_disable_level)
D:/devkitPro/libogc/lib/wii\libogc.a(lwp.o)
                              D:/devkitPro/libogc/lib/wii\libbte.a(bte.o) (LWP_InitQueue)
D:/devkitPro/libogc/lib/wii\libogc.a(lwp_handler.o)
                              D:/devkitPro/libogc/lib/wii\libogc.a(lwp_threads.o) (_cpu_context_save_fp)
D:/devkitPro/libogc/lib/wii\libogc.a(lwp_stack.o)
                              D:/devkitPro/libogc/lib/wii\libogc.a(lwp_threads.o) (__lwp_stack_allocate)
D:/devkitPro/libogc/lib/wii\libogc.a(lwp_watchdog.o)
                              D:/devkitPro/libogc/lib/wii\libogc.a(lwp_threads.o) (_wd_ticks_queue)
D:/devkitPro/libogc/lib/wii\libogc.a(lwp_wkspace.o)
                              D:/devkitPro/libogc/lib/wii\libwiiuse.a(motion_plus.o) (__wkspace_heap)
D:/devkitPro/libogc/lib/wii\libogc.a(lwp_objmgr.o)
                              D:/devkitPro/libogc/lib/wii\libogc.a(lwp.o) (__lwp_objmgr_initinfo)
D:/devkitPro/libogc/lib/wii\libogc.a(lwp_heap.o)
                              D:/devkitPro/libogc/lib/wii\libogc.a(lwp_wkspace.o) (__lwp_heap_init)
D:/devkitPro/libogc/lib/wii\libogc.a(sys_state.o)
                              D:/devkitPro/libogc/lib/wii\libogc.a(lwp_threads.o) (_sys_state_curr)
D:/devkitPro/libogc/lib/wii\libogc.a(irq.o)
                              D:/devkitPro/libogc/lib/wii\libwiiuse.a(io_wii.o) (IRQ_Disable)
D:/devkitPro/libogc/lib/wii\libogc.a(video.o)
                              graphics.o (VIDEO_Configure)
D:/devkitPro/libogc/lib/wii\libogc.a(cache_asm.o)
                              graphics.o (DCInvalidateRange)
D:/devkitPro/libogc/lib/wii\libogc.a(system.o)
                              D:/devkitPro/libogc/lib/wii\libwiiuse.a(wpad.o) (__SYS_DoPowerCB)
D:/devkitPro/libogc/lib/wii\libogc.a(system_asm.o)
[...]
Memory Configuration

Name             Origin             Length             Attributes
*default*        0x0000000000000000 0xffffffffffffffff

Linker script and memory map

                0x0000000000003400                . = 0x3400

.stub
 *(.stub)
                0x0000000080004000                . = 0x80004000

.init           0x0000000080004000      0x194
 *crt0.o(*.init)
 .init          0x0000000080004000      0x170 D:/devkitPro/libogc/lib/wii\libogc.a(ogc_crt0.o)
                0x0000000080004000                _start
                0x0000000080004140                _memset
 *(.init)
 .init          0x0000000080004170        0xc d:/devkitpro/devkitppc/bin/../lib/gcc/powerpc-eabi/8.3.0/ecrti.o
                0x0000000080004170                __init
 .init          0x000000008000417c        0x4 d:/devkitpro/devkitppc/bin/../lib/gcc/powerpc-eabi/8.3.0/crtbegin.o
 .init          0x0000000080004180        0x4 d:/devkitpro/devkitppc/bin/../lib/gcc/powerpc-eabi/8.3.0/crtend.o
 .init          0x0000000080004184       0x10 d:/devkitpro/devkitppc/bin/../lib/gcc/powerpc-eabi/8.3.0/ecrtn.o

.rela.dyn       0x0000000080004194        0x0
 .rela.iplt     0x0000000080004194        0x0 D:/devkitPro/libogc/lib/wii\libbte.a(l2cap.o)

.plt
 *(.plt)

.interp
 *(.interp)

.hash
 *(.hash)

.dynsym
 *(.dynsym)

.dynstr
 *(.dynstr)

.gnu.version
 *(.gnu.version)

.gnu.version_d
 *(.gnu.version_d)

.gnu.version_r
 *(.gnu.version_r)

.rel.init
 *(.rel.init)

.rela.init      0x0000000080004194        0x0
 *(.rela.init)
 .rela.init     0x0000000080004194        0x0 D:/devkitPro/libogc/lib/wii\libbte.a(l2cap.o)

.rel.text
 *(.rel.text .rel.text.* .rel.gnu.linkonce.t.*)

.rela.text      0x0000000080004194        0x0
 *(.rela.text .rela.text.* .rela.gnu.linkonce.t.*)
 .rela.text.deregister_tm_clones
                0x0000000080004194        0x0 D:/devkitPro/libogc/lib/wii\libbte.a(l2cap.o)
 .rela.text.register_tm_clones
                0x0000000080004194        0x0 D:/devkitPro/libogc/lib/wii\libbte.a(l2cap.o)
 .rela.text.wiiuse_handshake
                0x0000000080004194        0x0 D:/devkitPro/libogc/lib/wii\libbte.a(l2cap.o)
 .rela.text.wiiuse_handshake_expansion
                0x0000000080004194        0x0 D:/devkitPro/libogc/lib/wii\libbte.a(l2cap.o)
 .rela.text.wiiuse_init_cmd_queue
                0x0000000080004194        0x0 D:/devkitPro/libogc/lib/wii\libbte.a(l2cap.o)
 .rela.text.wiiuse_init
                0x0000000080004194        0x0 D:/devkitPro/libogc/lib/wii\libbte.a(l2cap.o)
 .rela.text.__lwp_thread_tickle_timeslice
                0x0000000080004194        0x0 D:/devkitPro/libogc/lib/wii\libbte.a(l2cap.o)
 .rela.text.__lwp_thread_setstate
                0x0000000080004194        0x0 D:/devkitPro/libogc/lib/wii\libbte.a(l2cap.o)
 .rela.text.__lwp_thread_suspend
                0x0000000080004194        0x0 D:/devkitPro/libogc/lib/wii\libbte.a(l2cap.o)
 .rela.text.__lwp_thread_changepriority
                0x0000000080004194        0x0 D:/devkitPro/libogc/lib/wii\libbte.a(l2cap.o)
 .rela.text.__lwp_thread_ready
                0x0000000080004194        0x0 D:/devkitPro/libogc/lib/wii\libbte.a(l2cap.o)
 .rela.text.__lwp_thread_init
                0x0000000080004194        0x0 D:/devkitPro/libogc/lib/wii\libbte.a(l2cap.o)
 .rela.text.__lwp_thread_close
                0x0000000080004194        0x0 D:/devkitPro/libogc/lib/wii\libbte.a(l2cap.o)
 .rela.text.__lwp_thread_closeall
                0x0000000080004194        0x0 D:/devkitPro/libogc/lib/wii\libbte.a(l2cap.o)
 .rela.text.__lwp_thread_startmultitasking
                0x0000000080004194        0x0 D:/devkitPro/libogc/lib/wii\libbte.a(l2cap.o)
 .rela.text.__lwp_thread_stopmultitasking
                0x0000000080004194        0x0 D:/devkitPro/libogc/lib/wii\libbte.a(l2cap.o)
 .rela.text.__lwp_thread_coreinit
                0x0000000080004194        0x0 D:/devkitPro/libogc/lib/wii\libbte.a(l2cap.o)
 .rela.text.__lwp_sysinit
                0x0000000080004194        0x0 D:/devkitPro/libogc/lib/wii\libbte.a(l2cap.o)
 .rela.text.LWP_SuspendThread
                0x0000000080004194        0x0 D:/devkitPro/libogc/lib/wii\libbte.a(l2cap.o)
 .rela.text.LWP_ResumeThread
                0x0000000080004194        0x0 D:/devkitPro/libogc/lib/wii\libbte.a(l2cap.o)
 .rela.text.LWP_InitQueue
                0x0000000080004194        0x0 D:/devkitPro/libogc/lib/wii\libbte.a(l2cap.o)
 .rela.text.LWP_CloseQueue
                0x0000000080004194        0x0 D:/devkitPro/libogc/lib/wii\libbte.a(l2cap.o)
 .rela.text.LWP_ThreadSleep
                0x0000000080004194        0x0 D:/devkitPro/libogc/lib/wii\libbte.a(l2cap.o)
 .rela.text.LWP_ThreadBroadcast
                0x0000000080004194        0x0 D:/devkitPro/libogc/lib/wii\libbte.a(l2cap.o)
 .rela.text.LWP_ThreadSignal
                0x0000000080004194        0x0 D:/devkitPro/libogc/lib/wii\libbte.a(l2cap.o)
 .rela.text.__lwp_stack_allocate
                0x0000000080004194        0x0 D:/devkitPro/libogc/lib/wii\libbte.a(l2cap.o)
 .rela.text.__lwp_stack_free
                0x0000000080004194        0x0 D:/devkitPro/libogc/lib/wii\libbte.a(l2cap.o)
 .rela.text.__lwp_watchdog_init
                0x0000000080004194        0x0 D:/devkitPro/libogc/lib/wii\libbte.a(l2cap.o)
 .rela.text.__lwp_wd_tickle
                0x0000000080004194        0x0 D:/devkitPro/libogc/lib/wii\libbte.a(l2cap.o)
 .rela.text.__lwp_wkspace_init
                0x0000000080004194        0x0 D:/devkitPro/libogc/lib/wii\libbte.a(l2cap.o)
 .rela.text.__lwp_objmgr_initinfo
                0x0000000080004194        0x0 D:/devkitPro/libogc/lib/wii\libbte.a(l2cap.o)
 .rela.text.__irq_init
                0x0000000080004194        0x0 D:/devkitPro/libogc/lib/wii\libbte.a(l2cap.o)
 .rela.text.__call_resetfuncs
                0x0000000080004194        0x0 D:/devkitPro/libogc/lib/wii\libbte.a(l2cap.o)
 .rela.text.__unlocksram
                0x0000000080004194        0x0 D:/devkitPro/libogc/lib/wii\libbte.a(l2cap.o)
 .rela.text.__sram_writecallback
                0x0000000080004194        0x0 D:/devkitPro/libogc/lib/wii\libbte.a(l2cap.o)
 .rela.text.__sys_alarmhandler
                0x0000000080004194        0x0 D:/devkitPro/libogc/lib/wii\libbte.a(l2cap.o)
 .rela.text.__sram_read.constprop.11
                0x0000000080004194        0x0 D:/devkitPro/libogc/lib/wii\libbte.a(l2cap.o)
 .rela.text.SYS_Init
                0x0000000080004194        0x0 D:/devkitPro/libogc/lib/wii\libbte.a(l2cap.o)
 .rela.text.SYS_SetAlarm
                0x0000000080004194        0x0 D:/devkitPro/libogc/lib/wii\libbte.a(l2cap.o)
 .rela.text.SYS_SetPeriodicAlarm
                0x0000000080004194        0x0 D:/devkitPro/libogc/lib/wii\libbte.a(l2cap.o)
 .rela.text.SYS_RemoveAlarm
                0x0000000080004194        0x0 D:/devkitPro/libogc/lib/wii\libbte.a(l2cap.o)
 .rela.text.SYS_CancelAlarm
                0x0000000080004194        0x0 D:/devkitPro/libogc/lib/wii\libbte.a(l2cap.o)
 .rela.text.SYS_SetWirelessID
                0x0000000080004194        0x0 D:/devkitPro/libogc/lib/wii\libbte.a(l2cap.o)
 .rela.text.SYS_GetWirelessID
                0x0000000080004194        0x0 D:/devkitPro/libogc/lib/wii\libbte.a(l2cap.o)
 .rela.text.__lwp_cond_init
                0x0000000080004194        0x0 D:/devkitPro/libogc/lib/wii\libbte.a(l2cap.o)
 .rela.text.__GX_InitRevBits
                0x0000000080004194        0x0 D:/devkitPro/libogc/lib/wii\libbte.a(l2cap.o)
 .rela.text.__GX_CleanGPFifo
                0x0000000080004194        0x0 D:/devkitPro/libogc/lib/wii\libbte.a(l2cap.o)
 .rela.text.__GXDefTexRegionCallback
                0x0000000080004194        0x0 D:/devkitPro/libogc/lib/wii\libbte.a(l2cap.o)
 .rela.text.__GXDefTlutRegionCallback
                0x0000000080004194        0x0 D:/devkitPro/libogc/lib/wii\libbte.a(l2cap.o)
 .rela.text.__SetSURegs
                0x0000000080004194        0x0 D:/devkitPro/libogc/lib/wii\libbte.a(l2cap.o)
 .rela.text.__GXCPInterruptHandler
                0x0000000080004194        0x0 D:/devkitPro/libogc/lib/wii\libbte.a(l2cap.o)
 .rela.text.__GX_Abort
                0x0000000080004194        0x0 D:/devkitPro/libogc/lib/wii\libbte.a(l2cap.o)
 .rela.text.GX_SetTexCoordGen2.part.7
                0x0000000080004194        0x0 D:/devkitPro/libogc/lib/wii\libbte.a(l2cap.o)
 .rela.text.__GX_SetDirtyState
                0x0000000080004194        0x0 D:/devkitPro/libogc/lib/wii\libbte.a(l2cap.o)
 .rela.text.GX_SetCPUFifo
                0x0000000080004194        0x0 D:/devkitPro/libogc/lib/wii\libbte.a(l2cap.o)
 .rela.text.GX_SetGPFifo
                0x0000000080004194        0x0 D:/devkitPro/libogc/lib/wii\libbte.a(l2cap.o)
 .rela.text.GX_Flush
                0x0000000080004194        0x0 D:/devkitPro/libogc/lib/wii\libbte.a(l2cap.o)
 .rela.text.__gx_onreset
                0x0000000080004194        0x0 D:/devkitPro/libogc/lib/wii\libbte.a(l2cap.o)
 .rela.text.GX_AbortFrame
                0x0000000080004194        0x0 D:/devkitPro/libogc/lib/wii\libbte.a(l2cap.o)
 .rela.text.GX_SetDispCopyGamma
                0x0000000080004194        0x0 D:/devkitPro/libogc/lib/wii\libbte.a(l2cap.o)
 .rela.text.GX_SetDispCopyYScale
                0x0000000080004194        0x0 D:/devkitPro/libogc/lib/wii\libbte.a(l2cap.o)
 .rela.text.GX_SetDispCopyDst
                0x0000000080004194        0x0 D:/devkitPro/libogc/lib/wii\libbte.a(l2cap.o)
 .rela.text.GX_SetDispCopySrc
                0x0000000080004194        0x0 D:/devkitPro/libogc/lib/wii\libbte.a(l2cap.o)
 .rela.text.GX_CopyDisp
                0x0000000080004194        0x0 D:/devkitPro/libogc/lib/wii\libbte.a(l2cap.o)
 .rela.text.GX_BeginDispList
                0x0000000080004194        0x0 D:/devkitPro/libogc/lib/wii\libbte.a(l2cap.o)
 .rela.text.GX_EndDispList
                0x0000000080004194        0x0 D:/devkitPro/libogc/lib/wii\libbte.a(l2cap.o)
 .rela.text.GX_CallDispList
                0x0000000080004194        0x0 D:/devkitPro/libogc/lib/wii\libbte.a(l2cap.o)
 .rela.text.GX_SetVtxDesc
                0x0000000080004194        0x0 D:/devkitPro/libogc/lib/wii\libbte.a(l2cap.o)
 .rela.text.GX_SetVtxAttrFmt
                0x0000000080004194        0x0 D:/devkitPro/libogc/lib/wii\libbte.a(l2cap.o)
 .rela.text.GX_Begin
                0x0000000080004194        0x0 D:/devkitPro/libogc/lib/wii\libbte.a(l2cap.o)
 .rela.text.GX_SetNumTexGens
                0x0000000080004194        0x0 D:/devkitPro/libogc/lib/wii\libbte.a(l2cap.o)
 .rela.text.GX_SetZMode
                0x0000000080004194        0x0 D:/devkitPro/libogc/lib/wii\libbte.a(l2cap.o)
 .rela.text.GX_InvalidateTexAll
                0x0000000080004194        0x0 D:/devkitPro/libogc/lib/wii\libbte.a(l2cap.o)
 .rela.text.GX_SetBlendMode
                0x0000000080004194        0x0 D:/devkitPro/libogc/lib/wii\libbte.a(l2cap.o)
 .rela.text.GX_ClearVtxDesc
                0x0000000080004194        0x0 D:/devkitPro/libogc/lib/wii\libbte.a(l2cap.o)
 .rela.text.GX_SetTevColorOp
                0x0000000080004194        0x0 D:/devkitPro/libogc/lib/wii\libbte.a(l2cap.o)
 .rela.text.GX_SetTevAlphaOp
                0x0000000080004194        0x0 D:/devkitPro/libogc/lib/wii\libbte.a(l2cap.o)
 .rela.text.GX_SetTevOp
                0x0000000080004194        0x0 D:/devkitPro/libogc/lib/wii\libbte.a(l2cap.o)
 .rela.text.GX_SetCullMode
                0x0000000080004194        0x0 D:/devkitPro/libogc/lib/wii\libbte.a(l2cap.o)
 .rela.text.GX_SetScissor
                0x0000000080004194        0x0 D:/devkitPro/libogc/lib/wii\libbte.a(l2cap.o)
 .rela.text.GX_SetNumChans
                0x0000000080004194        0x0 D:/devkitPro/libogc/lib/wii\libbte.a(l2cap.o)
 .rela.text.GX_SetTevOrder
                0x0000000080004194        0x0 D:/devkitPro/libogc/lib/wii\libbte.a(l2cap.o)
 .rela.text.GX_SetTevKColorSel
                0x0000000080004194        0x0 D:/devkitPro/libogc/lib/wii\libbte.a(l2cap.o)
 .rela.text.GX_SetTevKAlphaSel
                0x0000000080004194        0x0 D:/devkitPro/libogc/lib/wii\libbte.a(l2cap.o)
 .rela.text.GX_SetTevSwapModeTable
                0x0000000080004194        0x0 D:/devkitPro/libogc/lib/wii\libbte.a(l2cap.o)
 .rela.text.GX_SetColorUpdate
                0x0000000080004194        0x0 D:/devkitPro/libogc/lib/wii\libbte.a(l2cap.o)
 .rela.text.GX_SetPixelFmt
                0x0000000080004194        0x0 D:/devkitPro/libogc/lib/wii\libbte.a(l2cap.o)
 .rela.text.GX_SetFieldMode
                0x0000000080004194        0x0 D:/devkitPro/libogc/lib/wii\libbte.a(l2cap.o)
 .rela.text.GX_SetGPMetric
                0x0000000080004194        0x0 D:/devkitPro/libogc/lib/wii\libbte.a(l2cap.o)
 .rela.text.GX_Init
                0x0000000080004194        0x0 D:/devkitPro/libogc/lib/wii\libbte.a(l2cap.o)
 .rela.text.c_decrementer_handler
                0x0000000080004194        0x0 D:/devkitPro/libogc/lib/wii\libbte.a(l2cap.o)
 .rela.text.__lwp_mqbox_init
                0x0000000080004194        0x0 D:/devkitPro/libogc/lib/wii\libbte.a(l2cap.o)
 .rela.text.__ios_ioctlvformat_parse
                0x0000000080004194        0x0 D:/devkitPro/libogc/lib/wii\libbte.a(l2cap.o)
 .rela.text.__ioctlvfmtCB
                0x0000000080004194        0x0 D:/devkitPro/libogc/lib/wii\libbte.a(l2cap.o)
 .rela.text.IOS_IoctlvFormat
                0x0000000080004194        0x0 D:/devkitPro/libogc/lib/wii\libbte.a(l2cap.o)
 .rela.text.__libogc_nanosleep
                0x0000000080004194        0x0 D:/devkitPro/libogc/lib/wii\libbte.a(l2cap.o)
 .rela.text.__libc_delete_hook
                0x0000000080004194        0x0 D:/devkitPro/libogc/lib/wii\libbte.a(l2cap.o)
 .rela.text.__libc_init
                0x0000000080004194        0x0 D:/devkitPro/libogc/lib/wii\libbte.a(l2cap.o)
 .rela.text.__CheckARGV
                0x0000000080004194        0x0 D:/devkitPro/libogc/lib/wii\libbte.a(l2cap.o)
 .rela.text.__lwp_priority_init
                0x0000000080004194        0x0 D:/devkitPro/libogc/lib/wii\libbte.a(l2cap.o)
 .rela.text.__lwp_threadqueue_enqueuefifo
                0x0000000080004194        0x0 D:/devkitPro/libogc/lib/wii\libbte.a(l2cap.o)
 .rela.text.__lwp_threadqueue_dequeuefifo
                0x0000000080004194        0x0 D:/devkitPro/libogc/lib/wii\libbte.a(l2cap.o)
 .rela.text.__lwp_threadqueue_enqueuepriority
                0x0000000080004194        0x0 D:/devkitPro/libogc/lib/wii\libbte.a(l2cap.o)
 .rela.text.__lwp_threadqueue_dequeuepriority
                0x0000000080004194        0x0 D:/devkitPro/libogc/lib/wii\libbte.a(l2cap.o)
 .rela.text.__lwp_threadqueue_enqueue
                0x0000000080004194        0x0 D:/devkitPro/libogc/lib/wii\libbte.a(l2cap.o)
 .rela.text.__lwp_threadqueue_extractfifo
                0x0000000080004194        0x0 D:/devkitPro/libogc/lib/wii\libbte.a(l2cap.o)
 .rela.text.__lwp_threadqueue_extractpriority
                0x0000000080004194        0x0 D:/devkitPro/libogc/lib/wii\libbte.a(l2cap.o)
 .rela.text.__exception_init
                0x0000000080004194        0x0 D:/devkitPro/libogc/lib/wii\libbte.a(l2cap.o)
 .rela.text.__exception_close
                0x0000000080004194        0x0 D:/devkitPro/libogc/lib/wii\libbte.a(l2cap.o)
 .rela.text     0x0000000080004194        0x0 D:/devkitPro/libogc/lib/wii\libbte.a(l2cap.o)
 .rela.text.__lwp_sema_init
                0x0000000080004194        0x0 D:/devkitPro/libogc/lib/wii\libbte.a(l2cap.o)
 .rela.text.__lwp_mutex_locksupp.constprop.8
                0x0000000080004194        0x0 D:/devkitPro/libogc/lib/wii\libbte.a(l2cap.o)
 .rela.text.__lwp_mutex_init
                0x0000000080004194        0x0 D:/devkitPro/libogc/lib/wii\libbte.a(l2cap.o)
 .rela.text.LWP_MutexInit
                0x0000000080004194        0x0 D:/devkitPro/libogc/lib/wii\libbte.a(l2cap.o)
 .rela.text.LWP_MutexDestroy
                0x0000000080004194        0x0 D:/devkitPro/libogc/lib/wii\libbte.a(l2cap.o)
 .rela.text.LWP_MutexUnlock
                0x0000000080004194        0x0 D:/devkitPro/libogc/lib/wii\libbte.a(l2cap.o)
 .rela.text.kprintf
                0x0000000080004194        0x0 D:/devkitPro/libogc/lib/wii\libbte.a(l2cap.o)
 .rela.text._Znwj
                0x0000000080004194        0x0 D:/devkitPro/libogc/lib/wii\libbte.a(l2cap.o)
 .rela.text._ZNSt9bad_allocD2Ev
                0x0000000080004194        0x0 D:/devkitPro/libogc/lib/wii\libbte.a(l2cap.o)
 .rela.text._ZNSt9bad_allocD0Ev
                0x0000000080004194        0x0 D:/devkitPro/libogc/lib/wii\libbte.a(l2cap.o)
 .rela.text.__gxx_personality_v0
                0x0000000080004194        0x0 D:/devkitPro/libogc/lib/wii\libbte.a(l2cap.o)
 .rela.text.__cxa_call_unexpected
                0x0000000080004194        0x0 D:/devkitPro/libogc/lib/wii\libbte.a(l2cap.o)
 .rela.text._ZN9__gnu_cxx24__concurrence_lock_errorD2Ev
                0x0000000080004194        0x0 D:/devkitPro/libogc/lib/wii\libbte.a(l2cap.o)
 .rela.text._ZN9__gnu_cxx26__concurrence_unlock_errorD2Ev
                0x0000000080004194        0x0 D:/devkitPro/libogc/lib/wii\libbte.a(l2cap.o)
 .rela.text._ZN9__gnu_cxx24__concurrence_lock_errorD0Ev
                0x0000000080004194        0x0 D:/devkitPro/libogc/lib/wii\libbte.a(l2cap.o)
 .rela.text._ZN9__gnu_cxx26__concurrence_unlock_errorD0Ev
                0x0000000080004194        0x0 D:/devkitPro/libogc/lib/wii\libbte.a(l2cap.o)
 .rela.text._ZN9__gnu_cxx30__throw_concurrence_lock_errorEv
                0x0000000080004194        0x0 D:/devkitPro/libogc/lib/wii\libbte.a(l2cap.o)
 .rela.text._ZN9__gnu_cxx32__throw_concurrence_unlock_errorEv
                0x0000000080004194        0x0 D:/devkitPro/libogc/lib/wii\libbte.a(l2cap.o)
 .rela.text._ZN10__cxxabiv120__si_class_type_infoD2Ev
                0x0000000080004194        0x0 D:/devkitPro/libogc/lib/wii\libbte.a(l2cap.o)
 .rela.text._ZN10__cxxabiv120__si_class_type_infoD0Ev
                0x0000000080004194        0x0 D:/devkitPro/libogc/lib/wii\libbte.a(l2cap.o)
 .rela.text._ZN10__cxxabiv117__class_type_infoD2Ev
                0x0000000080004194        0x0 D:/devkitPro/libogc/lib/wii\libbte.a(l2cap.o)
 .rela.text._ZN10__cxxabiv117__class_type_infoD0Ev
                0x0000000080004194        0x0 D:/devkitPro/libogc/lib/wii\libbte.a(l2cap.o)

.rel.fini
 *(.rel.fini)

.rela.fini
 *(.rela.fini)

.rel.rodata
 *(.rel.rodata .rel.rodata.* .rel.gnu.linkonce.r.*)

.rela.rodata    0x0000000080004194        0x0
 *(.rela.rodata .rela.rodata.* .rela.gnu.linkonce.r.*)
 .rela.rodata._ZTISt9bad_alloc
                0x0000000080004194        0x0 D:/devkitPro/libogc/lib/wii\libbte.a(l2cap.o)
 .rela.rodata._ZTVSt9bad_alloc
                0x0000000080004194        0x0 D:/devkitPro/libogc/lib/wii\libbte.a(l2cap.o)
 .rela.rodata._ZTISt13bad_exception
                0x0000000080004194        0x0 D:/devkitPro/libogc/lib/wii\libbte.a(l2cap.o)
 .rela.rodata._ZTVSt13bad_exception
                0x0000000080004194        0x0 D:/devkitPro/libogc/lib/wii\libbte.a(l2cap.o)
 .rela.rodata._ZTIN9__gnu_cxx24__concurrence_lock_errorE
                0x0000000080004194        0x0 D:/devkitPro/libogc/lib/wii\libbte.a(l2cap.o)
 .rela.rodata._ZTIN9__gnu_cxx26__concurrence_unlock_errorE
                0x0000000080004194        0x0 D:/devkitPro/libogc/lib/wii\libbte.a(l2cap.o)
 .rela.rodata._ZTVN9__gnu_cxx24__concurrence_lock_errorE
                0x0000000080004194        0x0 D:/devkitPro/libogc/lib/wii\libbte.a(l2cap.o)
 .rela.rodata._ZTVN9__gnu_cxx26__concurrence_unlock_errorE
                0x0000000080004194        0x0 D:/devkitPro/libogc/lib/wii\libbte.a(l2cap.o)
 .rela.rodata._ZTIN10__cxxabiv120__si_class_type_infoE
                0x0000000080004194        0x0 D:/devkitPro/libogc/lib/wii\libbte.a(l2cap.o)
 .rela.rodata._ZTVN10__cxxabiv120__si_class_type_infoE
                0x0000000080004194        0x0 D:/devkitPro/libogc/lib/wii\libbte.a(l2cap.o)
 .rela.rodata._ZTIN10__cxxabiv117__class_type_infoE
                0x0000000080004194        0x0 D:/devkitPro/libogc/lib/wii\libbte.a(l2cap.o)
 .rela.rodata._ZTVN10__cxxabiv117__class_type_infoE
                0x0000000080004194        0x0 D:/devkitPro/libogc/lib/wii\libbte.a(l2cap.o)

.rel.data
 *(.rel.data .rel.data.* .rel.gnu.linkonce.d.*)

.rela.data
 *(.rela.data .rela.data.* .rela.gnu.linkonce.d.*)

.rel.tdata
 *(.rel.tdata .rel.tdata.* .rel.gnu.linkonce.td.*)

.rela.tdata
 *(.rela.tdata .rela.tdata.* .rela.gnu.linkonce.td.*)

.rel.tbss
 *(.rel.tbss .rel.tbss.* .rel.gnu.linkonce.tb.*)

.rela.tbss
 *(.rela.tbss .rela.tbss.* .rela.gnu.linkonce.tb.*)

.rel.ctors
 *(.rel.ctors)

.rela.ctors
 *(.rela.ctors)

.rel.dtors
 *(.rel.dtors)

.rela.dtors
 *(.rela.dtors)

.rel.got
 *(.rel.got)

.rela.got
 *(.rela.got)

.rela.got1
 *(.rela.got1)

.rela.got2
 *(.rela.got2)

.rel.sdata
 *(.rel.sdata .rel.sdata.* .rel.gnu.linkonce.s.*)

.rela.sdata     0x0000000080004194        0x0
 *(.rela.sdata .rela.sdata.* .rela.gnu.linkonce.s.*)
 .rela.sdata._ZTISt9exception
                0x0000000080004194        0x0 D:/devkitPro/libogc/lib/wii\libbte.a(l2cap.o)
 .rela.sdata._ZTIN10__cxxabiv115__forced_unwindE
                0x0000000080004194        0x0 D:/devkitPro/libogc/lib/wii\libbte.a(l2cap.o)
 .rela.sdata._ZTIN10__cxxabiv119__foreign_exceptionE
                0x0000000080004194        0x0 D:/devkitPro/libogc/lib/wii\libbte.a(l2cap.o)
 .rela.sdata._ZTISt9type_info
                0x0000000080004194        0x0 D:/devkitPro/libogc/lib/wii\libbte.a(l2cap.o)

.rel.sbss
 *(.rel.sbss .rel.sbss.* .rel.gnu.linkonce.sb.*)

.rela.sbss
 *(.rela.sbss .rela.sbss.* .rel.gnu.linkonce.sb.*)

.rel.sdata2
 *(.rel.sdata2 .rel.sdata2.* .rel.gnu.linkonce.s2.*)

.rela.sdata2    0x0000000080004194        0x0
 *(.rela.sdata2 .rela.sdata2.* .rela.gnu.linkonce.s2.*)
 .rela.sdata2.__sys_inIPL
                0x0000000080004194        0x0 D:/devkitPro/libogc/lib/wii\libbte.a(l2cap.o)

.rel.sbss2
 *(.rel.sbss2 .rel.sbss2.* .rel.gnu.linkonce.sb2.*)

.rela.sbss2
 *(.rela.sbss2 .rela.sbss2.* .rela.gnu.linkonce.sb2.*)

.rel.bss
 *(.rel.bss .rel.bss.* .rel.gnu.linkonce.b.*)

.rela.bss
 *(.rela.bss .rela.bss.* .rela.gnu.linkonce.b.*)

.rel.plt
 *(.rel.plt)

.rela.plt
 *(.rela.plt)

.text           0x00000000800041a0    0x44120
 *(.text)
 .text          0x00000000800041a0      0x44c D:/devkitPro/libogc/lib/wii\libogc.a(lwp_handler.o)
                0x00000000800041a0                _cpu_context_save_fp
                0x00000000800042e0                _cpu_context_restore_fp
                0x0000000080004420                _cpu_context_switch
                0x0000000080004500                _cpu_context_save
                0x0000000080004580                _cpu_context_restore
 .text          0x00000000800045ec      0x4f4 D:/devkitPro/libogc/lib/wii\libogc.a(cache_asm.o)
                0x00000000800045ec                DCFlashInvalidate
                0x0000000080004600                DCEnable
                0x0000000080004614                DCDisable
                0x0000000080004628                DCFreeze
                0x000000008000463c                DCUnfreeze
                0x0000000080004650                DCTouchLoad
                0x0000000080004658                DCBlockZero
                0x0000000080004660                DCBlockStore
                0x0000000080004668                DCBlockFlush
                0x0000000080004670                DCBlockInvalidate
                0x0000000080004678                DCInvalidateRange
                0x00000000800046a8                DCFlushRange
                0x00000000800046dc                DCStoreRange
                0x0000000080004710                DCFlushRangeNoSync
                0x0000000080004740                DCStoreRangeNoSync
                0x0000000080004770                DCZeroRange
                0x00000000800047a0                DCTouchRange
                0x00000000800047d0                ICInvalidateRange
                0x0000000080004808                ICFlashInvalidate
                0x000000008000481c                ICEnable
                0x0000000080004830                ICDisable
                0x0000000080004844                ICFreeze
                0x0000000080004858                ICUnfreeze
                0x000000008000486c                ICBlockInvalidate
                0x0000000080004874                ICSync
                0x000000008000487c                L2Init
                0x00000000800048c4                L2Enable
                0x00000000800048e0                L2Disable
                0x00000000800048f8                L2GlobalInvalidate
                0x0000000080004950                __LCEnable
                0x0000000080004a1c                LCDisable
                0x0000000080004a44                LCAllocOneTag
                0x0000000080004a58                LCAllocTags
                0x0000000080004a98                LCLoadBlocks
                0x0000000080004abc                LCStoreBlocks
 .text          0x0000000080004ae0      0x4a0 D:/devkitPro/libogc/lib/wii\libogc.a(system_asm.o)
                0x0000000080004ae0                __realmode
                0x0000000080004af8                __configBATS
                0x0000000080004c28                __InitFPRS
                0x0000000080004d54                __InitPS
                0x0000000080004db0                __InitCache
                0x0000000080004e08                __InitSystem
                0x0000000080004e90                __flush_cache
                0x0000000080004ec4                __reset
                0x0000000080004f34                __InitBATS
                0x0000000080004f50                SYS_SwitchFiber
 .text          0x0000000080004f80      0x8dc D:/devkitPro/libogc/lib/wii\libogc.a(gu_psasm.o)
                0x0000000080004f80                ps_guMtxConcat
                0x0000000080005044                ps_guMtxIdentity
                0x0000000080005070                ps_guMtxCopy
                0x00000000800050a4                ps_guMtxTranspose
                0x00000000800050f4                ps_guMtxInverse
                0x00000000800051ec                ps_guMtxInvXpose
                0x00000000800052b4                ps_guMtxScale
                0x00000000800052dc                ps_guMtxScaleApply
                0x0000000080005334                ps_guMtxApplyScale
                0x0000000080005398                ps_guMtxTrans
                0x00000000800053cc                ps_guMtxTransApply
                0x0000000080005418                ps_guMtxApplyTrans
                0x0000000080005494                ps_guMtxRotTrig
                0x0000000080005544                __ps_guMtxRotAxisRadInternal
                0x0000000080005604                ps_guMtxReflect
                0x0000000080005674                ps_guVecAdd
                0x0000000080005698                ps_guVecSub
                0x00000000800056bc                ps_guVecScale
                0x00000000800056d8                ps_guVecNormalize
                0x000000008000571c                ps_guVecCross
                0x0000000080005758                ps_guVecDotProduct
                0x0000000080005778                ps_guVecMultiply
                0x00000000800057cc                ps_guVecMultiplySR
                0x000000008000583c                ps_guQuatDotProduct
 .text          0x000000008000585c      0x1ac D:/devkitPro/libogc/lib/wii\libogc.a(irq_handler.o)
                0x000000008000585c                irq_exceptionhandler
 .text          0x0000000080005a08      0x1ac D:/devkitPro/libogc/lib/wii\libogc.a(decrementer_handler.o)
                0x0000000080005a08                dec_exceptionhandler
 .text          0x0000000080005bb4      0x35c D:/devkitPro/libogc/lib/wii\libogc.a(exception_handler.o)
                0x0000000080005bb4                exceptionhandler_start
                0x0000000080005c30                exceptionhandler_patch
                0x0000000080005c64                exceptionhandler_end
                0x0000000080005c68                default_exceptionhandler
                0x0000000080005d98                fpu_exceptionhandler
                0x0000000080005ee0                systemcallhandler_start
                0x0000000080005f0c                systemcallhandler_end
 .text          0x0000000080005f10       0x48 d:/devkitpro/devkitppc/bin/../lib/gcc/powerpc-eabi/8.3.0\libgcc.a(eabi.o)
                0x0000000080005f10                __eabi
 *(.text.*)
 .text.deregister_tm_clones
                0x0000000080005f58       0x30 d:/devkitpro/devkitppc/bin/../lib/gcc/powerpc-eabi/8.3.0/crtbegin.o
 .text.register_tm_clones
                0x0000000080005f88       0x3c d:/devkitpro/devkitppc/bin/../lib/gcc/powerpc-eabi/8.3.0/crtbegin.o
 .text.__do_global_dtors_aux
                0x0000000080005fc4       0xd0 d:/devkitpro/devkitppc/bin/../lib/gcc/powerpc-eabi/8.3.0/crtbegin.o
 .text.frame_dummy
                0x0000000080006094       0x44 d:/devkitpro/devkitppc/bin/../lib/gcc/powerpc-eabi/8.3.0/crtbegin.o
 .text.__crtmain
                0x00000000800060d8       0x44 d:/devkitpro/devkitppc/bin/../lib/gcc/powerpc-eabi/8.3.0/../../../../powerpc-eabi/lib/crtmain.o
                0x00000000800060dc                __crtmain
 .text._Z10initializev
                0x000000008000611c       0x4c main.o
                0x000000008000611c                _Z10initializev
 .text.startup.main
                0x0000000080006168      0x1f0 main.o
                0x0000000080006168                main
 .text._ZN8Renderer10InitializeEv
                0x0000000080006358      0x1e4 graphics.o
                0x0000000080006358                _ZN8Renderer10InitializeEv
 .text._ZN8Renderer21GetCurrentFrameBufferEv
                0x000000008000653c       0x1c graphics.o
                0x000000008000653c                _ZN8Renderer21GetCurrentFrameBufferEv
 .text._ZN8Renderer19SetProjectionMatrixEffff
                0x0000000080006558       0x30 graphics.o
                0x0000000080006558                _ZN8Renderer19SetProjectionMatrixEffff
 .text._ZN8Renderer26AllocatePyramidDisplayListEv
                0x0000000080006588      0x254 graphics.o
                0x0000000080006588                _ZN8Renderer26AllocatePyramidDisplayListEv
 .text._ZN8Renderer10BeginFrameEv
                0x00000000800067dc       0x2c graphics.o
                0x00000000800067dc                _ZN8Renderer10BeginFrameEv
 .text._ZN8Renderer8EndFrameEv
                0x0000000080006808       0x84 graphics.o
                0x0000000080006808                _ZN8Renderer8EndFrameEv
 .text._ZN8Renderer7DrawBoxEPjiiiii
                0x000000008000688c      0x148 graphics.o
                0x000000008000688c                _ZN8Renderer7DrawBoxEPjiiiii
 .text.__wpad_assign_slot
                0x00000000800069d4      0x210 D:/devkitPro/libogc/lib/wii\libwiiuse.a(wpad.o)
                0x00000000800069d4                __wpad_assign_slot
 .text.__wpad_def_powcb
                0x0000000080006be4        0x4 D:/devkitPro/libogc/lib/wii\libwiiuse.a(wpad.o)
 .text.__wpad_disconnect
                0x0000000080006be8       0x44 D:/devkitPro/libogc/lib/wii\libwiiuse.a(wpad.o)
 .text.__readlinkkey_finished
                0x0000000080006c2c       0x34 D:/devkitPro/libogc/lib/wii\libwiiuse.a(wpad.o)
 .text.__wpad_patch_finished
                0x0000000080006c60       0x2c D:/devkitPro/libogc/lib/wii\libwiiuse.a(wpad.o)
 .text.__wpad_setfmt
                0x0000000080006c8c      0x158 D:/devkitPro/libogc/lib/wii\libwiiuse.a(wpad.o)
 .text.__wpad_eventCB
                0x0000000080006de4      0xa1c D:/devkitPro/libogc/lib/wii\libwiiuse.a(wpad.o)
 .text.__wpad_disconnectCB
                0x0000000080007800       0xcc D:/devkitPro/libogc/lib/wii\libwiiuse.a(wpad.o)
                0x0000000080007800                __wpad_disconnectCB
 .text.__wpad_timeouthandler
                0x00000000800078cc       0xb0 D:/devkitPro/libogc/lib/wii\libwiiuse.a(wpad.o)
 .text.__initcore_finished
                0x000000008000797c       0x48 D:/devkitPro/libogc/lib/wii\libwiiuse.a(wpad.o)
 .text.__wpad_init_finished
                0x00000000800079c4      0x1ac D:/devkitPro/libogc/lib/wii\libwiiuse.a(wpad.o)
 .text.WPAD_ReadEvent
                0x0000000080007b70      0x690 D:/devkitPro/libogc/lib/wii\libwiiuse.a(wpad.o)
                0x0000000080007b70                WPAD_ReadEvent
 .text.WPAD_ReadPending
                0x0000000080008200      0x148 D:/devkitPro/libogc/lib/wii\libwiiuse.a(wpad.o)
                0x0000000080008200                WPAD_ReadPending
 .text.WPAD_ReadPending.part.5
                0x0000000080008348       0x68 D:/devkitPro/libogc/lib/wii\libwiiuse.a(wpad.o)
 .text.WPAD_SetDataFormat
                0x00000000800083b0      0x164 D:/devkitPro/libogc/lib/wii\libwiiuse.a(wpad.o)
                0x00000000800083b0                WPAD_SetDataFormat
 .text.WPAD_SetVRes
                0x0000000080008514      0x118 D:/devkitPro/libogc/lib/wii\libwiiuse.a(wpad.o)
                0x0000000080008514                WPAD_SetVRes
 .text.WPAD_Shutdown
                0x000000008000862c       0xc8 D:/devkitPro/libogc/lib/wii\libwiiuse.a(wpad.o)
                0x000000008000862c                WPAD_Shutdown
 .text.WPAD_Init
                0x00000000800086f4      0x2c4 D:/devkitPro/libogc/lib/wii\libwiiuse.a(wpad.o)
                0x00000000800086f4                WPAD_Init
 .text.__wpad_onreset
                0x00000000800089b8       0x34 D:/devkitPro/libogc/lib/wii\libwiiuse.a(wpad.o)
 .text.WPAD_ScanPads
                0x00000000800089ec        0x8 D:/devkitPro/libogc/lib/wii\libwiiuse.a(wpad.o)
                0x00000000800089ec                WPAD_ScanPads
 .text.WPAD_ButtonsUp
                0x00000000800089f4       0x28 D:/devkitPro/libogc/lib/wii\libwiiuse.a(wpad.o)
                0x00000000800089f4                WPAD_ButtonsUp
 .text.WPAD_ButtonsDown
                0x0000000080008a1c       0x28 D:/devkitPro/libogc/lib/wii\libwiiuse.a(wpad.o)
                0x0000000080008a1c                WPAD_ButtonsDown
 .text.WPAD_ButtonsHeld
                0x0000000080008a44       0x28 D:/devkitPro/libogc/lib/wii\libwiiuse.a(wpad.o)
                0x0000000080008a44                WPAD_ButtonsHeld
 .text.WPAD_IR  0x0000000080008a6c       0x4c D:/devkitPro/libogc/lib/wii\libwiiuse.a(wpad.o)
                0x0000000080008a6c                WPAD_IR
 .text.motion_plus_disconnected
                0x0000000080008ab8       0x10 D:/devkitPro/libogc/lib/wii\libwiiuse.a(motion_plus.o)
                0x0000000080008ab8                motion_plus_disconnected
 .text.motion_plus_event
                0x0000000080008ac8       0x64 D:/devkitPro/libogc/lib/wii\libwiiuse.a(motion_plus.o)
                0x0000000080008ac8                motion_plus_event
 .text.apply_smoothing.part.0
                0x0000000080008b2c       0xa0 D:/devkitPro/libogc/lib/wii\libwiiuse.a(dynamics.o)
 .text.calculate_gforce
                0x0000000080008bcc      0x114 D:/devkitPro/libogc/lib/wii\libwiiuse.a(dynamics.o)
                0x0000000080008bcc                calculate_gforce
 .text.calc_joystick_state
                0x0000000080008ce0      0x20c D:/devkitPro/libogc/lib/wii\libwiiuse.a(dynamics.o)
                0x0000000080008ce0                calc_joystick_state
 .text.apply_smoothing
                0x0000000080008eec       0xa4 D:/devkitPro/libogc/lib/wii\libwiiuse.a(dynamics.o)
                0x0000000080008eec                apply_smoothing
 .text.calculate_orientation
                0x0000000080008f90      0x31c D:/devkitPro/libogc/lib/wii\libwiiuse.a(dynamics.o)
                0x0000000080008f90                calculate_orientation
 .text.calc_balanceboard_state
                0x00000000800092ac      0x394 D:/devkitPro/libogc/lib/wii\libwiiuse.a(dynamics.o)
                0x00000000800092ac                calc_balanceboard_state
 .text.wiiuse_handshake
                0x0000000080009640      0x278 D:/devkitPro/libogc/lib/wii\libwiiuse.a(io.o)
                0x0000000080009640                wiiuse_handshake
 .text.wiiuse_handshake_expansion
                0x00000000800098b8      0x21c D:/devkitPro/libogc/lib/wii\libwiiuse.a(io.o)
                0x00000000800098b8                wiiuse_handshake_expansion
 .text.wiiuse_handshake_expansion_start
                0x0000000080009ad4       0x24 D:/devkitPro/libogc/lib/wii\libwiiuse.a(io.o)
                0x0000000080009ad4                wiiuse_handshake_expansion_start
 .text.wiiuse_disable_expansion
                0x0000000080009af8      0x1b0 D:/devkitPro/libogc/lib/wii\libwiiuse.a(io.o)
                0x0000000080009af8                wiiuse_disable_expansion
 .text.__wiiuse_connected
                0x0000000080009ca8       0x9c D:/devkitPro/libogc/lib/wii\libwiiuse.a(io_wii.o)
 .text.__wiiuse_disconnected
                0x0000000080009d44       0xb4 D:/devkitPro/libogc/lib/wii\libwiiuse.a(io_wii.o)
 .text.__wiiuse_receive
                0x0000000080009df8       0xd0 D:/devkitPro/libogc/lib/wii\libwiiuse.a(io_wii.o)
 .text.__wiiuse_sensorbar_enable
                0x0000000080009ec8       0x54 D:/devkitPro/libogc/lib/wii\libwiiuse.a(io_wii.o)
                0x0000000080009ec8                __wiiuse_sensorbar_enable
 .text.wiiuse_register
                0x0000000080009f1c       0xe4 D:/devkitPro/libogc/lib/wii\libwiiuse.a(io_wii.o)
                0x0000000080009f1c                wiiuse_register
 .text.wiiuse_disconnect
                0x000000008000a000       0x24 D:/devkitPro/libogc/lib/wii\libwiiuse.a(io_wii.o)
                0x000000008000a000                wiiuse_disconnect
 .text.wiiuse_init_cmd_queue
                0x000000008000a024       0x9c D:/devkitPro/libogc/lib/wii\libwiiuse.a(io_wii.o)
                0x000000008000a024                wiiuse_init_cmd_queue
 .text.wiiuse_io_write
                0x000000008000a0c0       0x1c D:/devkitPro/libogc/lib/wii\libwiiuse.a(io_wii.o)
                0x000000008000a0c0                wiiuse_io_write
 .text.get_ir_sens.isra.0
                0x000000008000a0dc       0xe4 D:/devkitPro/libogc/lib/wii\libwiiuse.a(ir.o)
 .text.rotate_dots
                0x000000008000a1c0      0x114 D:/devkitPro/libogc/lib/wii\libwiiuse.a(ir.o)
 .text.wiiuse_set_ir_mode
                0x000000008000a2d4       0x88 D:/devkitPro/libogc/lib/wii\libwiiuse.a(ir.o)
                0x000000008000a2d4                wiiuse_set_ir_mode
 .text.wiiuse_set_ir
                0x000000008000a35c      0x1f0 D:/devkitPro/libogc/lib/wii\libwiiuse.a(ir.o)
                0x000000008000a35c                wiiuse_set_ir
 .text.wiiuse_set_ir_vres
                0x000000008000a54c       0x1c D:/devkitPro/libogc/lib/wii\libwiiuse.a(ir.o)
                0x000000008000a54c                wiiuse_set_ir_vres
 .text.wiiuse_set_ir_position
                0x000000008000a568       0x80 D:/devkitPro/libogc/lib/wii\libwiiuse.a(ir.o)
                0x000000008000a568                wiiuse_set_ir_position
 .text.wiiuse_set_aspect_ratio
                0x000000008000a5e8       0x44 D:/devkitPro/libogc/lib/wii\libwiiuse.a(ir.o)
                0x000000008000a5e8                wiiuse_set_aspect_ratio
 .text.wiiuse_set_ir_sensitivity
                0x000000008000a62c       0xf4 D:/devkitPro/libogc/lib/wii\libwiiuse.a(ir.o)
                0x000000008000a62c                wiiuse_set_ir_sensitivity
 .text.calculate_basic_ir
                0x000000008000a720       0xf8 D:/devkitPro/libogc/lib/wii\libwiiuse.a(ir.o)
                0x000000008000a720                calculate_basic_ir
 .text.calculate_extended_ir
                0x000000008000a818       0x64 D:/devkitPro/libogc/lib/wii\libwiiuse.a(ir.o)
                0x000000008000a818                calculate_extended_ir
 .text.find_sensorbar
                0x000000008000a87c      0x9e0 D:/devkitPro/libogc/lib/wii\libwiiuse.a(ir.o)
                0x000000008000a87c                find_sensorbar
 .text.apply_ir_smoothing
                0x000000008000b25c      0x100 D:/devkitPro/libogc/lib/wii\libwiiuse.a(ir.o)
                0x000000008000b25c                apply_ir_smoothing
 .text.interpret_ir_data
                0x000000008000b35c      0x3b0 D:/devkitPro/libogc/lib/wii\libwiiuse.a(ir.o)
                0x000000008000b35c                interpret_ir_data
 .text.nunchuk_handshake
                0x000000008000b70c      0x2d0 D:/devkitPro/libogc/lib/wii\libwiiuse.a(nunchuk.o)
                0x000000008000b70c                nunchuk_handshake
 .text.nunchuk_disconnected
                0x000000008000b9dc        0xc D:/devkitPro/libogc/lib/wii\libwiiuse.a(nunchuk.o)
                0x000000008000b9dc                nunchuk_disconnected
 .text.nunchuk_event
                0x000000008000b9e8       0xe4 D:/devkitPro/libogc/lib/wii\libwiiuse.a(nunchuk.o)
                0x000000008000b9e8                nunchuk_event
 .text.wii_board_handshake
                0x000000008000bacc      0x2c0 D:/devkitPro/libogc/lib/wii\libwiiuse.a(wiiboard.o)
                0x000000008000bacc                wii_board_handshake
 .text.wii_board_disconnected
                0x000000008000bd8c        0xc D:/devkitPro/libogc/lib/wii\libwiiuse.a(wiiboard.o)
                0x000000008000bd8c                wii_board_disconnected
 .text.wii_board_event
                0x000000008000bd98       0x54 D:/devkitPro/libogc/lib/wii\libwiiuse.a(wiiboard.o)
                0x000000008000bd98                wii_board_event
 .text.wiiuse_send_next_command.part.0
                0x000000008000bdec       0x44 D:/devkitPro/libogc/lib/wii\libwiiuse.a(wiiuse.o)
 .text.wiiuse_send_next_command
                0x000000008000be30       0x18 D:/devkitPro/libogc/lib/wii\libwiiuse.a(wiiuse.o)
                0x000000008000be30                wiiuse_send_next_command
 .text.wiiuse_init
                0x000000008000be48      0x208 D:/devkitPro/libogc/lib/wii\libwiiuse.a(wiiuse.o)
                0x000000008000be48                wiiuse_init
 .text.wiiuse_set_flags
                0x000000008000c050       0x2c D:/devkitPro/libogc/lib/wii\libwiiuse.a(wiiuse.o)
                0x000000008000c050                wiiuse_set_flags
 .text.wiiuse_read_data
                0x000000008000c07c      0x14c D:/devkitPro/libogc/lib/wii\libwiiuse.a(wiiuse.o)
                0x000000008000c07c                wiiuse_read_data
 .text.wiiuse_write_data
                0x000000008000c1c8      0x180 D:/devkitPro/libogc/lib/wii\libwiiuse.a(wiiuse.o)
                0x000000008000c1c8                wiiuse_write_data
 .text.wiiuse_sendcmd
                0x000000008000c348      0x17c D:/devkitPro/libogc/lib/wii\libwiiuse.a(wiiuse.o)
                0x000000008000c348                wiiuse_sendcmd
 .text.wiiuse_set_report_type
                0x000000008000c4c4      0x144 D:/devkitPro/libogc/lib/wii\libwiiuse.a(wiiuse.o)
                0x000000008000c4c4                wiiuse_set_report_type
 .text.wiiuse_motion_sensing
                0x000000008000c608       0x84 D:/devkitPro/libogc/lib/wii\libwiiuse.a(wiiuse.o)
                0x000000008000c608                wiiuse_motion_sensing
 .text.wiiuse_status
                0x000000008000c68c       0x4c D:/devkitPro/libogc/lib/wii\libwiiuse.a(wiiuse.o)
                0x000000008000c68c                wiiuse_status
 .text.wiiuse_set_leds
                0x000000008000c6d8       0x50 D:/devkitPro/libogc/lib/wii\libwiiuse.a(wiiuse.o)
                0x000000008000c6d8                wiiuse_set_leds
 .text.wiiuse_set_speaker
                0x000000008000c728      0x230 D:/devkitPro/libogc/lib/wii\libwiiuse.a(speaker.o)
                0x000000008000c728                wiiuse_set_speaker
 .text.classic_ctrl_handshake
                0x000000008000c958      0x304 D:/devkitPro/libogc/lib/wii\libwiiuse.a(classic.o)
                0x000000008000c958                classic_ctrl_handshake
 .text.classic_ctrl_disconnected
                0x000000008000cc5c        0xc D:/devkitPro/libogc/lib/wii\libwiiuse.a(classic.o)
                0x000000008000cc5c                classic_ctrl_disconnected
 .text.classic_ctrl_event
                0x000000008000cc68      0x16c D:/devkitPro/libogc/lib/wii\libwiiuse.a(classic.o)
                0x000000008000cc68                classic_ctrl_event
 .text.handle_expansion
                0x000000008000cdd4       0x54 D:/devkitPro/libogc/lib/wii\libwiiuse.a(events.o)
 .text.parse_event
                0x000000008000ce28      0x748 D:/devkitPro/libogc/lib/wii\libwiiuse.a(events.o)
                0x000000008000ce28                parse_event
 .text.guitar_hero_3_handshake
                0x000000008000d570       0x5c D:/devkitPro/libogc/lib/wii\libwiiuse.a(guitar_hero_3.o)
                0x000000008000d570                guitar_hero_3_handshake
 .text.guitar_hero_3_disconnected
                0x000000008000d5cc        0xc D:/devkitPro/libogc/lib/wii\libwiiuse.a(guitar_hero_3.o)
                0x000000008000d5cc                guitar_hero_3_disconnected
 .text.guitar_hero_3_event
                0x000000008000d5d8       0x6c D:/devkitPro/libogc/lib/wii\libwiiuse.a(guitar_hero_3.o)
                0x000000008000d5d8                guitar_hero_3_event
 .text.acl_wlp_completed
                0x000000008000d644        0x8 D:/devkitPro/libogc/lib/wii\libbte.a(bte.o)
                0x000000008000d644                acl_wlp_completed
 .text.bt_alarmhandler
                0x000000008000d64c       0x60 D:/devkitPro/libogc/lib/wii\libbte.a(bte.o)
 .text.__bte_send_pending_request
                0x000000008000d6ac      0x104 D:/devkitPro/libogc/lib/wii\libbte.a(bte.o)
 .text.acl_conn_complete
                0x000000008000d7b0       0x2c D:/devkitPro/libogc/lib/wii\libbte.a(bte.o)
                0x000000008000d7b0                acl_conn_complete
 .text.bte_process_input
                0x000000008000d7dc      0x148 D:/devkitPro/libogc/lib/wii\libbte.a(bte.o)
 .text.l2cap_disconnect_cfm
                0x000000008000d924      0x19c D:/devkitPro/libogc/lib/wii\libbte.a(bte.o)
                0x000000008000d924                l2cap_disconnect_cfm
 .text.l2cap_accepted
                0x000000008000dac0      0x128 D:/devkitPro/libogc/lib/wii\libbte.a(bte.o)
                0x000000008000dac0                l2cap_accepted
 .text.l2cap_disconnected_ind
                0x000000008000dbe8      0x1a4 D:/devkitPro/libogc/lib/wii\libbte.a(bte.o)
                0x000000008000dbe8                l2cap_disconnected_ind
 .text.__bte_shutdown_finished
                0x000000008000dd8c       0xd0 D:/devkitPro/libogc/lib/wii\libbte.a(bte.o)
 .text.bte_hci_apply_patch_complete
                0x000000008000de5c      0x160 D:/devkitPro/libogc/lib/wii\libbte.a(bte.o)
                0x000000008000de5c                bte_hci_apply_patch_complete
 .text.bte_hci_patch_complete
                0x000000008000dfbc      0x378 D:/devkitPro/libogc/lib/wii\libbte.a(bte.o)
                0x000000008000dfbc                bte_hci_patch_complete
 .text.bte_hci_initcore_complete
                0x000000008000e334      0x28c D:/devkitPro/libogc/lib/wii\libbte.a(bte.o)
                0x000000008000e334                bte_hci_initcore_complete
 .text.bte_read_stored_link_key_complete
                0x000000008000e5c0      0x26c D:/devkitPro/libogc/lib/wii\libbte.a(bte.o)
                0x000000008000e5c0                bte_read_stored_link_key_complete
 .text.bte_hci_initcore_complete2
                0x000000008000e82c      0x244 D:/devkitPro/libogc/lib/wii\libbte.a(bte.o)
 .text.bte_hci_initsub_complete
                0x000000008000ea70      0x2b8 D:/devkitPro/libogc/lib/wii\libbte.a(bte.o)
                0x000000008000ea70                bte_hci_initsub_complete
 .text.BTE_Init
                0x000000008000ed28      0x138 D:/devkitPro/libogc/lib/wii\libbte.a(bte.o)
                0x000000008000ed28                BTE_Init
 .text.BTE_Shutdown
                0x000000008000ee60      0x100 D:/devkitPro/libogc/lib/wii\libbte.a(bte.o)
                0x000000008000ee60                BTE_Shutdown
 .text.BTE_InitCore
                0x000000008000ef60       0x90 D:/devkitPro/libogc/lib/wii\libbte.a(bte.o)
                0x000000008000ef60                BTE_InitCore
 .text.BTE_ApplyPatch
                0x000000008000eff0       0xa8 D:/devkitPro/libogc/lib/wii\libbte.a(bte.o)
                0x000000008000eff0                BTE_ApplyPatch
 .text.BTE_InitSub
                0x000000008000f098       0x94 D:/devkitPro/libogc/lib/wii\libbte.a(bte.o)
                0x000000008000f098                BTE_InitSub
 .text.BTE_ReadStoredLinkKey
                0x000000008000f12c       0x94 D:/devkitPro/libogc/lib/wii\libbte.a(bte.o)
                0x000000008000f12c                BTE_ReadStoredLinkKey
 .text.BTE_SetDisconnectCallback
                0x000000008000f1c0        0x4 D:/devkitPro/libogc/lib/wii\libbte.a(bte.o)
                0x000000008000f1c0                BTE_SetDisconnectCallback
 .text.bte_new  0x000000008000f1c4       0x54 D:/devkitPro/libogc/lib/wii\libbte.a(bte.o)
                0x000000008000f1c4                bte_new
 .text.bte_registerdeviceasync
                0x000000008000f218      0x15c D:/devkitPro/libogc/lib/wii\libbte.a(bte.o)
                0x000000008000f218                bte_registerdeviceasync
 .text.bte_disconnect
                0x000000008000f374       0xd8 D:/devkitPro/libogc/lib/wii\libbte.a(bte.o)
                0x000000008000f374                bte_disconnect
 .text.bte_senddata
                0x000000008000f44c       0xdc D:/devkitPro/libogc/lib/wii\libbte.a(bte.o)
                0x000000008000f44c                bte_senddata
 .text.bte_arg  0x000000008000f528       0x38 D:/devkitPro/libogc/lib/wii\libbte.a(bte.o)
                0x000000008000f528                bte_arg
 .text.bte_received
                0x000000008000f560       0x38 D:/devkitPro/libogc/lib/wii\libbte.a(bte.o)
                0x000000008000f560                bte_received
 .text.bte_disconnected
                0x000000008000f598       0x38 D:/devkitPro/libogc/lib/wii\libbte.a(bte.o)
                0x000000008000f598                bte_disconnected
 .text.hci_get_link
                0x000000008000f5d0       0x84 D:/devkitPro/libogc/lib/wii\libbte.a(hci.o)
 .text.hci_init
                0x000000008000f654       0x7c D:/devkitPro/libogc/lib/wii\libbte.a(hci.o)
                0x000000008000f654                hci_init
 .text.hci_new  0x000000008000f6d0       0x48 D:/devkitPro/libogc/lib/wii\libbte.a(hci.o)
                0x000000008000f6d0                hci_new
 .text.hci_close
                0x000000008000f718       0xd0 D:/devkitPro/libogc/lib/wii\libbte.a(hci.o)
                0x000000008000f718                hci_close
 .text.hci_reset_all
                0x000000008000f7e8       0xbc D:/devkitPro/libogc/lib/wii\libbte.a(hci.o)
                0x000000008000f7e8                hci_reset_all
 .text.hci_arg  0x000000008000f8a4        0xc D:/devkitPro/libogc/lib/wii\libbte.a(hci.o)
                0x000000008000f8a4                hci_arg
 .text.hci_cmd_complete
                0x000000008000f8b0        0xc D:/devkitPro/libogc/lib/wii\libbte.a(hci.o)
                0x000000008000f8b0                hci_cmd_complete
 .text.hci_connection_complete
                0x000000008000f8bc        0xc D:/devkitPro/libogc/lib/wii\libbte.a(hci.o)
                0x000000008000f8bc                hci_connection_complete
 .text.hci_wlp_complete
                0x000000008000f8c8        0xc D:/devkitPro/libogc/lib/wii\libbte.a(hci.o)
                0x000000008000f8c8                hci_wlp_complete
 .text.hci_reset
                0x000000008000f8d4       0xa8 D:/devkitPro/libogc/lib/wii\libbte.a(hci.o)
                0x000000008000f8d4                hci_reset
 .text.hci_read_buffer_size
                0x000000008000f97c       0xa8 D:/devkitPro/libogc/lib/wii\libbte.a(hci.o)
                0x000000008000f97c                hci_read_buffer_size
 .text.hci_read_bd_addr
                0x000000008000fa24       0xa8 D:/devkitPro/libogc/lib/wii\libbte.a(hci.o)
                0x000000008000fa24                hci_read_bd_addr
 .text.hci_read_local_version
                0x000000008000facc       0xa4 D:/devkitPro/libogc/lib/wii\libbte.a(hci.o)
                0x000000008000facc                hci_read_local_version
 .text.hci_read_local_features
                0x000000008000fb70       0xa8 D:/devkitPro/libogc/lib/wii\libbte.a(hci.o)
                0x000000008000fb70                hci_read_local_features
 .text.hci_read_stored_link_key
                0x000000008000fc18       0xfc D:/devkitPro/libogc/lib/wii\libbte.a(hci.o)
                0x000000008000fc18                hci_read_stored_link_key
 .text.hci_write_page_timeout
                0x000000008000fd14       0xcc D:/devkitPro/libogc/lib/wii\libbte.a(hci.o)
                0x000000008000fd14                hci_write_page_timeout
 .text.hci_write_scan_enable
                0x000000008000fde0       0xb8 D:/devkitPro/libogc/lib/wii\libbte.a(hci.o)
                0x000000008000fde0                hci_write_scan_enable
 .text.hci_accecpt_conn_request
                0x000000008000fe98       0xdc D:/devkitPro/libogc/lib/wii\libbte.a(hci.o)
                0x000000008000fe98                hci_accecpt_conn_request
 .text.hci_write_local_name
                0x000000008000ff74       0xd4 D:/devkitPro/libogc/lib/wii\libbte.a(hci.o)
                0x000000008000ff74                hci_write_local_name
 .text.hci_write_pin_type
                0x0000000080010048       0xb8 D:/devkitPro/libogc/lib/wii\libbte.a(hci.o)
                0x0000000080010048                hci_write_pin_type
 .text.hci_write_inquiry_mode
                0x0000000080010100       0xb8 D:/devkitPro/libogc/lib/wii\libbte.a(hci.o)
                0x0000000080010100                hci_write_inquiry_mode
 .text.hci_write_page_scan_type
                0x00000000800101b8       0xb8 D:/devkitPro/libogc/lib/wii\libbte.a(hci.o)
                0x00000000800101b8                hci_write_page_scan_type
 .text.hci_write_inquiry_scan_type
                0x0000000080010270       0xb8 D:/devkitPro/libogc/lib/wii\libbte.a(hci.o)
                0x0000000080010270                hci_write_inquiry_scan_type
 .text.hci_vendor_specific_command
                0x0000000080010328       0xe4 D:/devkitPro/libogc/lib/wii\libbte.a(hci.o)
                0x0000000080010328                hci_vendor_specific_command
 .text.hci_write_link_policy_settings
                0x000000008001040c      0x100 D:/devkitPro/libogc/lib/wii\libbte.a(hci.o)
                0x000000008001040c                hci_write_link_policy_settings
 .text.hci_pin_code_request_neg_reply
                0x000000008001050c       0xc8 D:/devkitPro/libogc/lib/wii\libbte.a(hci.o)
                0x000000008001050c                hci_pin_code_request_neg_reply
 .text.hci_link_key_req_neg_reply
                0x00000000800105d4       0xc8 D:/devkitPro/libogc/lib/wii\libbte.a(hci.o)
                0x00000000800105d4                hci_link_key_req_neg_reply
 .text.hci_disconnect
                0x000000008001069c       0xf8 D:/devkitPro/libogc/lib/wii\libbte.a(hci.o)
                0x000000008001069c                hci_disconnect
 .text.hci_write_cod
                0x0000000080010794       0xc8 D:/devkitPro/libogc/lib/wii\libbte.a(hci.o)
                0x0000000080010794                hci_write_cod
 .text.hci_host_buffer_size
                0x000000008001085c      0x108 D:/devkitPro/libogc/lib/wii\libbte.a(hci.o)
                0x000000008001085c                hci_host_buffer_size
 .text.hci_host_num_comp_packets
                0x0000000080010964      0x104 D:/devkitPro/libogc/lib/wii\libbte.a(hci.o)
                0x0000000080010964                hci_host_num_comp_packets
 .text.lp_pdu_maxsize
                0x0000000080010a68        0xc D:/devkitPro/libogc/lib/wii\libbte.a(hci.o)
                0x0000000080010a68                lp_pdu_maxsize
 .text.lp_acl_write
                0x0000000080010a74      0x154 D:/devkitPro/libogc/lib/wii\libbte.a(hci.o)
                0x0000000080010a74                lp_acl_write
 .text.lp_write_flush_timeout
                0x0000000080010bc8      0x100 D:/devkitPro/libogc/lib/wii\libbte.a(hci.o)
                0x0000000080010bc8                lp_write_flush_timeout
 .text.hci_event_handler
                0x0000000080010cc8      0xbf4 D:/devkitPro/libogc/lib/wii\libbte.a(hci.o)
                0x0000000080010cc8                hci_event_handler
 .text.hci_acldata_handler
                0x00000000800118bc      0x12c D:/devkitPro/libogc/lib/wii\libbte.a(hci.o)
                0x00000000800118bc                hci_acldata_handler
 .text.l2cap_init
                0x00000000800119e8       0x60 D:/devkitPro/libogc/lib/wii\libbte.a(l2cap.o)
                0x00000000800119e8                l2cap_init
 .text.l2cap_write
                0x0000000080011a48      0x1a8 D:/devkitPro/libogc/lib/wii\libbte.a(l2cap.o)
                0x0000000080011a48                l2cap_write
 .text.l2cap_new
                0x0000000080011bf0       0x6c D:/devkitPro/libogc/lib/wii\libbte.a(l2cap.o)
                0x0000000080011bf0                l2cap_new
 .text.l2cap_close
                0x0000000080011c5c      0x1d4 D:/devkitPro/libogc/lib/wii\libbte.a(l2cap.o)
                0x0000000080011c5c                l2cap_close
 .text.l2cap_reset_all
                0x0000000080011e30      0x154 D:/devkitPro/libogc/lib/wii\libbte.a(l2cap.o)
                0x0000000080011e30                l2cap_reset_all
 .text.l2cap_signal
                0x0000000080011f84      0x210 D:/devkitPro/libogc/lib/wii\libbte.a(l2cap.o)
                0x0000000080011f84                l2cap_signal
 .text.l2ca_config_req
                0x0000000080012194      0x160 D:/devkitPro/libogc/lib/wii\libbte.a(l2cap.o)
                0x0000000080012194                l2ca_config_req
 .text.l2ca_disconnect_req
                0x00000000800122f4       0xc4 D:/devkitPro/libogc/lib/wii\libbte.a(l2cap.o)
                0x00000000800122f4                l2ca_disconnect_req
 .text.l2cap_tmr
                0x00000000800123b8      0x284 D:/devkitPro/libogc/lib/wii\libbte.a(l2cap.o)
                0x00000000800123b8                l2cap_tmr
 .text.l2cap_process_sig
                0x000000008001263c     0x11d4 D:/devkitPro/libogc/lib/wii\libbte.a(l2cap.o)
                0x000000008001263c                l2cap_process_sig
 .text.l2cap_input
                0x0000000080013810      0x5ac D:/devkitPro/libogc/lib/wii\libbte.a(l2cap.o)
                0x0000000080013810                l2cap_input
 .text.l2ca_datawrite
                0x0000000080013dbc      0x118 D:/devkitPro/libogc/lib/wii\libbte.a(l2cap.o)
                0x0000000080013dbc                l2ca_datawrite
 .text.lp_connect_cfm
                0x0000000080013ed4      0x184 D:/devkitPro/libogc/lib/wii\libbte.a(l2cap.o)
                0x0000000080013ed4                lp_connect_cfm
 .text.lp_connect_ind
                0x0000000080014058        0x4 D:/devkitPro/libogc/lib/wii\libbte.a(l2cap.o)
                0x0000000080014058                lp_connect_ind
 .text.lp_disconnect_ind
                0x000000008001405c      0x12c D:/devkitPro/libogc/lib/wii\libbte.a(l2cap.o)
                0x000000008001405c                lp_disconnect_ind
 .text.l2cap_disconnect_bb
                0x0000000080014188       0x10 D:/devkitPro/libogc/lib/wii\libbte.a(l2cap.o)
                0x0000000080014188                l2cap_disconnect_bb
 .text.l2cap_arg
                0x0000000080014198        0x8 D:/devkitPro/libogc/lib/wii\libbte.a(l2cap.o)
                0x0000000080014198                l2cap_arg
 .text.l2cap_connect_ind
                0x00000000800141a0      0x100 D:/devkitPro/libogc/lib/wii\libbte.a(l2cap.o)
                0x00000000800141a0                l2cap_connect_ind
 .text.l2cap_disconnect_ind
                0x00000000800142a0        0x8 D:/devkitPro/libogc/lib/wii\libbte.a(l2cap.o)
                0x00000000800142a0                l2cap_disconnect_ind
 .text.l2cap_recv
                0x00000000800142a8        0x8 D:/devkitPro/libogc/lib/wii\libbte.a(l2cap.o)
                0x00000000800142a8                l2cap_recv
 .text.btmemb_init
                0x00000000800142b0       0x24 D:/devkitPro/libogc/lib/wii\libbte.a(btmemb.o)
                0x00000000800142b0                btmemb_init
 .text.btmemb_alloc
                0x00000000800142d4       0xa8 D:/devkitPro/libogc/lib/wii\libbte.a(btmemb.o)
                0x00000000800142d4                btmemb_alloc
 .text.btmemb_free
                0x000000008001437c       0xa8 D:/devkitPro/libogc/lib/wii\libbte.a(btmemb.o)
                0x000000008001437c                btmemb_free
 .text.plug_holes
                0x0000000080014424       0xb8 D:/devkitPro/libogc/lib/wii\libbte.a(btmemr.o)
 .text.btmemr_free.part.0
                0x00000000800144dc       0x78 D:/devkitPro/libogc/lib/wii\libbte.a(btmemr.o)
 .text.btmemr_init
                0x0000000080014554       0x98 D:/devkitPro/libogc/lib/wii\libbte.a(btmemr.o)
                0x0000000080014554                btmemr_init
 .text.btmemr_malloc
                0x00000000800145ec      0x178 D:/devkitPro/libogc/lib/wii\libbte.a(btmemr.o)
                0x00000000800145ec                btmemr_malloc
 .text.btmemr_free
                0x0000000080014764       0x28 D:/devkitPro/libogc/lib/wii\libbte.a(btmemr.o)
                0x0000000080014764                btmemr_free
 .text.btmemr_realloc
                0x000000008001478c      0x10c D:/devkitPro/libogc/lib/wii\libbte.a(btmemr.o)
                0x000000008001478c                btmemr_realloc
 .text.btpbuf_cat.part.0
                0x0000000080014898       0x68 D:/devkitPro/libogc/lib/wii\libbte.a(btpbuf.o)
 .text.btpbuf_init
                0x0000000080014900       0x28 D:/devkitPro/libogc/lib/wii\libbte.a(btpbuf.o)
                0x0000000080014900                btpbuf_init
 .text.btpbuf_free
                0x0000000080014928      0x124 D:/devkitPro/libogc/lib/wii\libbte.a(btpbuf.o)
                0x0000000080014928                btpbuf_free
 .text.btpbuf_alloc
                0x0000000080014a4c      0x25c D:/devkitPro/libogc/lib/wii\libbte.a(btpbuf.o)
                0x0000000080014a4c                btpbuf_alloc
 .text.btpbuf_realloc
                0x0000000080014ca8       0xec D:/devkitPro/libogc/lib/wii\libbte.a(btpbuf.o)
                0x0000000080014ca8                btpbuf_realloc
 .text.btpbuf_header
                0x0000000080014d94       0x90 D:/devkitPro/libogc/lib/wii\libbte.a(btpbuf.o)
                0x0000000080014d94                btpbuf_header
 .text.btpbuf_ref
                0x0000000080014e24       0x48 D:/devkitPro/libogc/lib/wii\libbte.a(btpbuf.o)
                0x0000000080014e24                btpbuf_ref
 .text.btpbuf_chain
                0x0000000080014e6c       0x8c D:/devkitPro/libogc/lib/wii\libbte.a(btpbuf.o)
                0x0000000080014e6c                btpbuf_chain
 .text.btpbuf_dechain
                0x0000000080014ef8       0x7c D:/devkitPro/libogc/lib/wii\libbte.a(btpbuf.o)
                0x0000000080014ef8                btpbuf_dechain
 .text.btpbuf_take
                0x0000000080014f74      0x13c D:/devkitPro/libogc/lib/wii\libbte.a(btpbuf.o)
                0x0000000080014f74                btpbuf_take
 .text.__usb_closeCB
                0x00000000800150b0       0x10 D:/devkitPro/libogc/lib/wii\libbte.a(physbusif.o)
 .text.__writebulkmsgCB
                0x00000000800150c0       0x3c D:/devkitPro/libogc/lib/wii\libbte.a(physbusif.o)
 .text.__writectrlmsgCB
                0x00000000800150fc       0x3c D:/devkitPro/libogc/lib/wii\libbte.a(physbusif.o)
 .text.__issue_intrread.part.0
                0x0000000080015138       0x80 D:/devkitPro/libogc/lib/wii\libbte.a(physbusif.o)
 .text.__readintrdataCB
                0x00000000800151b8      0x150 D:/devkitPro/libogc/lib/wii\libbte.a(physbusif.o)
 .text.__issue_bulkread.part.2
                0x0000000080015308       0x80 D:/devkitPro/libogc/lib/wii\libbte.a(physbusif.o)
 .text.__readbulkdataCB
                0x0000000080015388      0x150 D:/devkitPro/libogc/lib/wii\libbte.a(physbusif.o)
 .text.physbusif_init
                0x00000000800154d8      0x1dc D:/devkitPro/libogc/lib/wii\libbte.a(physbusif.o)
                0x00000000800154d8                physbusif_init
 .text.physbusif_close
                0x00000000800156b4       0x20 D:/devkitPro/libogc/lib/wii\libbte.a(physbusif.o)
                0x00000000800156b4                physbusif_close
 .text.physbusif_shutdown
                0x00000000800156d4       0x24 D:/devkitPro/libogc/lib/wii\libbte.a(physbusif.o)
                0x00000000800156d4                physbusif_shutdown
 .text.physbusif_reset_all
                0x00000000800156f8        0x4 D:/devkitPro/libogc/lib/wii\libbte.a(physbusif.o)
                0x00000000800156f8                physbusif_reset_all
 .text.physbusif_output
                0x00000000800156fc      0x1b4 D:/devkitPro/libogc/lib/wii\libbte.a(physbusif.o)
                0x00000000800156fc                physbusif_output
 .text.__lwp_queue_initialize
                0x00000000800158b0       0x60 D:/devkitPro/libogc/lib/wii\libogc.a(lwp_queue.o)
                0x00000000800158b0                __lwp_queue_initialize
 .text.__lwp_queue_get
                0x0000000080015910       0x74 D:/devkitPro/libogc/lib/wii\libogc.a(lwp_queue.o)
                0x0000000080015910                __lwp_queue_get
 .text.__lwp_queue_append
                0x0000000080015984       0x4c D:/devkitPro/libogc/lib/wii\libogc.a(lwp_queue.o)
                0x0000000080015984                __lwp_queue_append
 .text.__lwp_isr_in_progress
                0x00000000800159d0        0x8 D:/devkitPro/libogc/lib/wii\libogc.a(lwp_threads.o)
                0x00000000800159d0                __lwp_isr_in_progress
 .text.__thread_dispatch_fp
                0x00000000800159d8       0x88 D:/devkitPro/libogc/lib/wii\libogc.a(lwp_threads.o)
                0x00000000800159d8                __thread_dispatch_fp
 .text.__thread_dispatch
                0x0000000080015a60      0x110 D:/devkitPro/libogc/lib/wii\libogc.a(lwp_threads.o)
                0x0000000080015a60                __thread_dispatch
 .text.__lwp_thread_resettimeslice
                0x0000000080015b70       0xec D:/devkitPro/libogc/lib/wii\libogc.a(lwp_threads.o)
                0x0000000080015b70                __lwp_thread_resettimeslice
 .text.__lwp_thread_tickle_timeslice
                0x0000000080015c5c       0xcc D:/devkitPro/libogc/lib/wii\libogc.a(lwp_threads.o)
                0x0000000080015c5c                __lwp_thread_tickle_timeslice
 .text.__lwp_thread_setstate
                0x0000000080015d28      0x178 D:/devkitPro/libogc/lib/wii\libogc.a(lwp_threads.o)
                0x0000000080015d28                __lwp_thread_setstate
 .text.__lwp_thread_clearstate
                0x0000000080015ea0       0xe4 D:/devkitPro/libogc/lib/wii\libogc.a(lwp_threads.o)
                0x0000000080015ea0                __lwp_thread_clearstate
 .text.__lwp_thread_delayended
                0x0000000080015f84       0x48 D:/devkitPro/libogc/lib/wii\libogc.a(lwp_threads.o)
                0x0000000080015f84                __lwp_thread_delayended
 .text.__lwp_thread_suspend
                0x0000000080015fcc      0x188 D:/devkitPro/libogc/lib/wii\libogc.a(lwp_threads.o)
                0x0000000080015fcc                __lwp_thread_suspend
 .text.__lwp_thread_settransient
                0x0000000080016154       0xb4 D:/devkitPro/libogc/lib/wii\libogc.a(lwp_threads.o)
                0x0000000080016154                __lwp_thread_settransient
 .text.__lwp_thread_changepriority
                0x0000000080016208      0x1f8 D:/devkitPro/libogc/lib/wii\libogc.a(lwp_threads.o)
                0x0000000080016208                __lwp_thread_changepriority
 .text.__lwp_thread_resume
                0x0000000080016400      0x130 D:/devkitPro/libogc/lib/wii\libogc.a(lwp_threads.o)
                0x0000000080016400                __lwp_thread_resume
 .text.__lwp_thread_ready
                0x0000000080016530       0xf4 D:/devkitPro/libogc/lib/wii\libogc.a(lwp_threads.o)
                0x0000000080016530                __lwp_thread_ready
 .text.__lwp_thread_init
                0x0000000080016624      0x180 D:/devkitPro/libogc/lib/wii\libogc.a(lwp_threads.o)
                0x0000000080016624                __lwp_thread_init
 .text.__lwp_thread_close
                0x00000000800167a4      0x130 D:/devkitPro/libogc/lib/wii\libogc.a(lwp_threads.o)
                0x00000000800167a4                __lwp_thread_close
 .text.__lwp_thread_closeall
                0x00000000800168d4       0xb8 D:/devkitPro/libogc/lib/wii\libogc.a(lwp_threads.o)
                0x00000000800168d4                __lwp_thread_closeall
 .text.__lwp_thread_exit
                0x000000008001698c       0x5c D:/devkitPro/libogc/lib/wii\libogc.a(lwp_threads.o)
                0x000000008001698c                __lwp_thread_exit
 .text.__lwp_thread_handler
                0x00000000800169e8       0xb4 D:/devkitPro/libogc/lib/wii\libogc.a(lwp_threads.o)
 .text.__lwp_thread_start
                0x0000000080016a9c       0xec D:/devkitPro/libogc/lib/wii\libogc.a(lwp_threads.o)
                0x0000000080016a9c                __lwp_thread_start
 .text.__lwp_thread_startmultitasking
                0x0000000080016b88       0xb0 D:/devkitPro/libogc/lib/wii\libogc.a(lwp_threads.o)
                0x0000000080016b88                __lwp_thread_startmultitasking
 .text.__lwp_thread_stopmultitasking
                0x0000000080016c38       0x58 D:/devkitPro/libogc/lib/wii\libogc.a(lwp_threads.o)
                0x0000000080016c38                __lwp_thread_stopmultitasking
 .text.__lwp_thread_coreinit
                0x0000000080016c90       0xb0 D:/devkitPro/libogc/lib/wii\libogc.a(lwp_threads.o)
                0x0000000080016c90                __lwp_thread_coreinit
 .text.idle_func
                0x0000000080016d40        0x4 D:/devkitPro/libogc/lib/wii\libogc.a(lwp.o)
 .text.__lwp_sysinit
                0x0000000080016d44      0x118 D:/devkitPro/libogc/lib/wii\libogc.a(lwp.o)
                0x0000000080016d44                __lwp_sysinit
 .text.LWP_SuspendThread
                0x0000000080016e5c       0xc0 D:/devkitPro/libogc/lib/wii\libogc.a(lwp.o)
                0x0000000080016e5c                LWP_SuspendThread
 .text.LWP_ResumeThread
                0x0000000080016f1c       0xc4 D:/devkitPro/libogc/lib/wii\libogc.a(lwp.o)
                0x0000000080016f1c                LWP_ResumeThread
 .text.LWP_GetSelf
                0x0000000080016fe0       0x28 D:/devkitPro/libogc/lib/wii\libogc.a(lwp.o)
                0x0000000080016fe0                LWP_GetSelf
 .text.LWP_InitQueue
                0x0000000080017008      0x150 D:/devkitPro/libogc/lib/wii\libogc.a(lwp.o)
                0x0000000080017008                LWP_InitQueue
 .text.LWP_CloseQueue
                0x0000000080017158       0xd4 D:/devkitPro/libogc/lib/wii\libogc.a(lwp.o)
                0x0000000080017158                LWP_CloseQueue
 .text.LWP_ThreadSleep
                0x000000008001722c      0x110 D:/devkitPro/libogc/lib/wii\libogc.a(lwp.o)
                0x000000008001722c                LWP_ThreadSleep
 .text.LWP_ThreadBroadcast
                0x000000008001733c       0x88 D:/devkitPro/libogc/lib/wii\libogc.a(lwp.o)
                0x000000008001733c                LWP_ThreadBroadcast
 .text.LWP_ThreadSignal
                0x00000000800173c4       0x74 D:/devkitPro/libogc/lib/wii\libogc.a(lwp.o)
                0x00000000800173c4                LWP_ThreadSignal
 .text.__lwp_stack_allocate
                0x0000000080017438       0x60 D:/devkitPro/libogc/lib/wii\libogc.a(lwp_stack.o)
                0x0000000080017438                __lwp_stack_allocate
 .text.__lwp_stack_free
                0x0000000080017498       0x1c D:/devkitPro/libogc/lib/wii\libogc.a(lwp_stack.o)
                0x0000000080017498                __lwp_stack_free
 .text.__lwp_wd_settimer.isra.4
                0x00000000800174b4       0xd8 D:/devkitPro/libogc/lib/wii\libogc.a(lwp_watchdog.o)
 .text.__lwp_watchdog_init
                0x000000008001758c       0x2c D:/devkitPro/libogc/lib/wii\libogc.a(lwp_watchdog.o)
                0x000000008001758c                __lwp_watchdog_init
 .text.__lwp_wd_insert
                0x00000000800175b8      0x1e4 D:/devkitPro/libogc/lib/wii\libogc.a(lwp_watchdog.o)
                0x00000000800175b8                __lwp_wd_insert
 .text.__lwp_wd_remove
                0x000000008001779c      0x144 D:/devkitPro/libogc/lib/wii\libogc.a(lwp_watchdog.o)
                0x000000008001779c                __lwp_wd_remove
 .text.__lwp_wd_tickle
                0x00000000800178e0      0x120 D:/devkitPro/libogc/lib/wii\libogc.a(lwp_watchdog.o)
                0x00000000800178e0                __lwp_wd_tickle
 .text.__lwp_wkspace_init
                0x0000000080017a00       0xc4 D:/devkitPro/libogc/lib/wii\libogc.a(lwp_wkspace.o)
                0x0000000080017a00                __lwp_wkspace_init
 .text.__lwp_objmgr_initinfo
                0x0000000080017ac4      0x1a4 D:/devkitPro/libogc/lib/wii\libogc.a(lwp_objmgr.o)
                0x0000000080017ac4                __lwp_objmgr_initinfo
 .text.__lwp_objmgr_getisrdisable
                0x0000000080017c68       0x60 D:/devkitPro/libogc/lib/wii\libogc.a(lwp_objmgr.o)
                0x0000000080017c68                __lwp_objmgr_getisrdisable
 .text.__lwp_objmgr_getnoprotection
                0x0000000080017cc8       0x24 D:/devkitPro/libogc/lib/wii\libogc.a(lwp_objmgr.o)
                0x0000000080017cc8                __lwp_objmgr_getnoprotection
 .text.__lwp_objmgr_get
                0x0000000080017cec       0x70 D:/devkitPro/libogc/lib/wii\libogc.a(lwp_objmgr.o)
                0x0000000080017cec                __lwp_objmgr_get
 .text.__lwp_objmgr_allocate
                0x0000000080017d5c       0x88 D:/devkitPro/libogc/lib/wii\libogc.a(lwp_objmgr.o)
                0x0000000080017d5c                __lwp_objmgr_allocate
 .text.__lwp_objmgr_free
                0x0000000080017de4       0x60 D:/devkitPro/libogc/lib/wii\libogc.a(lwp_objmgr.o)
                0x0000000080017de4                __lwp_objmgr_free
 .text.__lwp_heap_init
                0x0000000080017e44       0xa4 D:/devkitPro/libogc/lib/wii\libogc.a(lwp_heap.o)
                0x0000000080017e44                __lwp_heap_init
 .text.__lwp_heap_allocate
                0x0000000080017ee8      0x16c D:/devkitPro/libogc/lib/wii\libogc.a(lwp_heap.o)
                0x0000000080017ee8                __lwp_heap_allocate
 .text.__lwp_heap_free
                0x0000000080018054      0x1c0 D:/devkitPro/libogc/lib/wii\libogc.a(lwp_heap.o)
                0x0000000080018054                __lwp_heap_free
 .text.__SetInterrupts
                0x0000000080018214      0x298 D:/devkitPro/libogc/lib/wii\libogc.a(irq.o)
 .text.c_irqdispatcher
                0x00000000800184ac      0x27c D:/devkitPro/libogc/lib/wii\libogc.a(irq.o)
                0x00000000800184ac                c_irqdispatcher
 .text.__UnmaskIrq
                0x0000000080018728       0x84 D:/devkitPro/libogc/lib/wii\libogc.a(irq.o)
                0x0000000080018728                __UnmaskIrq
 .text.__MaskIrq
                0x00000000800187ac       0x84 D:/devkitPro/libogc/lib/wii\libogc.a(irq.o)
                0x00000000800187ac                __MaskIrq
 .text.__irq_init
                0x0000000080018830       0x9c D:/devkitPro/libogc/lib/wii\libogc.a(irq.o)
                0x0000000080018830                __irq_init
 .text.IRQ_Request
                0x00000000800188cc       0x50 D:/devkitPro/libogc/lib/wii\libogc.a(irq.o)
                0x00000000800188cc                IRQ_Request
 .text.IRQ_GetHandler
                0x000000008001891c       0x44 D:/devkitPro/libogc/lib/wii\libogc.a(irq.o)
                0x000000008001891c                IRQ_GetHandler
 .text.IRQ_Disable
                0x0000000080018960       0x1c D:/devkitPro/libogc/lib/wii\libogc.a(irq.o)
                0x0000000080018960                IRQ_Disable
 .text.IRQ_Restore
                0x000000008001897c       0x1c D:/devkitPro/libogc/lib/wii\libogc.a(irq.o)
                0x000000008001897c                IRQ_Restore
 .text.__VISendI2CData.constprop.2
                0x0000000080018998      0x42c D:/devkitPro/libogc/lib/wii\libogc.a(video.o)
 .text.__VIWriteI2CRegister16
                0x0000000080018dc4       0x38 D:/devkitPro/libogc/lib/wii\libogc.a(video.o)
 .text.__VIWriteI2CRegister8
                0x0000000080018dfc       0x38 D:/devkitPro/libogc/lib/wii\libogc.a(video.o)
 .text.__VISetYUVSEL
                0x0000000080018e34       0x68 D:/devkitPro/libogc/lib/wii\libogc.a(video.o)
 .text.VIDEO_Configure
                0x0000000080018e9c      0x7c8 D:/devkitPro/libogc/lib/wii\libogc.a(video.o)
                0x0000000080018e9c                VIDEO_Configure
 .text.VIDEO_WaitVSync
                0x0000000080019664       0x74 D:/devkitPro/libogc/lib/wii\libogc.a(video.o)
                0x0000000080019664                VIDEO_WaitVSync
 .text.VIDEO_SetFramebuffer
                0x00000000800196d8      0x23c D:/devkitPro/libogc/lib/wii\libogc.a(video.o)
                0x00000000800196d8                VIDEO_SetFramebuffer
 .text.VIDEO_SetNextFramebuffer
                0x0000000080019914      0x1b4 D:/devkitPro/libogc/lib/wii\libogc.a(video.o)
                0x0000000080019914                VIDEO_SetNextFramebuffer
 .text.VIDEO_Flush
                0x0000000080019ac8      0x134 D:/devkitPro/libogc/lib/wii\libogc.a(video.o)
                0x0000000080019ac8                VIDEO_Flush
 .text.VIDEO_SetBlack
                0x0000000080019bfc      0x144 D:/devkitPro/libogc/lib/wii\libogc.a(video.o)
                0x0000000080019bfc                VIDEO_SetBlack
 .text.VIDEO_GetCurrentTvMode
                0x0000000080019d40       0x78 D:/devkitPro/libogc/lib/wii\libogc.a(video.o)
                0x0000000080019d40                VIDEO_GetCurrentTvMode
 .text.__VIRetraceHandler
                0x0000000080019db8      0x294 D:/devkitPro/libogc/lib/wii\libogc.a(video.o)
 .text.__VISetupEncoder
                0x000000008001a04c      0x1fc D:/devkitPro/libogc/lib/wii\libogc.a(video.o)
 .text.VIDEO_Init
                0x000000008001a248      0x4e0 D:/devkitPro/libogc/lib/wii\libogc.a(video.o)
                0x000000008001a248                VIDEO_Init
 .text.VIDEO_GetPreferredMode
                0x000000008001a728      0x100 D:/devkitPro/libogc/lib/wii\libogc.a(video.o)
                0x000000008001a728                VIDEO_GetPreferredMode
 .text.VIDEO_GetCurrentLine
                0x000000008001a828       0x9c D:/devkitPro/libogc/lib/wii\libogc.a(video.o)
                0x000000008001a828                VIDEO_GetCurrentLine
 .text.VIDEO_GetFrameBufferSize
                0x000000008001a8c4       0x30 D:/devkitPro/libogc/lib/wii\libogc.a(video.o)
                0x000000008001a8c4                VIDEO_GetFrameBufferSize
 .text.__call_resetfuncs
                0x000000008001a8f4       0xbc D:/devkitPro/libogc/lib/wii\libogc.a(system.o)
 .text.__MEMInterruptHandler
                0x000000008001a9b0       0x14 D:/devkitPro/libogc/lib/wii\libogc.a(system.o)
 .text.__RSWDefaultHandler
                0x000000008001a9c4        0x4 D:/devkitPro/libogc/lib/wii\libogc.a(system.o)
 .text.__POWDefaultHandler
                0x000000008001a9c8        0x4 D:/devkitPro/libogc/lib/wii\libogc.a(system.o)
 .text.__getrtc
                0x000000008001a9cc      0x164 D:/devkitPro/libogc/lib/wii\libogc.a(system.o)
 .text.__sram_write
                0x000000008001ab30      0x128 D:/devkitPro/libogc/lib/wii\libogc.a(system.o)
 .text.__unlocksram
                0x000000008001ac58      0x17c D:/devkitPro/libogc/lib/wii\libogc.a(system.o)
 .text.__sram_writecallback
                0x000000008001add4       0x54 D:/devkitPro/libogc/lib/wii\libogc.a(system.o)
 .text.__mem_onreset
                0x000000008001ae28       0x48 D:/devkitPro/libogc/lib/wii\libogc.a(system.o)
 .text.__sys_alarmhandler
                0x000000008001ae70       0xf0 D:/devkitPro/libogc/lib/wii\libogc.a(system.o)
 .text.__STMEventHandler
                0x000000008001af60      0x104 D:/devkitPro/libogc/lib/wii\libogc.a(system.o)
 .text.__sram_read.constprop.11
                0x000000008001b064      0x140 D:/devkitPro/libogc/lib/wii\libogc.a(system.o)
 .text.__SYS_GetRTC
                0x000000008001b1a4       0xd0 D:/devkitPro/libogc/lib/wii\libogc.a(system.o)
                0x000000008001b1a4                __SYS_GetRTC
 .text.__SYS_GetIPCBufferLo
                0x000000008001b274        0x8 D:/devkitPro/libogc/lib/wii\libogc.a(system.o)
                0x000000008001b274                __SYS_GetIPCBufferLo
 .text.__SYS_GetIPCBufferHi
                0x000000008001b27c        0x8 D:/devkitPro/libogc/lib/wii\libogc.a(system.o)
                0x000000008001b27c                __SYS_GetIPCBufferHi
 .text.__SYS_DoPowerCB
                0x000000008001b284       0x74 D:/devkitPro/libogc/lib/wii\libogc.a(system.o)
                0x000000008001b284                __SYS_DoPowerCB
 .text.__SYS_PreInit
                0x000000008001b2f8        0x4 D:/devkitPro/libogc/lib/wii\libogc.a(system.o)
                0x000000008001b2f8                __SYS_PreInit
 .text.SYS_ResetButtonDown
                0x000000008001b2fc       0x18 D:/devkitPro/libogc/lib/wii\libogc.a(system.o)
                0x000000008001b2fc                SYS_ResetButtonDown
 .text.SYS_ResetSystem
                0x000000008001b314      0x214 D:/devkitPro/libogc/lib/wii\libogc.a(system.o)
                0x000000008001b314                SYS_ResetSystem
 .text.__reload
                0x000000008001b528       0x80 D:/devkitPro/libogc/lib/wii\libogc.a(system.o)
                0x000000008001b528                __reload
 .text.__libogc_exit
                0x000000008001b5a8       0x88 D:/devkitPro/libogc/lib/wii\libogc.a(system.o)
                0x000000008001b5a8                __libogc_exit
 .text.SYS_RegisterResetFunc
                0x000000008001b630       0x78 D:/devkitPro/libogc/lib/wii\libogc.a(system.o)
                0x000000008001b630                SYS_RegisterResetFunc
 .text.SYS_Init
                0x000000008001b6a8      0x69c D:/devkitPro/libogc/lib/wii\libogc.a(system.o)
                0x000000008001b6a8                SYS_Init
 .text.SYS_SetArena1Lo
                0x000000008001bd44       0x38 D:/devkitPro/libogc/lib/wii\libogc.a(system.o)
                0x000000008001bd44                SYS_SetArena1Lo
 .text.SYS_GetArena1Lo
                0x000000008001bd7c       0x38 D:/devkitPro/libogc/lib/wii\libogc.a(system.o)
                0x000000008001bd7c                SYS_GetArena1Lo
 .text.SYS_GetArena1Hi
                0x000000008001bdb4       0x38 D:/devkitPro/libogc/lib/wii\libogc.a(system.o)
                0x000000008001bdb4                SYS_GetArena1Hi
 .text.SYS_SetArena2Lo
                0x000000008001bdec       0x38 D:/devkitPro/libogc/lib/wii\libogc.a(system.o)
                0x000000008001bdec                SYS_SetArena2Lo
 .text.SYS_GetArena2Lo
                0x000000008001be24       0x38 D:/devkitPro/libogc/lib/wii\libogc.a(system.o)
                0x000000008001be24                SYS_GetArena2Lo
 .text.SYS_SetArena2Hi
                0x000000008001be5c       0x38 D:/devkitPro/libogc/lib/wii\libogc.a(system.o)
                0x000000008001be5c                SYS_SetArena2Hi
 .text.SYS_GetArena2Hi
                0x000000008001be94       0x38 D:/devkitPro/libogc/lib/wii\libogc.a(system.o)
                0x000000008001be94                SYS_GetArena2Hi
 .text.SYS_AllocateFramebuffer
                0x000000008001becc       0x28 D:/devkitPro/libogc/lib/wii\libogc.a(system.o)
                0x000000008001becc                SYS_AllocateFramebuffer
 .text.SYS_CreateAlarm
                0x000000008001bef4      0x120 D:/devkitPro/libogc/lib/wii\libogc.a(system.o)
                0x000000008001bef4                SYS_CreateAlarm
 .text.SYS_SetAlarm
                0x000000008001c014      0x1d0 D:/devkitPro/libogc/lib/wii\libogc.a(system.o)
                0x000000008001c014                SYS_SetAlarm
 .text.SYS_SetPeriodicAlarm
                0x000000008001c1e4      0x214 D:/devkitPro/libogc/lib/wii\libogc.a(system.o)
                0x000000008001c1e4                SYS_SetPeriodicAlarm
 .text.SYS_RemoveAlarm
                0x000000008001c3f8      0x128 D:/devkitPro/libogc/lib/wii\libogc.a(system.o)
                0x000000008001c3f8                SYS_RemoveAlarm
 .text.SYS_CancelAlarm
                0x000000008001c520       0xd0 D:/devkitPro/libogc/lib/wii\libogc.a(system.o)
                0x000000008001c520                SYS_CancelAlarm
 .text.SYS_SetWirelessID
                0x000000008001c5f0       0x94 D:/devkitPro/libogc/lib/wii\libogc.a(system.o)
                0x000000008001c5f0                SYS_SetWirelessID
 .text.SYS_GetWirelessID
                0x000000008001c684       0xa0 D:/devkitPro/libogc/lib/wii\libogc.a(system.o)
                0x000000008001c684                SYS_GetWirelessID
 .text.SYS_GetHollywoodRevision
                0x000000008001c724       0x3c D:/devkitPro/libogc/lib/wii\libogc.a(system.o)
                0x000000008001c724                SYS_GetHollywoodRevision
 .text.SYS_Time
                0x000000008001c760       0x78 D:/devkitPro/libogc/lib/wii\libogc.a(system.o)
                0x000000008001c760                SYS_Time
 .text.__SYS_SetBootTime
                0x000000008001c7d8       0x20 D:/devkitPro/libogc/lib/wii\libogc.a(system.o)
                0x000000008001c7d8                __SYS_SetBootTime
 .text.SYS_PreMain
                0x000000008001c7f8       0x58 D:/devkitPro/libogc/lib/wii\libogc.a(system.o)
                0x000000008001c7f8                SYS_PreMain
 .text.__lwp_cond_init
                0x000000008001c850       0x14 D:/devkitPro/libogc/lib/wii\libogc.a(cond.o)
                0x000000008001c850                __lwp_cond_init
 .text.__GX_InitRevBits
                0x000000008001c864       0x9c D:/devkitPro/libogc/lib/wii\libogc.a(gx.o)
 .text.__GX_SaveFifo
                0x000000008001c900      0x164 D:/devkitPro/libogc/lib/wii\libogc.a(gx.o)
 .text.__GX_CleanGPFifo
                0x000000008001ca64      0x19c D:/devkitPro/libogc/lib/wii\libogc.a(gx.o)
 .text.__GXTokenInterruptHandler
                0x000000008001cc00       0x68 D:/devkitPro/libogc/lib/wii\libogc.a(gx.o)
 .text.__GXDefTexRegionCallback
                0x000000008001cc68       0x78 D:/devkitPro/libogc/lib/wii\libogc.a(gx.o)
 .text.__GXDefTlutRegionCallback
                0x000000008001cce0       0x18 D:/devkitPro/libogc/lib/wii\libogc.a(gx.o)
 .text.__SetSURegs
                0x000000008001ccf8       0x90 D:/devkitPro/libogc/lib/wii\libogc.a(gx.o)
 .text.__GXCPInterruptHandler
                0x000000008001cd88      0x17c D:/devkitPro/libogc/lib/wii\libogc.a(gx.o)
 .text.__GXFinishInterruptHandler
                0x000000008001cf04       0x58 D:/devkitPro/libogc/lib/wii\libogc.a(gx.o)
 .text.__GX_WaitAbort
                0x000000008001cf5c       0xa0 D:/devkitPro/libogc/lib/wii\libogc.a(gx.o)
 .text.__GX_Abort
                0x000000008001cffc      0x12c D:/devkitPro/libogc/lib/wii\libogc.a(gx.o)
 .text.__GX_CPGPLinkCheck
                0x000000008001d128       0x54 D:/devkitPro/libogc/lib/wii\libogc.a(gx.o)
 .text.GX_InitFifoBase.part.3
                0x000000008001d17c       0x6c D:/devkitPro/libogc/lib/wii\libogc.a(gx.o)
 .text.GX_SetTexCoordGen2.part.7
                0x000000008001d1e8      0x2b8 D:/devkitPro/libogc/lib/wii\libogc.a(gx.o)
 .text.GX_SetTexCoordGen.part.8
                0x000000008001d4a0        0xc D:/devkitPro/libogc/lib/wii\libogc.a(gx.o)
 .text.GX_LoadTexMtxImm.part.9
                0x000000008001d4ac       0x3c D:/devkitPro/libogc/lib/wii\libogc.a(gx.o)
 .text.__GX_SetDirtyState
                0x000000008001d4e8      0x608 D:/devkitPro/libogc/lib/wii\libogc.a(gx.o)
 .text.GX_SetCPUFifo
                0x000000008001daf0      0x258 D:/devkitPro/libogc/lib/wii\libogc.a(gx.o)
                0x000000008001daf0                GX_SetCPUFifo
 .text.GX_SetGPFifo
                0x000000008001dd48      0x2fc D:/devkitPro/libogc/lib/wii\libogc.a(gx.o)
                0x000000008001dd48                GX_SetGPFifo
 .text.GX_Flush
                0x000000008001e044       0x94 D:/devkitPro/libogc/lib/wii\libogc.a(gx.o)
                0x000000008001e044                GX_Flush
 .text.GX_GetCPUFifo.part.4
                0x000000008001e0d8       0x90 D:/devkitPro/libogc/lib/wii\libogc.a(gx.o)
 .text.__gx_onreset
                0x000000008001e168       0x80 D:/devkitPro/libogc/lib/wii\libogc.a(gx.o)
 .text.GX_AbortFrame
                0x000000008001e1e8       0x54 D:/devkitPro/libogc/lib/wii\libogc.a(gx.o)
                0x000000008001e1e8                GX_AbortFrame
 .text.GX_DrawDone
                0x000000008001e23c       0xc0 D:/devkitPro/libogc/lib/wii\libogc.a(gx.o)
                0x000000008001e23c                GX_DrawDone
 .text.GX_SetViewport
                0x000000008001e2fc       0x78 D:/devkitPro/libogc/lib/wii\libogc.a(gx.o)
                0x000000008001e2fc                GX_SetViewport
 .text.GX_LoadProjectionMtx
                0x000000008001e374       0xf0 D:/devkitPro/libogc/lib/wii\libogc.a(gx.o)
                0x000000008001e374                GX_LoadProjectionMtx
 .text.GX_SetCopyClear
                0x000000008001e464       0x4c D:/devkitPro/libogc/lib/wii\libogc.a(gx.o)
                0x000000008001e464                GX_SetCopyClear
 .text.GX_SetDispCopyGamma
                0x000000008001e4b0       0x18 D:/devkitPro/libogc/lib/wii\libogc.a(gx.o)
                0x000000008001e4b0                GX_SetDispCopyGamma
 .text.GX_SetCopyFilter
                0x000000008001e4c8      0x240 D:/devkitPro/libogc/lib/wii\libogc.a(gx.o)
                0x000000008001e4c8                GX_SetCopyFilter
 .text.GX_SetDispCopyYScale
                0x000000008001e708      0x104 D:/devkitPro/libogc/lib/wii\libogc.a(gx.o)
                0x000000008001e708                GX_SetDispCopyYScale
 .text.GX_SetDispCopyDst
                0x000000008001e80c       0x20 D:/devkitPro/libogc/lib/wii\libogc.a(gx.o)
                0x000000008001e80c                GX_SetDispCopyDst
 .text.GX_SetDispCopySrc
                0x000000008001e82c       0x38 D:/devkitPro/libogc/lib/wii\libogc.a(gx.o)
                0x000000008001e82c                GX_SetDispCopySrc
 .text.GX_CopyDisp
                0x000000008001e864      0x12c D:/devkitPro/libogc/lib/wii\libogc.a(gx.o)
                0x000000008001e864                GX_CopyDisp
 .text.GX_BeginDispList
                0x000000008001e990       0xec D:/devkitPro/libogc/lib/wii\libogc.a(gx.o)
                0x000000008001e990                GX_BeginDispList
 .text.GX_EndDispList
                0x000000008001ea7c       0xd4 D:/devkitPro/libogc/lib/wii\libogc.a(gx.o)
                0x000000008001ea7c                GX_EndDispList
 .text.GX_CallDispList
                0x000000008001eb50      0x12c D:/devkitPro/libogc/lib/wii\libogc.a(gx.o)
                0x000000008001eb50                GX_CallDispList
 .text.GX_SetVtxDesc
                0x000000008001ec7c      0x1f8 D:/devkitPro/libogc/lib/wii\libogc.a(gx.o)
                0x000000008001ec7c                GX_SetVtxDesc
 .text.GX_SetVtxAttrFmt
                0x000000008001ee74      0x54c D:/devkitPro/libogc/lib/wii\libogc.a(gx.o)
                0x000000008001ee74                GX_SetVtxAttrFmt
 .text.GX_Begin
                0x000000008001f3c0       0x74 D:/devkitPro/libogc/lib/wii\libogc.a(gx.o)
                0x000000008001f3c0                GX_Begin
 .text.GX_LoadPosMtxImm
                0x000000008001f434       0x50 D:/devkitPro/libogc/lib/wii\libogc.a(gx.o)
                0x000000008001f434                GX_LoadPosMtxImm
 .text.GX_SetNumTexGens
                0x000000008001f484       0x28 D:/devkitPro/libogc/lib/wii\libogc.a(gx.o)
                0x000000008001f484                GX_SetNumTexGens
 .text.GX_SetZMode
                0x000000008001f4ac       0x38 D:/devkitPro/libogc/lib/wii\libogc.a(gx.o)
                0x000000008001f4ac                GX_SetZMode
 .text.GX_InvalidateTexAll
                0x000000008001f4e4       0x50 D:/devkitPro/libogc/lib/wii\libogc.a(gx.o)
                0x000000008001f4e4                GX_InvalidateTexAll
 .text.GX_SetBlendMode
                0x000000008001f534       0xa8 D:/devkitPro/libogc/lib/wii\libogc.a(gx.o)
                0x000000008001f534                GX_SetBlendMode
 .text.GX_ClearVtxDesc
                0x000000008001f5dc       0x38 D:/devkitPro/libogc/lib/wii\libogc.a(gx.o)
                0x000000008001f5dc                GX_ClearVtxDesc
 .text.GX_SetTevColorOp
                0x000000008001f614       0x98 D:/devkitPro/libogc/lib/wii\libogc.a(gx.o)
                0x000000008001f614                GX_SetTevColorOp
 .text.GX_SetTevAlphaOp
                0x000000008001f6ac       0x98 D:/devkitPro/libogc/lib/wii\libogc.a(gx.o)
                0x000000008001f6ac                GX_SetTevAlphaOp
 .text.GX_SetTevOp
                0x000000008001f744      0x248 D:/devkitPro/libogc/lib/wii\libogc.a(gx.o)
                0x000000008001f744                GX_SetTevOp
 .text.GX_SetCullMode
                0x000000008001f98c       0x2c D:/devkitPro/libogc/lib/wii\libogc.a(gx.o)
                0x000000008001f98c                GX_SetCullMode
 .text.GX_SetScissor
                0x000000008001f9b8       0x78 D:/devkitPro/libogc/lib/wii\libogc.a(gx.o)
                0x000000008001f9b8                GX_SetScissor
 .text.GX_SetNumChans
                0x000000008001fa30       0x28 D:/devkitPro/libogc/lib/wii\libogc.a(gx.o)
                0x000000008001fa30                GX_SetNumChans
 .text.GX_SetTevOrder
                0x000000008001fa58      0x190 D:/devkitPro/libogc/lib/wii\libogc.a(gx.o)
                0x000000008001fa58                GX_SetTevOrder
 .text.GX_SetTevKColorSel
                0x000000008001fbe8       0x54 D:/devkitPro/libogc/lib/wii\libogc.a(gx.o)
                0x000000008001fbe8                GX_SetTevKColorSel
 .text.GX_SetTevKAlphaSel
                0x000000008001fc3c       0x54 D:/devkitPro/libogc/lib/wii\libogc.a(gx.o)
                0x000000008001fc3c                GX_SetTevKAlphaSel
 .text.GX_SetTevSwapModeTable