Archive member included to satisfy reference by file (symbol)

D:/devkitPro/libogc/lib/wii\libwiiuse.a(wpad.o)
                              main.o (WPAD_SetDataFormat)
D:/devkitPro/libogc/lib/wii\libwiiuse.a(motion_plus.o)
                              D:/devkitPro/libogc/lib/wii\libwiiuse.a(wpad.o) (wiiuse_set_motion_plus)
D:/devkitPro/libogc/lib/wii\libwiiuse.a(dynamics.o)
                              D:/devkitPro/libogc/lib/wii\libwiiuse.a(wpad.o) (calculate_gforce)
D:/devkitPro/libogc/lib/wii\libwiiuse.a(io.o)
                              D:/devkitPro/libogc/lib/wii\libwiiuse.a(motion_plus.o) (wiiuse_disable_expansion)
D:/devkitPro/libogc/lib/wii\libwiiuse.a(io_wii.o)
                              D:/devkitPro/libogc/lib/wii\libwiiuse.a(wpad.o) (__wiiuse_sensorbar_enable)
D:/devkitPro/libogc/lib/wii\libwiiuse.a(ir.o)
                              D:/devkitPro/libogc/lib/wii\libwiiuse.a(motion_plus.o) (wiiuse_set_ir_mode)
D:/devkitPro/libogc/lib/wii\libwiiuse.a(nunchuk.o)
                              D:/devkitPro/libogc/lib/wii\libwiiuse.a(io.o) (nunchuk_handshake)
D:/devkitPro/libogc/lib/wii\libwiiuse.a(wiiboard.o)
                              D:/devkitPro/libogc/lib/wii\libwiiuse.a(io.o) (wii_board_handshake)
D:/devkitPro/libogc/lib/wii\libwiiuse.a(wiiuse.o)
                              D:/devkitPro/libogc/lib/wii\libwiiuse.a(wpad.o) (wiiuse_init)
D:/devkitPro/libogc/lib/wii\libwiiuse.a(speaker.o)
                              D:/devkitPro/libogc/lib/wii\libwiiuse.a(wpad.o) (wencdata)
D:/devkitPro/libogc/lib/wii\libwiiuse.a(classic.o)
                              D:/devkitPro/libogc/lib/wii\libwiiuse.a(io.o) (classic_ctrl_handshake)
D:/devkitPro/libogc/lib/wii\libwiiuse.a(events.o)
                              D:/devkitPro/libogc/lib/wii\libwiiuse.a(io_wii.o) (parse_event)
D:/devkitPro/libogc/lib/wii\libwiiuse.a(guitar_hero_3.o)
                              D:/devkitPro/libogc/lib/wii\libwiiuse.a(io.o) (guitar_hero_3_handshake)
D:/devkitPro/libogc/lib/wii\libbte.a(bte.o)
                              D:/devkitPro/libogc/lib/wii\libwiiuse.a(wpad.o) (BTE_Init)
D:/devkitPro/libogc/lib/wii\libbte.a(hci.o)
                              D:/devkitPro/libogc/lib/wii\libbte.a(bte.o) (hci_init)
D:/devkitPro/libogc/lib/wii\libbte.a(l2cap.o)
                              D:/devkitPro/libogc/lib/wii\libbte.a(bte.o) (l2cap_init)
D:/devkitPro/libogc/lib/wii\libbte.a(btmemb.o)
                              D:/devkitPro/libogc/lib/wii\libbte.a(bte.o) (btmemb_init)
D:/devkitPro/libogc/lib/wii\libbte.a(btmemr.o)
                              D:/devkitPro/libogc/lib/wii\libbte.a(hci.o) (btmemr_init)
D:/devkitPro/libogc/lib/wii\libbte.a(btpbuf.o)
                              D:/devkitPro/libogc/lib/wii\libbte.a(hci.o) (btpbuf_init)
D:/devkitPro/libogc/lib/wii\libbte.a(physbusif.o)
                              D:/devkitPro/libogc/lib/wii\libbte.a(bte.o) (physbusif_init)
D:/devkitPro/libogc/lib/wii\libogc.a(lwp_queue.o)
                              D:/devkitPro/libogc/lib/wii\libwiiuse.a(io_wii.o) (__lwp_queue_initialize)
D:/devkitPro/libogc/lib/wii\libogc.a(lwp_threads.o)
                              D:/devkitPro/libogc/lib/wii\libwiiuse.a(wpad.o) (_thread_dispatch_disable_level)
D:/devkitPro/libogc/lib/wii\libogc.a(lwp.o)
                              D:/devkitPro/libogc/lib/wii\libbte.a(bte.o) (LWP_InitQueue)
D:/devkitPro/libogc/lib/wii\libogc.a(lwp_handler.o)
                              D:/devkitPro/libogc/lib/wii\libogc.a(lwp_threads.o) (_cpu_context_save_fp)
D:/devkitPro/libogc/lib/wii\libogc.a(lwp_stack.o)
                              D:/devkitPro/libogc/lib/wii\libogc.a(lwp_threads.o) (__lwp_stack_allocate)
D:/devkitPro/libogc/lib/wii\libogc.a(lwp_watchdog.o)
                              D:/devkitPro/libogc/lib/wii\libogc.a(lwp_threads.o) (_wd_ticks_queue)
D:/devkitPro/libogc/lib/wii\libogc.a(lwp_wkspace.o)
                              D:/devkitPro/libogc/lib/wii\libwiiuse.a(motion_plus.o) (__wkspace_heap)
D:/devkitPro/libogc/lib/wii\libogc.a(lwp_objmgr.o)
                              D:/devkitPro/libogc/lib/wii\libogc.a(lwp.o) (__lwp_objmgr_initinfo)
D:/devkitPro/libogc/lib/wii\libogc.a(lwp_heap.o)
                              D:/devkitPro/libogc/lib/wii\libogc.a(lwp_wkspace.o) (__lwp_heap_init)
D:/devkitPro/libogc/lib/wii\libogc.a(sys_state.o)
                              D:/devkitPro/libogc/lib/wii\libogc.a(lwp_threads.o) (_sys_state_curr)
D:/devkitPro/libogc/lib/wii\libogc.a(irq.o)
                              D:/devkitPro/libogc/lib/wii\libwiiuse.a(io_wii.o) (IRQ_Disable)
D:/devkitPro/libogc/lib/wii\libogc.a(video.o)
                              graphics.o (VIDEO_Configure)
D:/devkitPro/libogc/lib/wii\libogc.a(cache_asm.o)
                              graphics.o (DCInvalidateRange)
D:/devkitPro/libogc/lib/wii\libogc.a(system.o)
                              D:/devkitPro/libogc/lib/wii\libwiiuse.a(wpad.o) (__SYS_DoPowerCB)
D:/devkitPro/libogc/lib/wii\libogc.a(system_asm.o)
[...]
Memory Configuration

Name             Origin             Length             Attributes
*default*        0x0000000000000000 0xffffffffffffffff

Linker script and memory map

                0x0000000000003400                . = 0x3400

.stub
 *(.stub)
                0x0000000080004000                . = 0x80004000

.init           0x0000000080004000      0x194
 *crt0.o(*.init)
 .init          0x0000000080004000      0x170 D:/devkitPro/libogc/lib/wii\libogc.a(ogc_crt0.o)
                0x0000000080004000                _start
                0x0000000080004140                _memset
 *(.init)
 .init          0x0000000080004170        0xc d:/devkitpro/devkitppc/bin/../lib/gcc/powerpc-eabi/8.3.0/ecrti.o
                0x0000000080004170                __init
 .init          0x000000008000417c        0x4 d:/devkitpro/devkitppc/bin/../lib/gcc/powerpc-eabi/8.3.0/crtbegin.o
 .init          0x0000000080004180        0x4 d:/devkitpro/devkitppc/bin/../lib/gcc/powerpc-eabi/8.3.0/crtend.o
 .init          0x0000000080004184       0x10 d:/devkitpro/devkitppc/bin/../lib/gcc/powerpc-eabi/8.3.0/ecrtn.o

.rela.dyn       0x0000000080004194        0x0
 .rela.iplt     0x0000000080004194        0x0 D:/devkitPro/libogc/lib/wii\libbte.a(l2cap.o)

.plt
 *(.plt)

.interp
 *(.interp)

.hash
 *(.hash)

.dynsym
 *(.dynsym)

.dynstr
 *(.dynstr)

.gnu.version
 *(.gnu.version)

.gnu.version_d
 *(.gnu.version_d)

.gnu.version_r
 *(.gnu.version_r)

.rel.init
 *(.rel.init)

.rela.init      0x0000000080004194        0x0
 *(.rela.init)
 .rela.init     0x0000000080004194        0x0 D:/devkitPro/libogc/lib/wii\libbte.a(l2cap.o)

.rel.text
 *(.rel.text .rel.text.* .rel.gnu.linkonce.t.*)

.rela.text      0x0000000080004194        0x0
 *(.rela.text .rela.text.* .rela.gnu.linkonce.t.*)
 .rela.text.deregister_tm_clones
                0x0000000080004194        0x0 D:/devkitPro/libogc/lib/wii\libbte.a(l2cap.o)
 .rela.text.register_tm_clones
                0x0000000080004194        0x0 D:/devkitPro/libogc/lib/wii\libbte.a(l2cap.o)
 .rela.text.wiiuse_handshake
                0x0000000080004194        0x0 D:/devkitPro/libogc/lib/wii\libbte.a(l2cap.o)
 .rela.text.wiiuse_handshake_expansion
                0x0000000080004194        0x0 D:/devkitPro/libogc/lib/wii\libbte.a(l2cap.o)
 .rela.text.wiiuse_init_cmd_queue
                0x0000000080004194        0x0 D:/devkitPro/libogc/lib/wii\libbte.a(l2cap.o)
 .rela.text.wiiuse_init
                0x0000000080004194        0x0 D:/devkitPro/libogc/lib/wii\libbte.a(l2cap.o)
 .rela.text.__lwp_thread_tickle_timeslice
                0x0000000080004194        0x0 D:/devkitPro/libogc/lib/wii\libbte.a(l2cap.o)
 .rela.text.__lwp_thread_setstate
                0x0000000080004194        0x0 D:/devkitPro/libogc/lib/wii\libbte.a(l2cap.o)
 .rela.text.__lwp_thread_suspend
                0x0000000080004194        0x0 D:/devkitPro/libogc/lib/wii\libbte.a(l2cap.o)
 .rela.text.__lwp_thread_changepriority
                0x0000000080004194        0x0 D:/devkitPro/libogc/lib/wii\libbte.a(l2cap.o)
 .rela.text.__lwp_thread_ready
                0x0000000080004194        0x0 D:/devkitPro/libogc/lib/wii\libbte.a(l2cap.o)
 .rela.text.__lwp_thread_init
                0x0000000080004194        0x0 D:/devkitPro/libogc/lib/wii\libbte.a(l2cap.o)
 .rela.text.__lwp_thread_close
                0x0000000080004194        0x0 D:/devkitPro/libogc/lib/wii\libbte.a(l2cap.o)
 .rela.text.__lwp_thread_closeall
                0x0000000080004194        0x0 D:/devkitPro/libogc/lib/wii\libbte.a(l2cap.o)
 .rela.text.__lwp_thread_startmultitasking
                0x0000000080004194        0x0 D:/devkitPro/libogc/lib/wii\libbte.a(l2cap.o)
 .rela.text.__lwp_thread_stopmultitasking
                0x0000000080004194        0x0 D:/devkitPro/libogc/lib/wii\libbte.a(l2cap.o)
 .rela.text.__lwp_thread_coreinit
                0x0000000080004194        0x0 D:/devkitPro/libogc/lib/wii\libbte.a(l2cap.o)
 .rela.text.__lwp_sysinit
                0x0000000080004194        0x0 D:/devkitPro/libogc/lib/wii\libbte.a(l2cap.o)
 .rela.text.LWP_SuspendThread
                0x0000000080004194        0x0 D:/devkitPro/libogc/lib/wii\libbte.a(l2cap.o)
 .rela.text.LWP_ResumeThread
                0x0000000080004194        0x0 D:/devkitPro/libogc/lib/wii\libbte.a(l2cap.o)
 .rela.text.LWP_InitQueue
                0x0000000080004194        0x0 D:/devkitPro/libogc/lib/wii\libbte.a(l2cap.o)
 .rela.text.LWP_CloseQueue
                0x0000000080004194        0x0 D:/devkitPro/libogc/lib/wii\libbte.a(l2cap.o)
 .rela.text.LWP_ThreadSleep
                0x0000000080004194        0x0 D:/devkitPro/libogc/lib/wii\libbte.a(l2cap.o)
 .rela.text.LWP_ThreadBroadcast
                0x0000000080004194        0x0 D:/devkitPro/libogc/lib/wii\libbte.a(l2cap.o)
 .rela.text.LWP_ThreadSignal
                0x0000000080004194        0x0 D:/devkitPro/libogc/lib/wii\libbte.a(l2cap.o)
 .rela.text.__lwp_stack_allocate
                0x0000000080004194        0x0 D:/devkitPro/libogc/lib/wii\libbte.a(l2cap.o)
 .rela.text.__lwp_stack_free
                0x0000000080004194        0x0 D:/devkitPro/libogc/lib/wii\libbte.a(l2cap.o)
 .rela.text.__lwp_watchdog_init
                0x0000000080004194        0x0 D:/devkitPro/libogc/lib/wii\libbte.a(l2cap.o)
 .rela.text.__lwp_wd_tickle
                0x0000000080004194        0x0 D:/devkitPro/libogc/lib/wii\libbte.a(l2cap.o)
 .rela.text.__lwp_wkspace_init
                0x0000000080004194        0x0 D:/devkitPro/libogc/lib/wii\libbte.a(l2cap.o)
 .rela.text.__lwp_objmgr_initinfo
                0x0000000080004194        0x0 D:/devkitPro/libogc/lib/wii\libbte.a(l2cap.o)
 .rela.text.__irq_init
                0x0000000080004194        0x0 D:/devkitPro/libogc/lib/wii\libbte.a(l2cap.o)
 .rela.text.__call_resetfuncs
                0x0000000080004194        0x0 D:/devkitPro/libogc/lib/wii\libbte.a(l2cap.o)
 .rela.text.__unlocksram
                0x0000000080004194        0x0 D:/devkitPro/libogc/lib/wii\libbte.a(l2cap.o)
 .rela.text.__sram_writecallback
                0x0000000080004194        0x0 D:/devkitPro/libogc/lib/wii\libbte.a(l2cap.o)
 .rela.text.__sys_alarmhandler
                0x0000000080004194        0x0 D:/devkitPro/libogc/lib/wii\libbte.a(l2cap.o)
 .rela.text.__sram_read.constprop.11
                0x0000000080004194        0x0 D:/devkitPro/libogc/lib/wii\libbte.a(l2cap.o)
 .rela.text.SYS_Init
                0x0000000080004194        0x0 D:/devkitPro/libogc/lib/wii\libbte.a(l2cap.o)
 .rela.text.SYS_SetAlarm
                0x0000000080004194        0x0 D:/devkitPro/libogc/lib/wii\libbte.a(l2cap.o)
 .rela.text.SYS_SetPeriodicAlarm
                0x0000000080004194        0x0 D:/devkitPro/libogc/lib/wii\libbte.a(l2cap.o)
 .rela.text.SYS_RemoveAlarm
                0x0000000080004194        0x0 D:/devkitPro/libogc/lib/wii\libbte.a(l2cap.o)
 .rela.text.SYS_CancelAlarm
                0x0000000080004194        0x0 D:/devkitPro/libogc/lib/wii\libbte.a(l2cap.o)
 .rela.text.SYS_SetWirelessID
                0x0000000080004194        0x0 D:/devkitPro/libogc/lib/wii\libbte.a(l2cap.o)
 .rela.text.SYS_GetWirelessID
                0x0000000080004194        0x0 D:/devkitPro/libogc/lib/wii\libbte.a(l2cap.o)
 .rela.text.__lwp_cond_init
                0x0000000080004194        0x0 D:/devkitPro/libogc/lib/wii\libbte.a(l2cap.o)
 .rela.text.__GX_InitRevBits
                0x0000000080004194        0x0 D:/devkitPro/libogc/lib/wii\libbte.a(l2cap.o)
 .rela.text.__GX_CleanGPFifo
                0x0000000080004194        0x0 D:/devkitPro/libogc/lib/wii\libbte.a(l2cap.o)
 .rela.text.__GXDefTexRegionCallback
                0x0000000080004194        0x0 D:/devkitPro/libogc/lib/wii\libbte.a(l2cap.o)
 .rela.text.__GXDefTlutRegionCallback
                0x0000000080004194        0x0 D:/devkitPro/libogc/lib/wii\libbte.a(l2cap.o)
 .rela.text.__SetSURegs
                0x0000000080004194        0x0 D:/devkitPro/libogc/lib/wii\libbte.a(l2cap.o)
 .rela.text.__GXCPInterruptHandler
                0x0000000080004194        0x0 D:/devkitPro/libogc/lib/wii\libbte.a(l2cap.o)
 .rela.text.__GX_Abort
                0x0000000080004194        0x0 D:/devkitPro/libogc/lib/wii\libbte.a(l2cap.o)
 .rela.text.GX_SetTexCoordGen2.part.7
                0x0000000080004194        0x0 D:/devkitPro/libogc/lib/wii\libbte.a(l2cap.o)
 .rela.text.__GX_SetDirtyState
                0x0000000080004194        0x0 D:/devkitPro/libogc/lib/wii\libbte.a(l2cap.o)
 .rela.text.GX_SetCPUFifo
                0x0000000080004194        0x0 D:/devkitPro/libogc/lib/wii\libbte.a(l2cap.o)
 .rela.text.GX_SetGPFifo
                0x0000000080004194        0x0 D:/devkitPro/libogc/lib/wii\libbte.a(l2cap.o)
 .rela.text.GX_Flush
                0x0000000080004194        0x0 D:/devkitPro/libogc/lib/wii\libbte.a(l2cap.o)
 .rela.text.__gx_onreset
                0x0000000080004194        0x0 D:/devkitPro/libogc/lib/wii\libbte.a(l2cap.o)
 .rela.text.GX_AbortFrame
                0x0000000080004194        0x0 D:/devkitPro/libogc/lib/wii\libbte.a(l2cap.o)
 .rela.text.GX_SetDispCopyGamma
                0x0000000080004194        0x0 D:/devkitPro/libogc/lib/wii\libbte.a(l2cap.o)
 .rela.text.GX_SetDispCopyYScale
                0x0000000080004194        0x0 D:/devkitPro/libogc/lib/wii\libbte.a(l2cap.o)
 .rela.text.GX_SetDispCopyDst
                0x0000000080004194        0x0 D:/devkitPro/libogc/lib/wii\libbte.a(l2cap.o)
 .rela.text.GX_SetDispCopySrc
                0x0000000080004194        0x0 D:/devkitPro/libogc/lib/wii\libbte.a(l2cap.o)
 .rela.text.GX_CopyDisp
                0x0000000080004194        0x0 D:/devkitPro/libogc/lib/wii\libbte.a(l2cap.o)
 .rela.text.GX_BeginDispList
                0x0000000080004194        0x0 D:/devkitPro/libogc/lib/wii\libbte.a(l2cap.o)
 .rela.text.GX_EndDispList
                0x0000000080004194        0x0 D:/devkitPro/libogc/lib/wii\libbte.a(l2cap.o)
 .rela.text.GX_CallDispList
                0x0000000080004194        0x0 D:/devkitPro/libogc/lib/wii\libbte.a(l2cap.o)
 .rela.text.GX_SetVtxDesc
                0x0000000080004194        0x0 D:/devkitPro/libogc/lib/wii\libbte.a(l2cap.o)
 .rela.text.GX_SetVtxAttrFmt
                0x0000000080004194        0x0 D:/devkitPro/libogc/lib/wii\libbte.a(l2cap.o)
 .rela.text.GX_Begin
                0x0000000080004194        0x0 D:/devkitPro/libogc/lib/wii\libbte.a(l2cap.o)
 .rela.text.GX_SetNumTexGens
                0x0000000080004194        0x0 D:/devkitPro/libogc/lib/wii\libbte.a(l2cap.o)
 .rela.text.GX_SetZMode
                0x0000000080004194        0x0 D:/devkitPro/libogc/lib/wii\libbte.a(l2cap.o)
 .rela.text.GX_InvalidateTexAll
                0x0000000080004194        0x0 D:/devkitPro/libogc/lib/wii\libbte.a(l2cap.o)
 .rela.text.GX_SetBlendMode
                0x0000000080004194        0x0 D:/devkitPro/libogc/lib/wii\libbte.a(l2cap.o)
 .rela.text.GX_ClearVtxDesc
                0x0000000080004194        0x0 D:/devkitPro/libogc/lib/wii\libbte.a(l2cap.o)
 .rela.text.GX_SetTevColorOp
                0x0000000080004194        0x0 D:/devkitPro/libogc/lib/wii\libbte.a(l2cap.o)
 .rela.text.GX_SetTevAlphaOp
                0x0000000080004194        0x0 D:/devkitPro/libogc/lib/wii\libbte.a(l2cap.o)
 .rela.text.GX_SetTevOp
                0x0000000080004194        0x0 D:/devkitPro/libogc/lib/wii\libbte.a(l2cap.o)
 .rela.text.GX_SetCullMode
                0x0000000080004194        0x0 D:/devkitPro/libogc/lib/wii\libbte.a(l2cap.o)
 .rela.text.GX_SetScissor
                0x0000000080004194        0x0 D:/devkitPro/libogc/lib/wii\libbte.a(l2cap.o)
 .rela.text.GX_SetNumChans
                0x0000000080004194        0x0 D:/devkitPro/libogc/lib/wii\libbte.a(l2cap.o)
 .rela.text.GX_SetTevOrder
                0x0000000080004194        0x0 D:/devkitPro/libogc/lib/wii\libbte.a(l2cap.o)
 .rela.text.GX_SetTevKColorSel
                0x0000000080004194        0x0 D:/devkitPro/libogc/lib/wii\libbte.a(l2cap.o)
 .rela.text.GX_SetTevKAlphaSel
                0x0000000080004194        0x0 D:/devkitPro/libogc/lib/wii\libbte.a(l2cap.o)
 .rela.text.GX_SetTevSwapModeTable
                0x0000000080004194        0x0 D:/devkitPro/libogc/lib/wii\libbte.a(l2cap.o)
 .rela.text.GX_SetColorUpdate
                0x0000000080004194        0x0 D:/devkitPro/libogc/lib/wii\libbte.a(l2cap.o)
 .rela.text.GX_SetPixelFmt
                0x0000000080004194        0x0 D:/devkitPro/libogc/lib/wii\libbte.a(l2cap.o)
 .rela.text.GX_SetFieldMode
                0x0000000080004194        0x0 D:/devkitPro/libogc/lib/wii\libbte.a(l2cap.o)
 .rela.text.GX_SetGPMetric
                0x0000000080004194        0x0 D:/devkitPro/libogc/lib/wii\libbte.a(l2cap.o)
 .rela.text.GX_Init
                0x0000000080004194        0x0 D:/devkitPro/libogc/lib/wii\libbte.a(l2cap.o)
 .rela.text.c_decrementer_handler
                0x0000000080004194        0x0 D:/devkitPro/libogc/lib/wii\libbte.a(l2cap.o)
 .rela.text.__lwp_mqbox_init
                0x0000000080004194        0x0 D:/devkitPro/libogc/lib/wii\libbte.a(l2cap.o)
 .rela.text.__ios_ioctlvformat_parse
                0x0000000080004194        0x0 D:/devkitPro/libogc/lib/wii\libbte.a(l2cap.o)
 .rela.text.__ioctlvfmtCB
                0x0000000080004194        0x0 D:/devkitPro/libogc/lib/wii\libbte.a(l2cap.o)
 .rela.text.IOS_IoctlvFormat
                0x0000000080004194        0x0 D:/devkitPro/libogc/lib/wii\libbte.a(l2cap.o)
 .rela.text.__libogc_nanosleep
                0x0000000080004194        0x0 D:/devkitPro/libogc/lib/wii\libbte.a(l2cap.o)
 .rela.text.__libc_delete_hook
                0x0000000080004194        0x0 D:/devkitPro/libogc/lib/wii\libbte.a(l2cap.o)
 .rela.text.__libc_init
                0x0000000080004194        0x0 D:/devkitPro/libogc/lib/wii\libbte.a(l2cap.o)
 .rela.text.__CheckARGV
                0x0000000080004194        0x0 D:/devkitPro/libogc/lib/wii\libbte.a(l2cap.o)
 .rela.text.__lwp_priority_init
                0x0000000080004194        0x0 D:/devkitPro/libogc/lib/wii\libbte.a(l2cap.o)
 .rela.text.__lwp_threadqueue_enqueuefifo
                0x0000000080004194        0x0 D:/devkitPro/libogc/lib/wii\libbte.a(l2cap.o)
 .rela.text.__lwp_threadqueue_dequeuefifo
                0x0000000080004194        0x0 D:/devkitPro/libogc/lib/wii\libbte.a(l2cap.o)
 .rela.text.__lwp_threadqueue_enqueuepriority
                0x0000000080004194        0x0 D:/devkitPro/libogc/lib/wii\libbte.a(l2cap.o)
 .rela.text.__lwp_threadqueue_dequeuepriority
                0x0000000080004194        0x0 D:/devkitPro/libogc/lib/wii\libbte.a(l2cap.o)
 .rela.text.__lwp_threadqueue_enqueue
                0x0000000080004194        0x0 D:/devkitPro/libogc/lib/wii\libbte.a(l2cap.o)
 .rela.text.__lwp_threadqueue_extractfifo
                0x0000000080004194        0x0 D:/devkitPro/libogc/lib/wii\libbte.a(l2cap.o)
 .rela.text.__lwp_threadqueue_extractpriority
                0x0000000080004194        0x0 D:/devkitPro/libogc/lib/wii\libbte.a(l2cap.o)
 .rela.text.__exception_init
                0x0000000080004194        0x0 D:/devkitPro/libogc/lib/wii\libbte.a(l2cap.o)
 .rela.text.__exception_close
                0x0000000080004194        0x0 D:/devkitPro/libogc/lib/wii\libbte.a(l2cap.o)
 .rela.text     0x0000000080004194        0x0 D:/devkitPro/libogc/lib/wii\libbte.a(l2cap.o)
 .rela.text.__lwp_sema_init
                0x0000000080004194        0x0 D:/devkitPro/libogc/lib/wii\libbte.a(l2cap.o)
 .rela.text.__lwp_mutex_locksupp.constprop.8
                0x0000000080004194        0x0 D:/devkitPro/libogc/lib/wii\libbte.a(l2cap.o)
 .rela.text.__lwp_mutex_init
                0x0000000080004194        0x0 D:/devkitPro/libogc/lib/wii\libbte.a(l2cap.o)
 .rela.text.LWP_MutexInit
                0x0000000080004194        0x0 D:/devkitPro/libogc/lib/wii\libbte.a(l2cap.o)
 .rela.text.LWP_MutexDestroy
                0x0000000080004194        0x0 D:/devkitPro/libogc/lib/wii\libbte.a(l2cap.o)
 .rela.text.LWP_MutexUnlock
                0x0000000080004194        0x0 D:/devkitPro/libogc/lib/wii\libbte.a(l2cap.o)
 .rela.text.kprintf
                0x0000000080004194        0x0 D:/devkitPro/libogc/lib/wii\libbte.a(l2cap.o)
 .rela.text._Znwj
                0x0000000080004194        0x0 D:/devkitPro/libogc/lib/wii\libbte.a(l2cap.o)
 .rela.text._ZNSt9bad_allocD2Ev
                0x0000000080004194        0x0 D:/devkitPro/libogc/lib/wii\libbte.a(l2cap.o)
 .rela.text._ZNSt9bad_allocD0Ev
                0x0000000080004194        0x0 D:/devkitPro/libogc/lib/wii\libbte.a(l2cap.o)
 .rela.text.__gxx_personality_v0
                0x0000000080004194        0x0 D:/devkitPro/libogc/lib/wii\libbte.a(l2cap.o)
 .rela.text.__cxa_call_unexpected
                0x0000000080004194        0x0 D:/devkitPro/libogc/lib/wii\libbte.a(l2cap.o)
 .rela.text._ZN9__gnu_cxx24__concurrence_lock_errorD2Ev
                0x0000000080004194        0x0 D:/devkitPro/libogc/lib/wii\libbte.a(l2cap.o)
 .rela.text._ZN9__gnu_cxx26__concurrence_unlock_errorD2Ev
                0x0000000080004194        0x0 D:/devkitPro/libogc/lib/wii\libbte.a(l2cap.o)
 .rela.text._ZN9__gnu_cxx24__concurrence_lock_errorD0Ev
                0x0000000080004194        0x0 D:/devkitPro/libogc/lib/wii\libbte.a(l2cap.o)
 .rela.text._ZN9__gnu_cxx26__concurrence_unlock_errorD0Ev
                0x0000000080004194        0x0 D:/devkitPro/libogc/lib/wii\libbte.a(l2cap.o)
 .rela.text._ZN9__gnu_cxx30__throw_concurrence_lock_errorEv
                0x0000000080004194        0x0 D:/devkitPro/libogc/lib/wii\libbte.a(l2cap.o)
 .rela.text._ZN9__gnu_cxx32__throw_concurrence_unlock_errorEv
                0x0000000080004194        0x0 D:/devkitPro/libogc/lib/wii\libbte.a(l2cap.o)
 .rela.text._ZN10__cxxabiv120__si_class_type_infoD2Ev
                0x0000000080004194        0x0 D:/devkitPro/libogc/lib/wii\libbte.a(l2cap.o)
 .rela.text._ZN10__cxxabiv120__si_class_type_infoD0Ev
                0x0000000080004194        0x0 D:/devkitPro/libogc/lib/wii\libbte.a(l2cap.o)
 .rela.text._ZN10__cxxabiv117__class_type_infoD2Ev
                0x0000000080004194        0x0 D:/devkitPro/libogc/lib/wii\libbte.a(l2cap.o)
 .rela.text._ZN10__cxxabiv117__class_type_infoD0Ev
                0x0000000080004194        0x0 D:/devkitPro/libogc/lib/wii\libbte.a(l2cap.o)

.rel.fini
 *(.rel.fini)

.rela.fini
 *(.rela.fini)

.rel.rodata
 *(.rel.rodata .rel.rodata.* .rel.gnu.linkonce.r.*)

.rela.rodata    0x0000000080004194        0x0
 *(.rela.rodata .rela.rodata.* .rela.gnu.linkonce.r.*)
 .rela.rodata._ZTISt9bad_alloc
                0x0000000080004194        0x0 D:/devkitPro/libogc/lib/wii\libbte.a(l2cap.o)
 .rela.rodata._ZTVSt9bad_alloc
                0x0000000080004194        0x0 D:/devkitPro/libogc/lib/wii\libbte.a(l2cap.o)
 .rela.rodata._ZTISt13bad_exception
                0x0000000080004194        0x0 D:/devkitPro/libogc/lib/wii\libbte.a(l2cap.o)
 .rela.rodata._ZTVSt13bad_exception
                0x0000000080004194        0x0 D:/devkitPro/libogc/lib/wii\libbte.a(l2cap.o)
 .rela.rodata._ZTIN9__gnu_cxx24__concurrence_lock_errorE
                0x0000000080004194        0x0 D:/devkitPro/libogc/lib/wii\libbte.a(l2cap.o)
 .rela.rodata._ZTIN9__gnu_cxx26__concurrence_unlock_errorE
                0x0000000080004194        0x0 D:/devkitPro/libogc/lib/wii\libbte.a(l2cap.o)
 .rela.rodata._ZTVN9__gnu_cxx24__concurrence_lock_errorE
                0x0000000080004194        0x0 D:/devkitPro/libogc/lib/wii\libbte.a(l2cap.o)
 .rela.rodata._ZTVN9__gnu_cxx26__concurrence_unlock_errorE
                0x0000000080004194        0x0 D:/devkitPro/libogc/lib/wii\libbte.a(l2cap.o)
 .rela.rodata._ZTIN10__cxxabiv120__si_class_type_infoE
                0x0000000080004194        0x0 D:/devkitPro/libogc/lib/wii\libbte.a(l2cap.o)
 .rela.rodata._ZTVN10__cxxabiv120__si_class_type_infoE
                0x0000000080004194        0x0 D:/devkitPro/libogc/lib/wii\libbte.a(l2cap.o)
 .rela.rodata._ZTIN10__cxxabiv117__class_type_infoE
                0x0000000080004194        0x0 D:/devkitPro/libogc/lib/wii\libbte.a(l2cap.o)
 .rela.rodata._ZTVN10__cxxabiv117__class_type_infoE
                0x0000000080004194        0x0 D:/devkitPro/libogc/lib/wii\libbte.a(l2cap.o)

.rel.data
 *(.rel.data .rel.data.* .rel.gnu.linkonce.d.*)

.rela.data
 *(.rela.data .rela.data.* .rela.gnu.linkonce.d.*)

.rel.tdata
 *(.rel.tdata .rel.tdata.* .rel.gnu.linkonce.td.*)

.rela.tdata
 *(.rela.tdata .rela.tdata.* .rela.gnu.linkonce.td.*)

.rel.tbss
 *(.rel.tbss .rel.tbss.* .rel.gnu.linkonce.tb.*)

.rela.tbss
 *(.rela.tbss .rela.tbss.* .rela.gnu.linkonce.tb.*)

.rel.ctors
 *(.rel.ctors)

.rela.ctors
 *(.rela.ctors)

.rel.dtors
 *(.rel.dtors)

.rela.dtors
 *(.rela.dtors)

.rel.got
 *(.rel.got)

.rela.got
 *(.rela.got)

.rela.got1
 *(.rela.got1)

.rela.got2
 *(.rela.got2)

.rel.sdata
 *(.rel.sdata .rel.sdata.* .rel.gnu.linkonce.s.*)

.rela.sdata     0x0000000080004194        0x0
 *(.rela.sdata .rela.sdata.* .rela.gnu.linkonce.s.*)
 .rela.sdata._ZTISt9exception
                0x0000000080004194        0x0 D:/devkitPro/libogc/lib/wii\libbte.a(l2cap.o)
 .rela.sdata._ZTIN10__cxxabiv115__forced_unwindE
                0x0000000080004194        0x0 D:/devkitPro/libogc/lib/wii\libbte.a(l2cap.o)
 .rela.sdata._ZTIN10__cxxabiv119__foreign_exceptionE
                0x0000000080004194        0x0 D:/devkitPro/libogc/lib/wii\libbte.a(l2cap.o)
 .rela.sdata._ZTISt9type_info
                0x0000000080004194        0x0 D:/devkitPro/libogc/lib/wii\libbte.a(l2cap.o)

.rel.sbss
 *(.rel.sbss .rel.sbss.* .rel.gnu.linkonce.sb.*)

.rela.sbss
 *(.rela.sbss .rela.sbss.* .rel.gnu.linkonce.sb.*)

.rel.sdata2
 *(.rel.sdata2 .rel.sdata2.* .rel.gnu.linkonce.s2.*)

.rela.sdata2    0x0000000080004194        0x0
 *(.rela.sdata2 .rela.sdata2.* .rela.gnu.linkonce.s2.*)
 .rela.sdata2.__sys_inIPL
                0x0000000080004194        0x0 D:/devkitPro/libogc/lib/wii\libbte.a(l2cap.o)

.rel.sbss2
 *(.rel.sbss2 .rel.sbss2.* .rel.gnu.linkonce.sb2.*)

.rela.sbss2
 *(.rela.sbss2 .rela.sbss2.* .rela.gnu.linkonce.sb2.*)

.rel.bss
 *(.rel.bss .rel.bss.* .rel.gnu.linkonce.b.*)

.rela.bss
 *(.rela.bss .rela.bss.* .rela.gnu.linkonce.b.*)

.rel.plt
 *(.rel.plt)

.rela.plt
 *(.rela.plt)

.text           0x00000000800041a0    0x441c0
 *(.text)
 .text          0x00000000800041a0      0x44c D:/devkitPro/libogc/lib/wii\libogc.a(lwp_handler.o)
                0x00000000800041a0                _cpu_context_save_fp
                0x00000000800042e0                _cpu_context_restore_fp
                0x0000000080004420                _cpu_context_switch
                0x0000000080004500                _cpu_context_save
                0x0000000080004580                _cpu_context_restore
 .text          0x00000000800045ec      0x4f4 D:/devkitPro/libogc/lib/wii\libogc.a(cache_asm.o)
                0x00000000800045ec                DCFlashInvalidate
                0x0000000080004600                DCEnable
                0x0000000080004614                DCDisable
                0x0000000080004628                DCFreeze
                0x000000008000463c                DCUnfreeze
                0x0000000080004650                DCTouchLoad
                0x0000000080004658                DCBlockZero
                0x0000000080004660                DCBlockStore
                0x0000000080004668                DCBlockFlush
                0x0000000080004670                DCBlockInvalidate
                0x0000000080004678                DCInvalidateRange
                0x00000000800046a8                DCFlushRange
                0x00000000800046dc                DCStoreRange
                0x0000000080004710                DCFlushRangeNoSync
                0x0000000080004740                DCStoreRangeNoSync
                0x0000000080004770                DCZeroRange
                0x00000000800047a0                DCTouchRange
                0x00000000800047d0                ICInvalidateRange
                0x0000000080004808                ICFlashInvalidate
                0x000000008000481c                ICEnable
                0x0000000080004830                ICDisable
                0x0000000080004844                ICFreeze
                0x0000000080004858                ICUnfreeze
                0x000000008000486c                ICBlockInvalidate
                0x0000000080004874                ICSync
                0x000000008000487c                L2Init
                0x00000000800048c4                L2Enable
                0x00000000800048e0                L2Disable
                0x00000000800048f8                L2GlobalInvalidate
                0x0000000080004950                __LCEnable
                0x0000000080004a1c                LCDisable
                0x0000000080004a44                LCAllocOneTag
                0x0000000080004a58                LCAllocTags
                0x0000000080004a98                LCLoadBlocks
                0x0000000080004abc                LCStoreBlocks
 .text          0x0000000080004ae0      0x4a0 D:/devkitPro/libogc/lib/wii\libogc.a(system_asm.o)
                0x0000000080004ae0                __realmode
                0x0000000080004af8                __configBATS
                0x0000000080004c28                __InitFPRS
                0x0000000080004d54                __InitPS
                0x0000000080004db0                __InitCache
                0x0000000080004e08                __InitSystem
                0x0000000080004e90                __flush_cache
                0x0000000080004ec4                __reset
                0x0000000080004f34                __InitBATS
                0x0000000080004f50                SYS_SwitchFiber
 .text          0x0000000080004f80      0x8dc D:/devkitPro/libogc/lib/wii\libogc.a(gu_psasm.o)
                0x0000000080004f80                ps_guMtxConcat
                0x0000000080005044                ps_guMtxIdentity
                0x0000000080005070                ps_guMtxCopy
                0x00000000800050a4                ps_guMtxTranspose
                0x00000000800050f4                ps_guMtxInverse
                0x00000000800051ec                ps_guMtxInvXpose
                0x00000000800052b4                ps_guMtxScale
                0x00000000800052dc                ps_guMtxScaleApply
                0x0000000080005334                ps_guMtxApplyScale
                0x0000000080005398                ps_guMtxTrans
                0x00000000800053cc                ps_guMtxTransApply
                0x0000000080005418                ps_guMtxApplyTrans
                0x0000000080005494                ps_guMtxRotTrig
                0x0000000080005544                __ps_guMtxRotAxisRadInternal
                0x0000000080005604                ps_guMtxReflect
                0x0000000080005674                ps_guVecAdd
                0x0000000080005698                ps_guVecSub
                0x00000000800056bc                ps_guVecScale
                0x00000000800056d8                ps_guVecNormalize
                0x000000008000571c                ps_guVecCross
                0x0000000080005758                ps_guVecDotProduct
                0x0000000080005778                ps_guVecMultiply
                0x00000000800057cc                ps_guVecMultiplySR
                0x000000008000583c                ps_guQuatDotProduct
 .text          0x000000008000585c      0x1ac D:/devkitPro/libogc/lib/wii\libogc.a(irq_handler.o)
                0x000000008000585c                irq_exceptionhandler
 .text          0x0000000080005a08      0x1ac D:/devkitPro/libogc/lib/wii\libogc.a(decrementer_handler.o)
                0x0000000080005a08                dec_exceptionhandler
 .text          0x0000000080005bb4      0x35c D:/devkitPro/libogc/lib/wii\libogc.a(exception_handler.o)
                0x0000000080005bb4                exceptionhandler_start
                0x0000000080005c30                exceptionhandler_patch
                0x0000000080005c64                exceptionhandler_end
                0x0000000080005c68                default_exceptionhandler
                0x0000000080005d98                fpu_exceptionhandler
                0x0000000080005ee0                systemcallhandler_start
                0x0000000080005f0c                systemcallhandler_end
 .text          0x0000000080005f10       0x48 d:/devkitpro/devkitppc/bin/../lib/gcc/powerpc-eabi/8.3.0\libgcc.a(eabi.o)
                0x0000000080005f10                __eabi
 *(.text.*)
 .text.deregister_tm_clones
                0x0000000080005f58       0x30 d:/devkitpro/devkitppc/bin/../lib/gcc/powerpc-eabi/8.3.0/crtbegin.o
 .text.register_tm_clones
                0x0000000080005f88       0x3c d:/devkitpro/devkitppc/bin/../lib/gcc/powerpc-eabi/8.3.0/crtbegin.o
 .text.__do_global_dtors_aux
                0x0000000080005fc4       0xd0 d:/devkitpro/devkitppc/bin/../lib/gcc/powerpc-eabi/8.3.0/crtbegin.o
 .text.frame_dummy
                0x0000000080006094       0x44 d:/devkitpro/devkitppc/bin/../lib/gcc/powerpc-eabi/8.3.0/crtbegin.o
 .text.__crtmain
                0x00000000800060d8       0x44 d:/devkitpro/devkitppc/bin/../lib/gcc/powerpc-eabi/8.3.0/../../../../powerpc-eabi/lib/crtmain.o
                0x00000000800060dc                __crtmain
 .text._ZN5Input10InitializeEv
                0x000000008000611c       0x38 main.o
                0x000000008000611c                _ZN5Input10InitializeEv
 .text._ZN5Input14PollControllerEi
                0x0000000080006154       0x6c main.o
                0x0000000080006154                _ZN5Input14PollControllerEi
 .text.startup.main
                0x00000000800061c0      0x18c main.o
                0x00000000800061c0                main
 .text._ZN12DisplayModelC2Ev
                0x000000008000634c       0x54 displayModel.o
                0x000000008000634c                _ZN12DisplayModelC1Ev
                0x000000008000634c                _ZN12DisplayModelC2Ev
 .text._ZN12DisplayModel4drawEPA4_f
                0x00000000800063a0       0x54 displayModel.o
                0x00000000800063a0                _ZN12DisplayModel4drawEPA4_f
 .text._ZN8Renderer10InitializeEv
                0x00000000800063f4      0x1e4 graphics.o
                0x00000000800063f4                _ZN8Renderer10InitializeEv
 .text._ZN8Renderer21GetCurrentFrameBufferEv
                0x00000000800065d8       0x1c graphics.o
                0x00000000800065d8                _ZN8Renderer21GetCurrentFrameBufferEv
 .text._ZN8Renderer19SetProjectionMatrixEffff
                0x00000000800065f4       0x30 graphics.o
                0x00000000800065f4                _ZN8Renderer19SetProjectionMatrixEffff
 .text._ZN8Renderer26AllocatePyramidDisplayListEv
                0x0000000080006624      0x254 graphics.o
                0x0000000080006624                _ZN8Renderer26AllocatePyramidDisplayListEv
 .text._ZN8Renderer10BeginFrameEv
                0x0000000080006878       0x2c graphics.o
                0x0000000080006878                _ZN8Renderer10BeginFrameEv
 .text._ZN8Renderer8EndFrameEv
                0x00000000800068a4       0x84 graphics.o
                0x00000000800068a4                _ZN8Renderer8EndFrameEv
 .text._ZN8Renderer7DrawBoxEPjiiiii
                0x0000000080006928      0x148 graphics.o
                0x0000000080006928                _ZN8Renderer7DrawBoxEPjiiiii
 .text.__wpad_assign_slot
                0x0000000080006a70      0x210 D:/devkitPro/libogc/lib/wii\libwiiuse.a(wpad.o)
                0x0000000080006a70                __wpad_assign_slot
 .text.__wpad_def_powcb
                0x0000000080006c80        0x4 D:/devkitPro/libogc/lib/wii\libwiiuse.a(wpad.o)
 .text.__wpad_disconnect
                0x0000000080006c84       0x44 D:/devkitPro/libogc/lib/wii\libwiiuse.a(wpad.o)
 .text.__readlinkkey_finished
                0x0000000080006cc8       0x34 D:/devkitPro/libogc/lib/wii\libwiiuse.a(wpad.o)
 .text.__wpad_patch_finished
                0x0000000080006cfc       0x2c D:/devkitPro/libogc/lib/wii\libwiiuse.a(wpad.o)
 .text.__wpad_setfmt
                0x0000000080006d28      0x158 D:/devkitPro/libogc/lib/wii\libwiiuse.a(wpad.o)
 .text.__wpad_eventCB
                0x0000000080006e80      0xa1c D:/devkitPro/libogc/lib/wii\libwiiuse.a(wpad.o)
 .text.__wpad_disconnectCB
                0x000000008000789c       0xcc D:/devkitPro/libogc/lib/wii\libwiiuse.a(wpad.o)
                0x000000008000789c                __wpad_disconnectCB
 .text.__wpad_timeouthandler
                0x0000000080007968       0xb0 D:/devkitPro/libogc/lib/wii\libwiiuse.a(wpad.o)
 .text.__initcore_finished
                0x0000000080007a18       0x48 D:/devkitPro/libogc/lib/wii\libwiiuse.a(wpad.o)
 .text.__wpad_init_finished
                0x0000000080007a60      0x1ac D:/devkitPro/libogc/lib/wii\libwiiuse.a(wpad.o)
 .text.WPAD_ReadEvent
                0x0000000080007c0c      0x690 D:/devkitPro/libogc/lib/wii\libwiiuse.a(wpad.o)
                0x0000000080007c0c                WPAD_ReadEvent
 .text.WPAD_ReadPending
                0x000000008000829c      0x148 D:/devkitPro/libogc/lib/wii\libwiiuse.a(wpad.o)
                0x000000008000829c                WPAD_ReadPending
 .text.WPAD_ReadPending.part.5
                0x00000000800083e4       0x68 D:/devkitPro/libogc/lib/wii\libwiiuse.a(wpad.o)
 .text.WPAD_SetDataFormat
                0x000000008000844c      0x164 D:/devkitPro/libogc/lib/wii\libwiiuse.a(wpad.o)
                0x000000008000844c                WPAD_SetDataFormat
 .text.WPAD_SetVRes
                0x00000000800085b0      0x118 D:/devkitPro/libogc/lib/wii\libwiiuse.a(wpad.o)
                0x00000000800085b0                WPAD_SetVRes
 .text.WPAD_Shutdown
                0x00000000800086c8       0xc8 D:/devkitPro/libogc/lib/wii\libwiiuse.a(wpad.o)
                0x00000000800086c8                WPAD_Shutdown
 .text.WPAD_Init
                0x0000000080008790      0x2c4 D:/devkitPro/libogc/lib/wii\libwiiuse.a(wpad.o)
                0x0000000080008790                WPAD_Init
 .text.__wpad_onreset
                0x0000000080008a54       0x34 D:/devkitPro/libogc/lib/wii\libwiiuse.a(wpad.o)
 .text.WPAD_ScanPads
                0x0000000080008a88        0x8 D:/devkitPro/libogc/lib/wii\libwiiuse.a(wpad.o)
                0x0000000080008a88                WPAD_ScanPads
 .text.WPAD_ButtonsUp
                0x0000000080008a90       0x28 D:/devkitPro/libogc/lib/wii\libwiiuse.a(wpad.o)
                0x0000000080008a90                WPAD_ButtonsUp
 .text.WPAD_ButtonsDown
                0x0000000080008ab8       0x28 D:/devkitPro/libogc/lib/wii\libwiiuse.a(wpad.o)
                0x0000000080008ab8                WPAD_ButtonsDown
 .text.WPAD_ButtonsHeld
                0x0000000080008ae0       0x28 D:/devkitPro/libogc/lib/wii\libwiiuse.a(wpad.o)
                0x0000000080008ae0                WPAD_ButtonsHeld
 .text.WPAD_IR  0x0000000080008b08       0x4c D:/devkitPro/libogc/lib/wii\libwiiuse.a(wpad.o)
                0x0000000080008b08                WPAD_IR
 .text.motion_plus_disconnected
                0x0000000080008b54       0x10 D:/devkitPro/libogc/lib/wii\libwiiuse.a(motion_plus.o)
                0x0000000080008b54                motion_plus_disconnected
 .text.motion_plus_event
                0x0000000080008b64       0x64 D:/devkitPro/libogc/lib/wii\libwiiuse.a(motion_plus.o)
                0x0000000080008b64                motion_plus_event
 .text.apply_smoothing.part.0
                0x0000000080008bc8       0xa0 D:/devkitPro/libogc/lib/wii\libwiiuse.a(dynamics.o)
 .text.calculate_gforce
                0x0000000080008c68      0x114 D:/devkitPro/libogc/lib/wii\libwiiuse.a(dynamics.o)
                0x0000000080008c68                calculate_gforce
 .text.calc_joystick_state
                0x0000000080008d7c      0x20c D:/devkitPro/libogc/lib/wii\libwiiuse.a(dynamics.o)
                0x0000000080008d7c                calc_joystick_state
 .text.apply_smoothing
                0x0000000080008f88       0xa4 D:/devkitPro/libogc/lib/wii\libwiiuse.a(dynamics.o)
                0x0000000080008f88                apply_smoothing
 .text.calculate_orientation
                0x000000008000902c      0x31c D:/devkitPro/libogc/lib/wii\libwiiuse.a(dynamics.o)
                0x000000008000902c                calculate_orientation
 .text.calc_balanceboard_state
                0x0000000080009348      0x394 D:/devkitPro/libogc/lib/wii\libwiiuse.a(dynamics.o)
                0x0000000080009348                calc_balanceboard_state
 .text.wiiuse_handshake
                0x00000000800096dc      0x278 D:/devkitPro/libogc/lib/wii\libwiiuse.a(io.o)
                0x00000000800096dc                wiiuse_handshake
 .text.wiiuse_handshake_expansion
                0x0000000080009954      0x21c D:/devkitPro/libogc/lib/wii\libwiiuse.a(io.o)
                0x0000000080009954                wiiuse_handshake_expansion
 .text.wiiuse_handshake_expansion_start
                0x0000000080009b70       0x24 D:/devkitPro/libogc/lib/wii\libwiiuse.a(io.o)
                0x0000000080009b70                wiiuse_handshake_expansion_start
 .text.wiiuse_disable_expansion
                0x0000000080009b94      0x1b0 D:/devkitPro/libogc/lib/wii\libwiiuse.a(io.o)
                0x0000000080009b94                wiiuse_disable_expansion
 .text.__wiiuse_connected
                0x0000000080009d44       0x9c D:/devkitPro/libogc/lib/wii\libwiiuse.a(io_wii.o)
 .text.__wiiuse_disconnected
                0x0000000080009de0       0xb4 D:/devkitPro/libogc/lib/wii\libwiiuse.a(io_wii.o)
 .text.__wiiuse_receive
                0x0000000080009e94       0xd0 D:/devkitPro/libogc/lib/wii\libwiiuse.a(io_wii.o)
 .text.__wiiuse_sensorbar_enable
                0x0000000080009f64       0x54 D:/devkitPro/libogc/lib/wii\libwiiuse.a(io_wii.o)
                0x0000000080009f64                __wiiuse_sensorbar_enable
 .text.wiiuse_register
                0x0000000080009fb8       0xe4 D:/devkitPro/libogc/lib/wii\libwiiuse.a(io_wii.o)
                0x0000000080009fb8                wiiuse_register
 .text.wiiuse_disconnect
                0x000000008000a09c       0x24 D:/devkitPro/libogc/lib/wii\libwiiuse.a(io_wii.o)
                0x000000008000a09c                wiiuse_disconnect
 .text.wiiuse_init_cmd_queue
                0x000000008000a0c0       0x9c D:/devkitPro/libogc/lib/wii\libwiiuse.a(io_wii.o)
                0x000000008000a0c0                wiiuse_init_cmd_queue
 .text.wiiuse_io_write
                0x000000008000a15c       0x1c D:/devkitPro/libogc/lib/wii\libwiiuse.a(io_wii.o)
                0x000000008000a15c                wiiuse_io_write
 .text.get_ir_sens.isra.0
                0x000000008000a178       0xe4 D:/devkitPro/libogc/lib/wii\libwiiuse.a(ir.o)
 .text.rotate_dots
                0x000000008000a25c      0x114 D:/devkitPro/libogc/lib/wii\libwiiuse.a(ir.o)
 .text.wiiuse_set_ir_mode
                0x000000008000a370       0x88 D:/devkitPro/libogc/lib/wii\libwiiuse.a(ir.o)
                0x000000008000a370                wiiuse_set_ir_mode
 .text.wiiuse_set_ir
                0x000000008000a3f8      0x1f0 D:/devkitPro/libogc/lib/wii\libwiiuse.a(ir.o)
                0x000000008000a3f8                wiiuse_set_ir
 .text.wiiuse_set_ir_vres
                0x000000008000a5e8       0x1c D:/devkitPro/libogc/lib/wii\libwiiuse.a(ir.o)
                0x000000008000a5e8                wiiuse_set_ir_vres
 .text.wiiuse_set_ir_position
                0x000000008000a604       0x80 D:/devkitPro/libogc/lib/wii\libwiiuse.a(ir.o)
                0x000000008000a604                wiiuse_set_ir_position
 .text.wiiuse_set_aspect_ratio
                0x000000008000a684       0x44 D:/devkitPro/libogc/lib/wii\libwiiuse.a(ir.o)
                0x000000008000a684                wiiuse_set_aspect_ratio
 .text.wiiuse_set_ir_sensitivity
                0x000000008000a6c8       0xf4 D:/devkitPro/libogc/lib/wii\libwiiuse.a(ir.o)
                0x000000008000a6c8                wiiuse_set_ir_sensitivity
 .text.calculate_basic_ir
                0x000000008000a7bc       0xf8 D:/devkitPro/libogc/lib/wii\libwiiuse.a(ir.o)
                0x000000008000a7bc                calculate_basic_ir
 .text.calculate_extended_ir
                0x000000008000a8b4       0x64 D:/devkitPro/libogc/lib/wii\libwiiuse.a(ir.o)
                0x000000008000a8b4                calculate_extended_ir
 .text.find_sensorbar
                0x000000008000a918      0x9e0 D:/devkitPro/libogc/lib/wii\libwiiuse.a(ir.o)
                0x000000008000a918                find_sensorbar
 .text.apply_ir_smoothing
                0x000000008000b2f8      0x100 D:/devkitPro/libogc/lib/wii\libwiiuse.a(ir.o)
                0x000000008000b2f8                apply_ir_smoothing
 .text.interpret_ir_data
                0x000000008000b3f8      0x3b0 D:/devkitPro/libogc/lib/wii\libwiiuse.a(ir.o)
                0x000000008000b3f8                interpret_ir_data
 .text.nunchuk_handshake
                0x000000008000b7a8      0x2d0 D:/devkitPro/libogc/lib/wii\libwiiuse.a(nunchuk.o)
                0x000000008000b7a8                nunchuk_handshake
 .text.nunchuk_disconnected
                0x000000008000ba78        0xc D:/devkitPro/libogc/lib/wii\libwiiuse.a(nunchuk.o)
                0x000000008000ba78                nunchuk_disconnected
 .text.nunchuk_event
                0x000000008000ba84       0xe4 D:/devkitPro/libogc/lib/wii\libwiiuse.a(nunchuk.o)
                0x000000008000ba84                nunchuk_event
 .text.wii_board_handshake
                0x000000008000bb68      0x2c0 D:/devkitPro/libogc/lib/wii\libwiiuse.a(wiiboard.o)
                0x000000008000bb68                wii_board_handshake
 .text.wii_board_disconnected
                0x000000008000be28        0xc D:/devkitPro/libogc/lib/wii\libwiiuse.a(wiiboard.o)
                0x000000008000be28                wii_board_disconnected
 .text.wii_board_event
                0x000000008000be34       0x54 D:/devkitPro/libogc/lib/wii\libwiiuse.a(wiiboard.o)
                0x000000008000be34                wii_board_event
 .text.wiiuse_send_next_command.part.0
                0x000000008000be88       0x44 D:/devkitPro/libogc/lib/wii\libwiiuse.a(wiiuse.o)
 .text.wiiuse_send_next_command
                0x000000008000becc       0x18 D:/devkitPro/libogc/lib/wii\libwiiuse.a(wiiuse.o)
                0x000000008000becc                wiiuse_send_next_command
 .text.wiiuse_init
                0x000000008000bee4      0x208 D:/devkitPro/libogc/lib/wii\libwiiuse.a(wiiuse.o)
                0x000000008000bee4                wiiuse_init
 .text.wiiuse_set_flags
                0x000000008000c0ec       0x2c D:/devkitPro/libogc/lib/wii\libwiiuse.a(wiiuse.o)
                0x000000008000c0ec                wiiuse_set_flags
 .text.wiiuse_read_data
                0x000000008000c118      0x14c D:/devkitPro/libogc/lib/wii\libwiiuse.a(wiiuse.o)
                0x000000008000c118                wiiuse_read_data
 .text.wiiuse_write_data
                0x000000008000c264      0x180 D:/devkitPro/libogc/lib/wii\libwiiuse.a(wiiuse.o)
                0x000000008000c264                wiiuse_write_data
 .text.wiiuse_sendcmd
                0x000000008000c3e4      0x17c D:/devkitPro/libogc/lib/wii\libwiiuse.a(wiiuse.o)
                0x000000008000c3e4                wiiuse_sendcmd
 .text.wiiuse_set_report_type
                0x000000008000c560      0x144 D:/devkitPro/libogc/lib/wii\libwiiuse.a(wiiuse.o)
                0x000000008000c560                wiiuse_set_report_type
 .text.wiiuse_motion_sensing
                0x000000008000c6a4       0x84 D:/devkitPro/libogc/lib/wii\libwiiuse.a(wiiuse.o)
                0x000000008000c6a4                wiiuse_motion_sensing
 .text.wiiuse_status
                0x000000008000c728       0x4c D:/devkitPro/libogc/lib/wii\libwiiuse.a(wiiuse.o)
                0x000000008000c728                wiiuse_status
 .text.wiiuse_set_leds
                0x000000008000c774       0x50 D:/devkitPro/libogc/lib/wii\libwiiuse.a(wiiuse.o)
                0x000000008000c774                wiiuse_set_leds
 .text.wiiuse_set_speaker
                0x000000008000c7c4      0x230 D:/devkitPro/libogc/lib/wii\libwiiuse.a(speaker.o)
                0x000000008000c7c4                wiiuse_set_speaker
 .text.classic_ctrl_handshake
                0x000000008000c9f4      0x304 D:/devkitPro/libogc/lib/wii\libwiiuse.a(classic.o)
                0x000000008000c9f4                classic_ctrl_handshake
 .text.classic_ctrl_disconnected
                0x000000008000ccf8        0xc D:/devkitPro/libogc/lib/wii\libwiiuse.a(classic.o)
                0x000000008000ccf8                classic_ctrl_disconnected
 .text.classic_ctrl_event
                0x000000008000cd04      0x16c D:/devkitPro/libogc/lib/wii\libwiiuse.a(classic.o)
                0x000000008000cd04                classic_ctrl_event
 .text.handle_expansion
                0x000000008000ce70       0x54 D:/devkitPro/libogc/lib/wii\libwiiuse.a(events.o)
 .text.parse_event
                0x000000008000cec4      0x748 D:/devkitPro/libogc/lib/wii\libwiiuse.a(events.o)
                0x000000008000cec4                parse_event
 .text.guitar_hero_3_handshake
                0x000000008000d60c       0x5c D:/devkitPro/libogc/lib/wii\libwiiuse.a(guitar_hero_3.o)
                0x000000008000d60c                guitar_hero_3_handshake
 .text.guitar_hero_3_disconnected
                0x000000008000d668        0xc D:/devkitPro/libogc/lib/wii\libwiiuse.a(guitar_hero_3.o)
                0x000000008000d668                guitar_hero_3_disconnected
 .text.guitar_hero_3_event
                0x000000008000d674       0x6c D:/devkitPro/libogc/lib/wii\libwiiuse.a(guitar_hero_3.o)
                0x000000008000d674                guitar_hero_3_event
 .text.acl_wlp_completed
                0x000000008000d6e0        0x8 D:/devkitPro/libogc/lib/wii\libbte.a(bte.o)
                0x000000008000d6e0                acl_wlp_completed
 .text.bt_alarmhandler
                0x000000008000d6e8       0x60 D:/devkitPro/libogc/lib/wii\libbte.a(bte.o)
 .text.__bte_send_pending_request
                0x000000008000d748      0x104 D:/devkitPro/libogc/lib/wii\libbte.a(bte.o)
 .text.acl_conn_complete
                0x000000008000d84c       0x2c D:/devkitPro/libogc/lib/wii\libbte.a(bte.o)
                0x000000008000d84c                acl_conn_complete
 .text.bte_process_input
                0x000000008000d878      0x148 D:/devkitPro/libogc/lib/wii\libbte.a(bte.o)
 .text.l2cap_disconnect_cfm
                0x000000008000d9c0      0x19c D:/devkitPro/libogc/lib/wii\libbte.a(bte.o)
                0x000000008000d9c0                l2cap_disconnect_cfm
 .text.l2cap_accepted
                0x000000008000db5c      0x128 D:/devkitPro/libogc/lib/wii\libbte.a(bte.o)
                0x000000008000db5c                l2cap_accepted
 .text.l2cap_disconnected_ind
                0x000000008000dc84      0x1a4 D:/devkitPro/libogc/lib/wii\libbte.a(bte.o)
                0x000000008000dc84                l2cap_disconnected_ind
 .text.__bte_shutdown_finished
                0x000000008000de28       0xd0 D:/devkitPro/libogc/lib/wii\libbte.a(bte.o)
 .text.bte_hci_apply_patch_complete
                0x000000008000def8      0x160 D:/devkitPro/libogc/lib/wii\libbte.a(bte.o)
                0x000000008000def8                bte_hci_apply_patch_complete
 .text.bte_hci_patch_complete
                0x000000008000e058      0x378 D:/devkitPro/libogc/lib/wii\libbte.a(bte.o)
                0x000000008000e058                bte_hci_patch_complete
 .text.bte_hci_initcore_complete
                0x000000008000e3d0      0x28c D:/devkitPro/libogc/lib/wii\libbte.a(bte.o)
                0x000000008000e3d0                bte_hci_initcore_complete
 .text.bte_read_stored_link_key_complete
                0x000000008000e65c      0x26c D:/devkitPro/libogc/lib/wii\libbte.a(bte.o)
                0x000000008000e65c                bte_read_stored_link_key_complete
 .text.bte_hci_initcore_complete2
                0x000000008000e8c8      0x244 D:/devkitPro/libogc/lib/wii\libbte.a(bte.o)
 .text.bte_hci_initsub_complete
                0x000000008000eb0c      0x2b8 D:/devkitPro/libogc/lib/wii\libbte.a(bte.o)
                0x000000008000eb0c                bte_hci_initsub_complete
 .text.BTE_Init
                0x000000008000edc4      0x138 D:/devkitPro/libogc/lib/wii\libbte.a(bte.o)
                0x000000008000edc4                BTE_Init
 .text.BTE_Shutdown
                0x000000008000eefc      0x100 D:/devkitPro/libogc/lib/wii\libbte.a(bte.o)
                0x000000008000eefc                BTE_Shutdown
 .text.BTE_InitCore
                0x000000008000effc       0x90 D:/devkitPro/libogc/lib/wii\libbte.a(bte.o)
                0x000000008000effc                BTE_InitCore
 .text.BTE_ApplyPatch
                0x000000008000f08c       0xa8 D:/devkitPro/libogc/lib/wii\libbte.a(bte.o)
                0x000000008000f08c                BTE_ApplyPatch
 .text.BTE_InitSub
                0x000000008000f134       0x94 D:/devkitPro/libogc/lib/wii\libbte.a(bte.o)
                0x000000008000f134                BTE_InitSub
 .text.BTE_ReadStoredLinkKey
                0x000000008000f1c8       0x94 D:/devkitPro/libogc/lib/wii\libbte.a(bte.o)
                0x000000008000f1c8                BTE_ReadStoredLinkKey
 .text.BTE_SetDisconnectCallback
                0x000000008000f25c        0x4 D:/devkitPro/libogc/lib/wii\libbte.a(bte.o)
                0x000000008000f25c                BTE_SetDisconnectCallback
 .text.bte_new  0x000000008000f260       0x54 D:/devkitPro/libogc/lib/wii\libbte.a(bte.o)
                0x000000008000f260                bte_new
 .text.bte_registerdeviceasync
                0x000000008000f2b4      0x15c D:/devkitPro/libogc/lib/wii\libbte.a(bte.o)
                0x000000008000f2b4                bte_registerdeviceasync
 .text.bte_disconnect
                0x000000008000f410       0xd8 D:/devkitPro/libogc/lib/wii\libbte.a(bte.o)
                0x000000008000f410                bte_disconnect
 .text.bte_senddata
                0x000000008000f4e8       0xdc D:/devkitPro/libogc/lib/wii\libbte.a(bte.o)
                0x000000008000f4e8                bte_senddata
 .text.bte_arg  0x000000008000f5c4       0x38 D:/devkitPro/libogc/lib/wii\libbte.a(bte.o)
                0x000000008000f5c4                bte_arg
 .text.bte_received
                0x000000008000f5fc       0x38 D:/devkitPro/libogc/lib/wii\libbte.a(bte.o)
                0x000000008000f5fc                bte_received
 .text.bte_disconnected
                0x000000008000f634       0x38 D:/devkitPro/libogc/lib/wii\libbte.a(bte.o)
                0x000000008000f634                bte_disconnected
 .text.hci_get_link
                0x000000008000f66c       0x84 D:/devkitPro/libogc/lib/wii\libbte.a(hci.o)
 .text.hci_init
                0x000000008000f6f0       0x7c D:/devkitPro/libogc/lib/wii\libbte.a(hci.o)
                0x000000008000f6f0                hci_init
 .text.hci_new  0x000000008000f76c       0x48 D:/devkitPro/libogc/lib/wii\libbte.a(hci.o)
                0x000000008000f76c                hci_new
 .text.hci_close
                0x000000008000f7b4       0xd0 D:/devkitPro/libogc/lib/wii\libbte.a(hci.o)
                0x000000008000f7b4                hci_close
 .text.hci_reset_all
                0x000000008000f884       0xbc D:/devkitPro/libogc/lib/wii\libbte.a(hci.o)
                0x000000008000f884                hci_reset_all
 .text.hci_arg  0x000000008000f940        0xc D:/devkitPro/libogc/lib/wii\libbte.a(hci.o)
                0x000000008000f940                hci_arg
 .text.hci_cmd_complete
                0x000000008000f94c        0xc D:/devkitPro/libogc/lib/wii\libbte.a(hci.o)
                0x000000008000f94c                hci_cmd_complete
 .text.hci_connection_complete
                0x000000008000f958        0xc D:/devkitPro/libogc/lib/wii\libbte.a(hci.o)
                0x000000008000f958                hci_connection_complete
 .text.hci_wlp_complete
                0x000000008000f964        0xc D:/devkitPro/libogc/lib/wii\libbte.a(hci.o)
                0x000000008000f964                hci_wlp_complete
 .text.hci_reset
                0x000000008000f970       0xa8 D:/devkitPro/libogc/lib/wii\libbte.a(hci.o)
                0x000000008000f970                hci_reset
 .text.hci_read_buffer_size
                0x000000008000fa18       0xa8 D:/devkitPro/libogc/lib/wii\libbte.a(hci.o)
                0x000000008000fa18                hci_read_buffer_size
 .text.hci_read_bd_addr
                0x000000008000fac0       0xa8 D:/devkitPro/libogc/lib/wii\libbte.a(hci.o)
                0x000000008000fac0                hci_read_bd_addr
 .text.hci_read_local_version
                0x000000008000fb68       0xa4 D:/devkitPro/libogc/lib/wii\libbte.a(hci.o)
                0x000000008000fb68                hci_read_local_version
 .text.hci_read_local_features
                0x000000008000fc0c       0xa8 D:/devkitPro/libogc/lib/wii\libbte.a(hci.o)
                0x000000008000fc0c                hci_read_local_features
 .text.hci_read_stored_link_key
                0x000000008000fcb4       0xfc D:/devkitPro/libogc/lib/wii\libbte.a(hci.o)
                0x000000008000fcb4                hci_read_stored_link_key
 .text.hci_write_page_timeout
                0x000000008000fdb0       0xcc D:/devkitPro/libogc/lib/wii\libbte.a(hci.o)
                0x000000008000fdb0                hci_write_page_timeout
 .text.hci_write_scan_enable
                0x000000008000fe7c       0xb8 D:/devkitPro/libogc/lib/wii\libbte.a(hci.o)
                0x000000008000fe7c                hci_write_scan_enable
 .text.hci_accecpt_conn_request
                0x000000008000ff34       0xdc D:/devkitPro/libogc/lib/wii\libbte.a(hci.o)
                0x000000008000ff34                hci_accecpt_conn_request
 .text.hci_write_local_name
                0x0000000080010010       0xd4 D:/devkitPro/libogc/lib/wii\libbte.a(hci.o)
                0x0000000080010010                hci_write_local_name
 .text.hci_write_pin_type
                0x00000000800100e4       0xb8 D:/devkitPro/libogc/lib/wii\libbte.a(hci.o)
                0x00000000800100e4                hci_write_pin_type
 .text.hci_write_inquiry_mode
                0x000000008001019c       0xb8 D:/devkitPro/libogc/lib/wii\libbte.a(hci.o)
                0x000000008001019c                hci_write_inquiry_mode
 .text.hci_write_page_scan_type
                0x0000000080010254       0xb8 D:/devkitPro/libogc/lib/wii\libbte.a(hci.o)
                0x0000000080010254                hci_write_page_scan_type
 .text.hci_write_inquiry_scan_type
                0x000000008001030c       0xb8 D:/devkitPro/libogc/lib/wii\libbte.a(hci.o)
                0x000000008001030c                hci_write_inquiry_scan_type
 .text.hci_vendor_specific_command
                0x00000000800103c4       0xe4 D:/devkitPro/libogc/lib/wii\libbte.a(hci.o)
                0x00000000800103c4                hci_vendor_specific_command
 .text.hci_write_link_policy_settings
                0x00000000800104a8      0x100 D:/devkitPro/libogc/lib/wii\libbte.a(hci.o)
                0x00000000800104a8                hci_write_link_policy_settings
 .text.hci_pin_code_request_neg_reply
                0x00000000800105a8       0xc8 D:/devkitPro/libogc/lib/wii\libbte.a(hci.o)
                0x00000000800105a8                hci_pin_code_request_neg_reply
 .text.hci_link_key_req_neg_reply
                0x0000000080010670       0xc8 D:/devkitPro/libogc/lib/wii\libbte.a(hci.o)
                0x0000000080010670                hci_link_key_req_neg_reply
 .text.hci_disconnect
                0x0000000080010738       0xf8 D:/devkitPro/libogc/lib/wii\libbte.a(hci.o)
                0x0000000080010738                hci_disconnect
 .text.hci_write_cod
                0x0000000080010830       0xc8 D:/devkitPro/libogc/lib/wii\libbte.a(hci.o)
                0x0000000080010830                hci_write_cod
 .text.hci_host_buffer_size
                0x00000000800108f8      0x108 D:/devkitPro/libogc/lib/wii\libbte.a(hci.o)
                0x00000000800108f8                hci_host_buffer_size
 .text.hci_host_num_comp_packets
                0x0000000080010a00      0x104 D:/devkitPro/libogc/lib/wii\libbte.a(hci.o)
                0x0000000080010a00                hci_host_num_comp_packets
 .text.lp_pdu_maxsize
                0x0000000080010b04        0xc D:/devkitPro/libogc/lib/wii\libbte.a(hci.o)
                0x0000000080010b04                lp_pdu_maxsize
 .text.lp_acl_write
                0x0000000080010b10      0x154 D:/devkitPro/libogc/lib/wii\libbte.a(hci.o)
                0x0000000080010b10                lp_acl_write
 .text.lp_write_flush_timeout
                0x0000000080010c64      0x100 D:/devkitPro/libogc/lib/wii\libbte.a(hci.o)
                0x0000000080010c64                lp_write_flush_timeout
 .text.hci_event_handler
                0x0000000080010d64      0xbf4 D:/devkitPro/libogc/lib/wii\libbte.a(hci.o)
                0x0000000080010d64                hci_event_handler
 .text.hci_acldata_handler
                0x0000000080011958      0x12c D:/devkitPro/libogc/lib/wii\libbte.a(hci.o)
                0x0000000080011958                hci_acldata_handler
 .text.l2cap_init
                0x0000000080011a84       0x60 D:/devkitPro/libogc/lib/wii\libbte.a(l2cap.o)
                0x0000000080011a84                l2cap_init
 .text.l2cap_write
                0x0000000080011ae4      0x1a8 D:/devkitPro/libogc/lib/wii\libbte.a(l2cap.o)
                0x0000000080011ae4                l2cap_write
 .text.l2cap_new
                0x0000000080011c8c       0x6c D:/devkitPro/libogc/lib/wii\libbte.a(l2cap.o)
                0x0000000080011c8c                l2cap_new
 .text.l2cap_close
                0x0000000080011cf8      0x1d4 D:/devkitPro/libogc/lib/wii\libbte.a(l2cap.o)
                0x0000000080011cf8                l2cap_close
 .text.l2cap_reset_all
                0x0000000080011ecc      0x154 D:/devkitPro/libogc/lib/wii\libbte.a(l2cap.o)
                0x0000000080011ecc                l2cap_reset_all
 .text.l2cap_signal
                0x0000000080012020      0x210 D:/devkitPro/libogc/lib/wii\libbte.a(l2cap.o)
                0x0000000080012020                l2cap_signal
 .text.l2ca_config_req
                0x0000000080012230      0x160 D:/devkitPro/libogc/lib/wii\libbte.a(l2cap.o)
                0x0000000080012230                l2ca_config_req
 .text.l2ca_disconnect_req
                0x0000000080012390       0xc4 D:/devkitPro/libogc/lib/wii\libbte.a(l2cap.o)
                0x0000000080012390                l2ca_disconnect_req
 .text.l2cap_tmr
                0x0000000080012454      0x284 D:/devkitPro/libogc/lib/wii\libbte.a(l2cap.o)
                0x0000000080012454                l2cap_tmr
 .text.l2cap_process_sig
                0x00000000800126d8     0x11d4 D:/devkitPro/libogc/lib/wii\libbte.a(l2cap.o)
                0x00000000800126d8                l2cap_process_sig
 .text.l2cap_input
                0x00000000800138ac      0x5ac D:/devkitPro/libogc/lib/wii\libbte.a(l2cap.o)
                0x00000000800138ac                l2cap_input
 .text.l2ca_datawrite
                0x0000000080013e58      0x118 D:/devkitPro/libogc/lib/wii\libbte.a(l2cap.o)
                0x0000000080013e58                l2ca_datawrite
 .text.lp_connect_cfm
                0x0000000080013f70      0x184 D:/devkitPro/libogc/lib/wii\libbte.a(l2cap.o)
                0x0000000080013f70                lp_connect_cfm
 .text.lp_connect_ind
                0x00000000800140f4        0x4 D:/devkitPro/libogc/lib/wii\libbte.a(l2cap.o)
                0x00000000800140f4                lp_connect_ind
 .text.lp_disconnect_ind
                0x00000000800140f8      0x12c D:/devkitPro/libogc/lib/wii\libbte.a(l2cap.o)
                0x00000000800140f8                lp_disconnect_ind
 .text.l2cap_disconnect_bb
                0x0000000080014224       0x10 D:/devkitPro/libogc/lib/wii\libbte.a(l2cap.o)
                0x0000000080014224                l2cap_disconnect_bb
 .text.l2cap_arg
                0x0000000080014234        0x8 D:/devkitPro/libogc/lib/wii\libbte.a(l2cap.o)
                0x0000000080014234                l2cap_arg
 .text.l2cap_connect_ind
                0x000000008001423c      0x100 D:/devkitPro/libogc/lib/wii\libbte.a(l2cap.o)
                0x000000008001423c                l2cap_connect_ind
 .text.l2cap_disconnect_ind
                0x000000008001433c        0x8 D:/devkitPro/libogc/lib/wii\libbte.a(l2cap.o)
                0x000000008001433c                l2cap_disconnect_ind
 .text.l2cap_recv
                0x0000000080014344        0x8 D:/devkitPro/libogc/lib/wii\libbte.a(l2cap.o)
                0x0000000080014344                l2cap_recv
 .text.btmemb_init
                0x000000008001434c       0x24 D:/devkitPro/libogc/lib/wii\libbte.a(btmemb.o)
                0x000000008001434c                btmemb_init
 .text.btmemb_alloc
                0x0000000080014370       0xa8 D:/devkitPro/libogc/lib/wii\libbte.a(btmemb.o)
                0x0000000080014370                btmemb_alloc
 .text.btmemb_free
                0x0000000080014418       0xa8 D:/devkitPro/libogc/lib/wii\libbte.a(btmemb.o)
                0x0000000080014418                btmemb_free
 .text.plug_holes
                0x00000000800144c0       0xb8 D:/devkitPro/libogc/lib/wii\libbte.a(btmemr.o)
 .text.btmemr_free.part.0
                0x0000000080014578       0x78 D:/devkitPro/libogc/lib/wii\libbte.a(btmemr.o)
 .text.btmemr_init
                0x00000000800145f0       0x98 D:/devkitPro/libogc/lib/wii\libbte.a(btmemr.o)
                0x00000000800145f0                btmemr_init
 .text.btmemr_malloc
                0x0000000080014688      0x178 D:/devkitPro/libogc/lib/wii\libbte.a(btmemr.o)
                0x0000000080014688                btmemr_malloc
 .text.btmemr_free
                0x0000000080014800       0x28 D:/devkitPro/libogc/lib/wii\libbte.a(btmemr.o)
                0x0000000080014800                btmemr_free
 .text.btmemr_realloc
                0x0000000080014828      0x10c D:/devkitPro/libogc/lib/wii\libbte.a(btmemr.o)
                0x0000000080014828                btmemr_realloc
 .text.btpbuf_cat.part.0
                0x0000000080014934       0x68 D:/devkitPro/libogc/lib/wii\libbte.a(btpbuf.o)
 .text.btpbuf_init
                0x000000008001499c       0x28 D:/devkitPro/libogc/lib/wii\libbte.a(btpbuf.o)
                0x000000008001499c                btpbuf_init
 .text.btpbuf_free
                0x00000000800149c4      0x124 D:/devkitPro/libogc/lib/wii\libbte.a(btpbuf.o)
                0x00000000800149c4                btpbuf_free
 .text.btpbuf_alloc
                0x0000000080014ae8      0x25c D:/devkitPro/libogc/lib/wii\libbte.a(btpbuf.o)
                0x0000000080014ae8                btpbuf_alloc
 .text.btpbuf_realloc
                0x0000000080014d44       0xec D:/devkitPro/libogc/lib/wii\libbte.a(btpbuf.o)
                0x0000000080014d44                btpbuf_realloc
 .text.btpbuf_header
                0x0000000080014e30       0x90 D:/devkitPro/libogc/lib/wii\libbte.a(btpbuf.o)
                0x0000000080014e30                btpbuf_header
 .text.btpbuf_ref
                0x0000000080014ec0       0x48 D:/devkitPro/libogc/lib/wii\libbte.a(btpbuf.o)
                0x0000000080014ec0                btpbuf_ref
 .text.btpbuf_chain
                0x0000000080014f08       0x8c D:/devkitPro/libogc/lib/wii\libbte.a(btpbuf.o)
                0x0000000080014f08                btpbuf_chain
 .text.btpbuf_dechain
                0x0000000080014f94       0x7c D:/devkitPro/libogc/lib/wii\libbte.a(btpbuf.o)
                0x0000000080014f94                btpbuf_dechain
 .text.btpbuf_take
                0x0000000080015010      0x13c D:/devkitPro/libogc/lib/wii\libbte.a(btpbuf.o)
                0x0000000080015010                btpbuf_take
 .text.__usb_closeCB
                0x000000008001514c       0x10 D:/devkitPro/libogc/lib/wii\libbte.a(physbusif.o)
 .text.__writebulkmsgCB
                0x000000008001515c       0x3c D:/devkitPro/libogc/lib/wii\libbte.a(physbusif.o)
 .text.__writectrlmsgCB
                0x0000000080015198       0x3c D:/devkitPro/libogc/lib/wii\libbte.a(physbusif.o)
 .text.__issue_intrread.part.0
                0x00000000800151d4       0x80 D:/devkitPro/libogc/lib/wii\libbte.a(physbusif.o)
 .text.__readintrdataCB
                0x0000000080015254      0x150 D:/devkitPro/libogc/lib/wii\libbte.a(physbusif.o)
 .text.__issue_bulkread.part.2
                0x00000000800153a4       0x80 D:/devkitPro/libogc/lib/wii\libbte.a(physbusif.o)
 .text.__readbulkdataCB
                0x0000000080015424      0x150 D:/devkitPro/libogc/lib/wii\libbte.a(physbusif.o)
 .text.physbusif_init
                0x0000000080015574      0x1dc D:/devkitPro/libogc/lib/wii\libbte.a(physbusif.o)
                0x0000000080015574                physbusif_init
 .text.physbusif_close
                0x0000000080015750       0x20 D:/devkitPro/libogc/lib/wii\libbte.a(physbusif.o)
                0x0000000080015750                physbusif_close
 .text.physbusif_shutdown
                0x0000000080015770       0x24 D:/devkitPro/libogc/lib/wii\libbte.a(physbusif.o)
                0x0000000080015770                physbusif_shutdown
 .text.physbusif_reset_all
                0x0000000080015794        0x4 D:/devkitPro/libogc/lib/wii\libbte.a(physbusif.o)
                0x0000000080015794                physbusif_reset_all
 .text.physbusif_output
                0x0000000080015798      0x1b4 D:/devkitPro/libogc/lib/wii\libbte.a(physbusif.o)
                0x0000000080015798                physbusif_output
 .text.__lwp_queue_initialize
                0x000000008001594c       0x60 D:/devkitPro/libogc/lib/wii\libogc.a(lwp_queue.o)
                0x000000008001594c                __lwp_queue_initialize
 .text.__lwp_queue_get
                0x00000000800159ac       0x74 D:/devkitPro/libogc/lib/wii\libogc.a(lwp_queue.o)
                0x00000000800159ac                __lwp_queue_get
 .text.__lwp_queue_append
                0x0000000080015a20       0x4c D:/devkitPro/libogc/lib/wii\libogc.a(lwp_queue.o)
                0x0000000080015a20                __lwp_queue_append
 .text.__lwp_isr_in_progress
                0x0000000080015a6c        0x8 D:/devkitPro/libogc/lib/wii\libogc.a(lwp_threads.o)
                0x0000000080015a6c                __lwp_isr_in_progress
 .text.__thread_dispatch_fp
                0x0000000080015a74       0x88 D:/devkitPro/libogc/lib/wii\libogc.a(lwp_threads.o)
                0x0000000080015a74                __thread_dispatch_fp
 .text.__thread_dispatch
                0x0000000080015afc      0x110 D:/devkitPro/libogc/lib/wii\libogc.a(lwp_threads.o)
                0x0000000080015afc                __thread_dispatch
 .text.__lwp_thread_resettimeslice
                0x0000000080015c0c       0xec D:/devkitPro/libogc/lib/wii\libogc.a(lwp_threads.o)
                0x0000000080015c0c                __lwp_thread_resettimeslice
 .text.__lwp_thread_tickle_timeslice
                0x0000000080015cf8       0xcc D:/devkitPro/libogc/lib/wii\libogc.a(lwp_threads.o)
                0x0000000080015cf8                __lwp_thread_tickle_timeslice
 .text.__lwp_thread_setstate
                0x0000000080015dc4      0x178 D:/devkitPro/libogc/lib/wii\libogc.a(lwp_threads.o)
                0x0000000080015dc4                __lwp_thread_setstate
 .text.__lwp_thread_clearstate
                0x0000000080015f3c       0xe4 D:/devkitPro/libogc/lib/wii\libogc.a(lwp_threads.o)
                0x0000000080015f3c                __lwp_thread_clearstate
 .text.__lwp_thread_delayended
                0x0000000080016020       0x48 D:/devkitPro/libogc/lib/wii\libogc.a(lwp_threads.o)
                0x0000000080016020                __lwp_thread_delayended
 .text.__lwp_thread_suspend
                0x0000000080016068      0x188 D:/devkitPro/libogc/lib/wii\libogc.a(lwp_threads.o)
                0x0000000080016068                __lwp_thread_suspend
 .text.__lwp_thread_settransient
                0x00000000800161f0       0xb4 D:/devkitPro/libogc/lib/wii\libogc.a(lwp_threads.o)
                0x00000000800161f0                __lwp_thread_settransient
 .text.__lwp_thread_changepriority
                0x00000000800162a4      0x1f8 D:/devkitPro/libogc/lib/wii\libogc.a(lwp_threads.o)
                0x00000000800162a4                __lwp_thread_changepriority
 .text.__lwp_thread_resume
                0x000000008001649c      0x130 D:/devkitPro/libogc/lib/wii\libogc.a(lwp_threads.o)
                0x000000008001649c                __lwp_thread_resume
 .text.__lwp_thread_ready
                0x00000000800165cc       0xf4 D:/devkitPro/libogc/lib/wii\libogc.a(lwp_threads.o)
                0x00000000800165cc                __lwp_thread_ready
 .text.__lwp_thread_init
                0x00000000800166c0      0x180 D:/devkitPro/libogc/lib/wii\libogc.a(lwp_threads.o)
                0x00000000800166c0                __lwp_thread_init
 .text.__lwp_thread_close
                0x0000000080016840      0x130 D:/devkitPro/libogc/lib/wii\libogc.a(lwp_threads.o)
                0x0000000080016840                __lwp_thread_close
 .text.__lwp_thread_closeall
                0x0000000080016970       0xb8 D:/devkitPro/libogc/lib/wii\libogc.a(lwp_threads.o)
                0x0000000080016970                __lwp_thread_closeall
 .text.__lwp_thread_exit
                0x0000000080016a28       0x5c D:/devkitPro/libogc/lib/wii\libogc.a(lwp_threads.o)
                0x0000000080016a28                __lwp_thread_exit
 .text.__lwp_thread_handler
                0x0000000080016a84       0xb4 D:/devkitPro/libogc/lib/wii\libogc.a(lwp_threads.o)
 .text.__lwp_thread_start
                0x0000000080016b38       0xec D:/devkitPro/libogc/lib/wii\libogc.a(lwp_threads.o)
                0x0000000080016b38                __lwp_thread_start
 .text.__lwp_thread_startmultitasking
                0x0000000080016c24       0xb0 D:/devkitPro/libogc/lib/wii\libogc.a(lwp_threads.o)
                0x0000000080016c24                __lwp_thread_startmultitasking
 .text.__lwp_thread_stopmultitasking
                0x0000000080016cd4       0x58 D:/devkitPro/libogc/lib/wii\libogc.a(lwp_threads.o)
                0x0000000080016cd4                __lwp_thread_stopmultitasking
 .text.__lwp_thread_coreinit
                0x0000000080016d2c       0xb0 D:/devkitPro/libogc/lib/wii\libogc.a(lwp_threads.o)
                0x0000000080016d2c                __lwp_thread_coreinit
 .text.idle_func
                0x0000000080016ddc        0x4 D:/devkitPro/libogc/lib/wii\libogc.a(lwp.o)
 .text.__lwp_sysinit
                0x0000000080016de0      0x118 D:/devkitPro/libogc/lib/wii\libogc.a(lwp.o)
                0x0000000080016de0                __lwp_sysinit
 .text.LWP_SuspendThread
                0x0000000080016ef8       0xc0 D:/devkitPro/libogc/lib/wii\libogc.a(lwp.o)
                0x0000000080016ef8                LWP_SuspendThread
 .text.LWP_ResumeThread
                0x0000000080016fb8       0xc4 D:/devkitPro/libogc/lib/wii\libogc.a(lwp.o)
                0x0000000080016fb8                LWP_ResumeThread
 .text.LWP_GetSelf
                0x000000008001707c       0x28 D:/devkitPro/libogc/lib/wii\libogc.a(lwp.o)
                0x000000008001707c                LWP_GetSelf
 .text.LWP_InitQueue
                0x00000000800170a4      0x150 D:/devkitPro/libogc/lib/wii\libogc.a(lwp.o)
                0x00000000800170a4                LWP_InitQueue
 .text.LWP_CloseQueue
                0x00000000800171f4       0xd4 D:/devkitPro/libogc/lib/wii\libogc.a(lwp.o)
                0x00000000800171f4                LWP_CloseQueue
 .text.LWP_ThreadSleep
                0x00000000800172c8      0x110 D:/devkitPro/libogc/lib/wii\libogc.a(lwp.o)
                0x00000000800172c8                LWP_ThreadSleep
 .text.LWP_ThreadBroadcast
                0x00000000800173d8       0x88 D:/devkitPro/libogc/lib/wii\libogc.a(lwp.o)
                0x00000000800173d8                LWP_ThreadBroadcast
 .text.LWP_ThreadSignal
                0x0000000080017460       0x74 D:/devkitPro/libogc/lib/wii\libogc.a(lwp.o)
                0x0000000080017460                LWP_ThreadSignal
 .text.__lwp_stack_allocate
                0x00000000800174d4       0x60 D:/devkitPro/libogc/lib/wii\libogc.a(lwp_stack.o)
                0x00000000800174d4                __lwp_stack_allocate
 .text.__lwp_stack_free
                0x0000000080017534       0x1c D:/devkitPro/libogc/lib/wii\libogc.a(lwp_stack.o)
                0x0000000080017534                __lwp_stack_free
 .text.__lwp_wd_settimer.isra.4
                0x0000000080017550       0xd8 D:/devkitPro/libogc/lib/wii\libogc.a(lwp_watchdog.o)
 .text.__lwp_watchdog_init
                0x0000000080017628       0x2c D:/devkitPro/libogc/lib/wii\libogc.a(lwp_watchdog.o)
                0x0000000080017628                __lwp_watchdog_init
 .text.__lwp_wd_insert
                0x0000000080017654      0x1e4 D:/devkitPro/libogc/lib/wii\libogc.a(lwp_watchdog.o)
                0x0000000080017654                __lwp_wd_insert
 .text.__lwp_wd_remove
                0x0000000080017838      0x144 D:/devkitPro/libogc/lib/wii\libogc.a(lwp_watchdog.o)
                0x0000000080017838                __lwp_wd_remove
 .text.__lwp_wd_tickle
                0x000000008001797c      0x120 D:/devkitPro/libogc/lib/wii\libogc.a(lwp_watchdog.o)
                0x000000008001797c                __lwp_wd_tickle
 .text.__lwp_wkspace_init
                0x0000000080017a9c       0xc4 D:/devkitPro/libogc/lib/wii\libogc.a(lwp_wkspace.o)
                0x0000000080017a9c                __lwp_wkspace_init
 .text.__lwp_objmgr_initinfo
                0x0000000080017b60      0x1a4 D:/devkitPro/libogc/lib/wii\libogc.a(lwp_objmgr.o)
                0x0000000080017b60                __lwp_objmgr_initinfo
 .text.__lwp_objmgr_getisrdisable
                0x0000000080017d04       0x60 D:/devkitPro/libogc/lib/wii\libogc.a(lwp_objmgr.o)
                0x0000000080017d04                __lwp_objmgr_getisrdisable
 .text.__lwp_objmgr_getnoprotection
                0x0000000080017d64       0x24 D:/devkitPro/libogc/lib/wii\libogc.a(lwp_objmgr.o)
                0x0000000080017d64                __lwp_objmgr_getnoprotection
 .text.__lwp_objmgr_get
                0x0000000080017d88       0x70 D:/devkitPro/libogc/lib/wii\libogc.a(lwp_objmgr.o)
                0x0000000080017d88                __lwp_objmgr_get
 .text.__lwp_objmgr_allocate
                0x0000000080017df8       0x88 D:/devkitPro/libogc/lib/wii\libogc.a(lwp_objmgr.o)
                0x0000000080017df8                __lwp_objmgr_allocate
 .text.__lwp_objmgr_free
                0x0000000080017e80       0x60 D:/devkitPro/libogc/lib/wii\libogc.a(lwp_objmgr.o)
                0x0000000080017e80                __lwp_objmgr_free
 .text.__lwp_heap_init
                0x0000000080017ee0       0xa4 D:/devkitPro/libogc/lib/wii\libogc.a(lwp_heap.o)
                0x0000000080017ee0                __lwp_heap_init
 .text.__lwp_heap_allocate
                0x0000000080017f84      0x16c D:/devkitPro/libogc/lib/wii\libogc.a(lwp_heap.o)
                0x0000000080017f84                __lwp_heap_allocate
 .text.__lwp_heap_free
                0x00000000800180f0      0x1c0 D:/devkitPro/libogc/lib/wii\libogc.a(lwp_heap.o)
                0x00000000800180f0                __lwp_heap_free
 .text.__SetInterrupts
                0x00000000800182b0      0x298 D:/devkitPro/libogc/lib/wii\libogc.a(irq.o)
 .text.c_irqdispatcher
                0x0000000080018548      0x27c D:/devkitPro/libogc/lib/wii\libogc.a(irq.o)
                0x0000000080018548                c_irqdispatcher
 .text.__UnmaskIrq
                0x00000000800187c4       0x84 D:/devkitPro/libogc/lib/wii\libogc.a(irq.o)
                0x00000000800187c4                __UnmaskIrq
 .text.__MaskIrq
                0x0000000080018848       0x84 D:/devkitPro/libogc/lib/wii\libogc.a(irq.o)
                0x0000000080018848                __MaskIrq
 .text.__irq_init
                0x00000000800188cc       0x9c D:/devkitPro/libogc/lib/wii\libogc.a(irq.o)
                0x00000000800188cc                __irq_init
 .text.IRQ_Request
                0x0000000080018968       0x50 D:/devkitPro/libogc/lib/wii\libogc.a(irq.o)
                0x0000000080018968                IRQ_Request
 .text.IRQ_GetHandler
                0x00000000800189b8       0x44 D:/devkitPro/libogc/lib/wii\libogc.a(irq.o)
                0x00000000800189b8                IRQ_GetHandler
 .text.IRQ_Disable
                0x00000000800189fc       0x1c D:/devkitPro/libogc/lib/wii\libogc.a(irq.o)
                0x00000000800189fc                IRQ_Disable
 .text.IRQ_Restore
                0x0000000080018a18       0x1c D:/devkitPro/libogc/lib/wii\libogc.a(irq.o)
                0x0000000080018a18                IRQ_Restore
 .text.__VISendI2CData.constprop.2
                0x0000000080018a34      0x42c D:/devkitPro/libogc/lib/wii\libogc.a(video.o)
 .text.__VIWriteI2CRegister16
                0x0000000080018e60       0x38 D:/devkitPro/libogc/lib/wii\libogc.a(video.o)
 .text.__VIWriteI2CRegister8
                0x0000000080018e98       0x38 D:/devkitPro/libogc/lib/wii\libogc.a(video.o)
 .text.__VISetYUVSEL
                0x0000000080018ed0       0x68 D:/devkitPro/libogc/lib/wii\libogc.a(video.o)
 .text.VIDEO_Configure
                0x0000000080018f38      0x7c8 D:/devkitPro/libogc/lib/wii\libogc.a(video.o)
                0x0000000080018f38                VIDEO_Configure
 .text.VIDEO_WaitVSync
                0x0000000080019700       0x74 D:/devkitPro/libogc/lib/wii\libogc.a(video.o)
                0x0000000080019700                VIDEO_WaitVSync
 .text.VIDEO_SetFramebuffer
                0x0000000080019774      0x23c D:/devkitPro/libogc/lib/wii\libogc.a(video.o)
                0x0000000080019774                VIDEO_SetFramebuffer
 .text.VIDEO_SetNextFramebuffer
                0x00000000800199b0      0x1b4 D:/devkitPro/libogc/lib/wii\libogc.a(video.o)
                0x00000000800199b0                VIDEO_SetNextFramebuffer
 .text.VIDEO_Flush
                0x0000000080019b64      0x134 D:/devkitPro/libogc/lib/wii\libogc.a(video.o)
                0x0000000080019b64                VIDEO_Flush
 .text.VIDEO_SetBlack
                0x0000000080019c98      0x144 D:/devkitPro/libogc/lib/wii\libogc.a(video.o)
                0x0000000080019c98                VIDEO_SetBlack
 .text.VIDEO_GetCurrentTvMode
                0x0000000080019ddc       0x78 D:/devkitPro/libogc/lib/wii\libogc.a(video.o)
                0x0000000080019ddc                VIDEO_GetCurrentTvMode
 .text.__VIRetraceHandler
                0x0000000080019e54      0x294 D:/devkitPro/libogc/lib/wii\libogc.a(video.o)
 .text.__VISetupEncoder
                0x000000008001a0e8      0x1fc D:/devkitPro/libogc/lib/wii\libogc.a(video.o)
 .text.VIDEO_Init
                0x000000008001a2e4      0x4e0 D:/devkitPro/libogc/lib/wii\libogc.a(video.o)
                0x000000008001a2e4                VIDEO_Init
 .text.VIDEO_GetPreferredMode
                0x000000008001a7c4      0x100 D:/devkitPro/libogc/lib/wii\libogc.a(video.o)
                0x000000008001a7c4                VIDEO_GetPreferredMode
 .text.VIDEO_GetCurrentLine
                0x000000008001a8c4       0x9c D:/devkitPro/libogc/lib/wii\libogc.a(video.o)
                0x000000008001a8c4                VIDEO_GetCurrentLine
 .text.VIDEO_GetFrameBufferSize
                0x000000008001a960       0x30 D:/devkitPro/libogc/lib/wii\libogc.a(video.o)
                0x000000008001a960                VIDEO_GetFrameBufferSize
 .text.__call_resetfuncs
                0x000000008001a990       0xbc D:/devkitPro/libogc/lib/wii\libogc.a(system.o)
 .text.__MEMInterruptHandler
                0x000000008001aa4c       0x14 D:/devkitPro/libogc/lib/wii\libogc.a(system.o)
 .text.__RSWDefaultHandler
                0x000000008001aa60        0x4 D:/devkitPro/libogc/lib/wii\libogc.a(system.o)
 .text.__POWDefaultHandler
                0x000000008001aa64        0x4 D:/devkitPro/libogc/lib/wii\libogc.a(system.o)
 .text.__getrtc
                0x000000008001aa68      0x164 D:/devkitPro/libogc/lib/wii\libogc.a(system.o)
 .text.__sram_write
                0x000000008001abcc      0x128 D:/devkitPro/libogc/lib/wii\libogc.a(system.o)
 .text.__unlocksram
                0x000000008001acf4      0x17c D:/devkitPro/libogc/lib/wii\libogc.a(system.o)
 .text.__sram_writecallback
                0x000000008001ae70       0x54 D:/devkitPro/libogc/lib/wii\libogc.a(system.o)
 .text.__mem_onreset
                0x000000008001aec4       0x48 D:/devkitPro/libogc/lib/wii\libogc.a(system.o)
 .text.__sys_alarmhandler
                0x000000008001af0c       0xf0 D:/devkitPro/libogc/lib/wii\libogc.a(system.o)
 .text.__STMEventHandler
                0x000000008001affc      0x104 D:/devkitPro/libogc/lib/wii\libogc.a(system.o)
 .text.__sram_read.constprop.11
                0x000000008001b100      0x140 D:/devkitPro/libogc/lib/wii\libogc.a(system.o)
 .text.__SYS_GetRTC
                0x000000008001b240       0xd0 D:/devkitPro/libogc/lib/wii\libogc.a(system.o)
                0x000000008001b240                __SYS_GetRTC
 .text.__SYS_GetIPCBufferLo
                0x000000008001b310        0x8 D:/devkitPro/libogc/lib/wii\libogc.a(system.o)
                0x000000008001b310                __SYS_GetIPCBufferLo
 .text.__SYS_GetIPCBufferHi
                0x000000008001b318        0x8 D:/devkitPro/libogc/lib/wii\libogc.a(system.o)
                0x000000008001b318                __SYS_GetIPCBufferHi
 .text.__SYS_DoPowerCB
                0x000000008001b320       0x74 D:/devkitPro/libogc/lib/wii\libogc.a(system.o)
                0x000000008001b320                __SYS_DoPowerCB
 .text.__SYS_PreInit
                0x000000008001b394        0x4 D:/devkitPro/libogc/lib/wii\libogc.a(system.o)
                0x000000008001b394                __SYS_PreInit
 .text.SYS_ResetButtonDown
                0x000000008001b398       0x18 D:/devkitPro/libogc/lib/wii\libogc.a(system.o)
                0x000000008001b398                SYS_ResetButtonDown
 .text.SYS_ResetSystem
                0x000000008001b3b0      0x214 D:/devkitPro/libogc/lib/wii\libogc.a(system.o)
                0x000000008001b3b0                SYS_ResetSystem
 .text.__reload
                0x000000008001b5c4       0x80 D:/devkitPro/libogc/lib/wii\libogc.a(system.o)
                0x000000008001b5c4                __reload
 .text.__libogc_exit
                0x000000008001b644       0x88 D:/devkitPro/libogc/lib/wii\libogc.a(system.o)
                0x000000008001b644                __libogc_exit
 .text.SYS_RegisterResetFunc
                0x000000008001b6cc       0x78 D:/devkitPro/libogc/lib/wii\libogc.a(system.o)
                0x000000008001b6cc                SYS_RegisterResetFunc
 .text.SYS_Init
                0x000000008001b744      0x69c D:/devkitPro/libogc/lib/wii\libogc.a(system.o)
                0x000000008001b744                SYS_Init
 .text.SYS_SetArena1Lo
                0x000000008001bde0       0x38 D:/devkitPro/libogc/lib/wii\libogc.a(system.o)
                0x000000008001bde0                SYS_SetArena1Lo
 .text.SYS_GetArena1Lo
                0x000000008001be18       0x38 D:/devkitPro/libogc/lib/wii\libogc.a(system.o)
                0x000000008001be18                SYS_GetArena1Lo
 .text.SYS_GetArena1Hi
                0x000000008001be50       0x38 D:/devkitPro/libogc/lib/wii\libogc.a(system.o)
                0x000000008001be50                SYS_GetArena1Hi
 .text.SYS_SetArena2Lo
                0x000000008001be88       0x38 D:/devkitPro/libogc/lib/wii\libogc.a(system.o)
                0x000000008001be88                SYS_SetArena2Lo
 .text.SYS_GetArena2Lo
                0x000000008001bec0       0x38 D:/devkitPro/libogc/lib/wii\libogc.a(system.o)
                0x000000008001bec0                SYS_GetArena2Lo
 .text.SYS_SetArena2Hi
                0x000000008001bef8       0x38 D:/devkitPro/libogc/lib/wii\libogc.a(system.o)
                0x000000008001bef8                SYS_SetArena2Hi
 .text.SYS_GetArena2Hi
                0x000000008001bf30       0x38 D:/devkitPro/libogc/lib/wii\libogc.a(system.o)
                0x000000008001bf30                SYS_GetArena2Hi
 .text.SYS_AllocateFramebuffer
                0x000000008001bf68       0x28 D:/devkitPro/libogc/lib/wii\libogc.a(system.o)
                0x000000008001bf68                SYS_AllocateFramebuffer
 .text.SYS_CreateAlarm
                0x000000008001bf90      0x120 D:/devkitPro/libogc/lib/wii\libogc.a(system.o)
                0x000000008001bf90                SYS_CreateAlarm
 .text.SYS_SetAlarm
                0x000000008001c0b0      0x1d0 D:/devkitPro/libogc/lib/wii\libogc.a(system.o)
                0x000000008001c0b0                SYS_SetAlarm
 .text.SYS_SetPeriodicAlarm
                0x000000008001c280      0x214 D:/devkitPro/libogc/lib/wii\libogc.a(system.o)
                0x000000008001c280                SYS_SetPeriodicAlarm
 .text.SYS_RemoveAlarm
                0x000000008001c494      0x128 D:/devkitPro/libogc/lib/wii\libogc.a(system.o)
                0x000000008001c494                SYS_RemoveAlarm
 .text.SYS_CancelAlarm
                0x000000008001c5bc       0xd0 D:/devkitPro/libogc/lib/wii\libogc.a(system.o)
                0x000000008001c5bc                SYS_CancelAlarm
 .text.SYS_SetWirelessID
                0x000000008001c68c       0x94 D:/devkitPro/libogc/lib/wii\libogc.a(system.o)
                0x000000008001c68c                SYS_SetWirelessID
 .text.SYS_GetWirelessID
                0x000000008001c720       0xa0 D:/devkitPro/libogc/lib/wii\libogc.a(system.o)
                0x000000008001c720                SYS_GetWirelessID
 .text.SYS_GetHollywoodRevision
                0x000000008001c7c0       0x3c D:/devkitPro/libogc/lib/wii\libogc.a(system.o)
                0x000000008001c7c0                SYS_GetHollywoodRevision
 .text.SYS_Time
                0x000000008001c7fc       0x78 D:/devkitPro/libogc/lib/wii\libogc.a(system.o)
                0x000000008001c7fc                SYS_Time
 .text.__SYS_SetBootTime
                0x000000008001c874       0x20 D:/devkitPro/libogc/lib/wii\libogc.a(system.o)
                0x000000008001c874                __SYS_SetBootTime
 .text.SYS_PreMain
                0x000000008001c894       0x58 D:/devkitPro/libogc/lib/wii\libogc.a(system.o)
                0x000000008001c894                SYS_PreMain
 .text.__lwp_cond_init
                0x000000008001c8ec       0x14 D:/devkitPro/libogc/lib/wii\libogc.a(cond.o)
                0x000000008001c8ec                __lwp_cond_init
 .text.__GX_InitRevBits
                0x000000008001c900       0x9c D:/devkitPro/libogc/lib/wii\libogc.a(gx.o)
 .text.__GX_SaveFifo
                0x000000008001c99c      0x164 D:/devkitPro/libogc/lib/wii\libogc.a(gx.o)
 .text.__GX_CleanGPFifo
                0x000000008001cb00      0x19c D:/devkitPro/libogc/lib/wii\libogc.a(gx.o)
 .text.__GXTokenInterruptHandler
                0x000000008001cc9c       0x68 D:/devkitPro/libogc/lib/wii\libogc.a(gx.o)
 .text.__GXDefTexRegionCallback
                0x000000008001cd04       0x78 D:/devkitPro/libogc/lib/wii\libogc.a(gx.o)
 .text.__GXDefTlutRegionCallback
                0x000000008001cd7c       0x18 D:/devkitPro/libogc/lib/wii\libogc.a(gx.o)
 .text.__SetSURegs
                0x000000008001cd94       0x90 D:/devkitPro/libogc/lib/wii\libogc.a(gx.o)
 .text.__GXCPInterruptHandler
                0x000000008001ce24      0x17c D:/devkitPro/libogc/lib/wii\libogc.a(gx.o)
 .text.__GXFinishInterruptHandler
                0x000000008001cfa0       0x58 D:/devkitPro/libogc/lib/wii\libogc.a(gx.o)
 .text.__GX_WaitAbort
                0x000000008001cff8       0xa0 D:/devkitPro/libogc/lib/wii\libogc.a(gx.o)
 .text.__GX_Abort
                0x000000008001d098      0x12c D:/devkitPro/libogc/lib/wii\libogc.a(gx.o)
 .text.__GX_CPGPLinkCheck
                0x000000008001d1c4       0x54 D:/devkitPro/libogc/lib/wii\libogc.a(gx.o)
 .text.GX_InitFifoBase.part.3
                0x000000008001d218       0x6c D:/devkitPro/libogc/lib/wii\libogc.a(gx.o)
 .text.GX_SetTexCoordGen2.part.7
                0x000000008001d284      0x2b8 D:/devkitPro/libogc/lib/wii\libogc.a(gx.o)
 .text.GX_SetTexCoordGen.part.8
                0x000000008001d53c        0xc D:/devkitPro/libogc/lib/wii\libogc.a(gx.o)
 .text.GX_LoadTexMtxImm.part.9
                0x000000008001d548       0x3c D:/devkitPro/libogc/lib/wii\libogc.a(gx.o)
 .text.__GX_SetDirtyState
                0x000000008001d584      0x608 D:/devkitPro/libogc/lib/wii\libogc.a(gx.o)
 .text.GX_SetCPUFifo
                0x000000008001db8c      0x258 D:/devkitPro/libogc/lib/wii\libogc.a(gx.o)
                0x000000008001db8c                GX_SetCPUFifo
 .text.GX_SetGPFifo
                0x000000008001dde4      0x2fc D:/devkitPro/libogc/lib/wii\libogc.a(gx.o)
                0x000000008001dde4                GX_SetGPFifo
 .text.GX_Flush
                0x000000008001e0e0       0x94 D:/devkitPro/libogc/lib/wii\libogc.a(gx.o)
                0x000000008001e0e0                GX_Flush
 .text.GX_GetCPUFifo.part.4
                0x000000008001e174       0x90 D:/devkitPro/libogc/lib/wii\libogc.a(gx.o)
 .text.__gx_onreset
                0x000000008001e204       0x80 D:/devkitPro/libogc/lib/wii\libogc.a(gx.o)
 .text.GX_AbortFrame
                0x000000008001e284       0x54 D:/devkitPro/libogc/lib/wii\libogc.a(gx.o)
                0x000000008001e284                GX_AbortFrame
 .text.GX_DrawDone
                0x000000008001e2d8       0xc0 D:/devkitPro/libogc/lib/wii\libogc.a(gx.o)
                0x000000008001e2d8                GX_DrawDone
 .text.GX_SetViewport
                0x000000008001e398       0x78 D:/devkitPro/libogc/lib/wii\libogc.a(gx.o)
                0x000000008001e398                GX_SetViewport
 .text.GX_LoadProjectionMtx
                0x000000008001e410       0xf0 D:/devkitPro/libogc/lib/wii\libogc.a(gx.o)
                0x000000008001e410                GX_LoadProjectionMtx
 .text.GX_SetCopyClear
                0x000000008001e500       0x4c D:/devkitPro/libogc/lib/wii\libogc.a(gx.o)
                0x000000008001e500                GX_SetCopyClear
 .text.GX_SetDispCopyGamma
                0x000000008001e54c       0x18 D:/devkitPro/libogc/lib/wii\libogc.a(gx.o)
                0x000000008001e54c                GX_SetDispCopyGamma
 .text.GX_SetCopyFilter
                0x000000008001e564      0x240 D:/devkitPro/libogc/lib/wii\libogc.a(gx.o)
                0x000000008001e564                GX_SetCopyFilter
 .text.GX_SetDispCopyYScale
                0x000000008001e7a4      0x104 D:/devkitPro/libogc/lib/wii\libogc.a(gx.o)
                0x000000008001e7a4                GX_SetDispCopyYScale
 .text.GX_SetDispCopyDst
                0x000000008001e8a8       0x20 D:/devkitPro/libogc/lib/wii\libogc.a(gx.o)
                0x000000008001e8a8                GX_SetDispCopyDst
 .text.GX_SetDispCopySrc
                0x000000008001e8c8       0x38 D:/devkitPro/libogc/lib/wii\libogc.a(gx.o)
                0x000000008001e8c8                GX_SetDispCopySrc
 .text.GX_CopyDisp
                0x000000008001e900      0x12c D:/devkitPro/libogc/lib/wii\libogc.a(gx.o)
                0x000000008001e900                GX_CopyDisp
 .text.GX_BeginDispList
                0x000000008001ea2c       0xec D:/devkitPro/libogc/lib/wii\libogc.a(gx.o)
                0x000000008001ea2c                GX_BeginDispList
 .text.GX_EndDispList
                0x000000008001eb18       0xd4 D:/devkitPro/libogc/lib/wii\libogc.a(gx.o)
                0x000000008001eb18                GX_EndDispList
 .text.GX_CallDispList
                0x000000008001ebec      0x12c D:/devkitPro/libogc/lib/wii\libogc.a(gx.o)
                0x000000008001ebec                GX_CallDispList
 .text.GX_SetVtxDesc
                0x000000008001ed18      0x1f8 D:/devkitPro/libogc/lib/wii\libogc.a(gx.o)
                0x000000008001ed18                GX_SetVtxDesc
 .text.GX_SetVtxAttrFmt
                0x000000008001ef10      0x54c D:/devkitPro/libogc/lib/wii\libogc.a(gx.o)
                0x000000008001ef10                GX_SetVtxAttrFmt
 .text.GX_Begin
                0x000000008001f45c       0x74 D:/devkitPro/libogc/lib/wii\libogc.a(gx.o)
                0x000000008001f45c                GX_Begin
 .text.GX_LoadPosMtxImm
                0x000000008001f4d0       0x50 D:/devkitPro/libogc/lib/wii\libogc.a(gx.o)
                0x000000008001f4d0                GX_LoadPosMtxImm
 .text.GX_SetNumTexGens
                0x000000008001f520       0x28 D:/devkitPro/libogc/lib/wii\libogc.a(gx.o)
                0x000000008001f520                GX_SetNumTexGens
 .text.GX_SetZMode
                0x000000008001f548       0x38 D:/devkitPro/libogc/lib/wii\libogc.a(gx.o)
                0x000000008001f548                GX_SetZMode
 .text.GX_InvalidateTexAll
                0x000000008001f580       0x50 D:/devkitPro/libogc/lib/wii\libogc.a(gx.o)
                0x000000008001f580                GX_InvalidateTexAll
 .text.GX_SetBlendMode
                0x000000008001f5d0       0xa8 D:/devkitPro/libogc/lib/wii\libogc.a(gx.o)
                0x000000008001f5d0                GX_SetBlendMode
 .text.GX_ClearVtxDesc
                0x000000008001f678       0x38 D:/devkitPro/libogc/lib/wii\libogc.a(gx.o)
                0x000000008001f678                GX_ClearVtxDesc
 .text.GX_SetTevColorOp
                0x000000008001f6b0       0x98 D:/devkitPro/libogc/lib/wii\libogc.a(gx.o)
                0x000000008001f6b0                GX_SetTevColorOp
 .text.GX_SetTevAlphaOp
                0x000000008001f748       0x98 D:/devkitPro/libogc/lib/wii\libogc.a(gx.o)
                0x000000008001f748                GX_SetTevAlphaOp
 .text.GX_SetTevOp
                0x000000008001f7e0      0x248 D:/devkitPro/libogc/lib/wii\libogc.a(gx.o)
                0x000000008001f7e0                GX_SetTevOp
 .text.GX_SetCullMode
                0x000000008001fa28       0x2c D:/devkitPro/libogc/lib/wii\libogc.a(gx.o)
                0x000000008001fa28                GX_SetCullMode
 .text.GX_SetScissor
                0x000000008001fa54       0x78 D:/devkitPro/libogc/lib/wii\libogc.a(gx.o)
                0x000000008001fa54                GX_SetScissor
 .text.GX_SetNumChans
                0x000000008001facc       0x28 D:/devkitPro/libogc/lib/wii\libogc.a(gx.o)
                0x000000008001facc                GX_SetNumChans
 .text.GX_SetTevOrder